Component: ARM Compiler 5.06 update 7 (build 960) Tool: armlink [4d3601]

==============================================================================

Section Cross References

    main.o(i.main) refers to system_swm181.o(i.SystemInit) for SystemInit
    main.o(i.main) refers to uart.o(i.Uart_Init) for Uart_Init
    main.o(i.main) refers to uart.o(i.UART0_printf) for UART0_printf
    main.o(i.main) refers to led.o(i.Led_Init) for Led_Init
    main.o(i.main) refers to swm181_gpio.o(i.GPIO_SetBit) for GPIO_SetBit
    main.o(i.main) refers to swm181_gpio.o(i.GPIO_ClrBit) for GPIO_ClrBit
    main.o(i.main) refers to main.o(i.__NVIC_SetPriority) for __NVIC_SetPriority
    main.o(i.main) refers to system_swm181.o(.data) for SystemCoreClock
    irq.o(i.IRQ0_Handler) refers to swm181_uart.o(i.UART_INTRXThresholdStat) for UART_INTRXThresholdStat
    irq.o(i.IRQ0_Handler) refers to swm181_uart.o(i.UART_ReadByte) for UART_ReadByte
    irq.o(i.IRQ0_Handler) refers to swm181_uart.o(i.UART_WriteByte) for UART_WriteByte
    irq.o(i.IRQ0_Handler) refers to swm181_gpio.o(i.GPIO_InvBit) for GPIO_InvBit
    irq.o(i.IRQ0_Handler) refers to swm181_uart.o(i.UART_IsRXFIFOEmpty) for UART_IsRXFIFOEmpty
    irq.o(i.IRQ0_Handler) refers to uart.o(.data) for UART0_RX_STA
    irq.o(i.IRQ0_Handler) refers to uart.o(.bss) for UART0_RX_BUF
    irq.o(i.SysTick_Handler) refers to swm181_gpio.o(i.GPIO_InvBit) for GPIO_InvBit
    led.o(i.Led_Init) refers to swm181_gpio.o(i.GPIO_Init) for GPIO_Init
    delay.o(i.delay_ms) refers to delay.o(i.delay_us) for delay_us
    delay.o(i.delay_s) refers to delay.o(i.delay_ms) for delay_ms
    delay.o(i.delay_us) refers to system_swm181.o(.data) for CyclesPerUs
    uart.o(i.UART0_printf) refers to c89vsnprintf.o(.text) for __c89vsnprintf
    uart.o(i.UART0_printf) refers to swm181_uart.o(i.UART_WriteByte) for UART_WriteByte
    uart.o(i.UART0_printf) refers to swm181_uart.o(i.UART_IsTXBusy) for UART_IsTXBusy
    uart.o(i.UART0_printf) refers to strlen.o(.text) for strlen
    uart.o(i.Uart_Init) refers to swm181_port.o(i.PORT_Init) for PORT_Init
    uart.o(i.Uart_Init) refers to swm181_uart.o(i.UART_Init) for UART_Init
    uart.o(i.Uart_Init) refers to swm181_irqmux.o(i.IRQ_Connect) for IRQ_Connect
    uart.o(i.Uart_Init) refers to swm181_uart.o(i.UART_Open) for UART_Open
    swm181_adc.o(i.ADC_Init) refers to swm181_adc.o(i.ADC_Close) for ADC_Close
    swm181_adc.o(i.ADC_IntEOCClr) refers to swm181_adc.o(i.chn2idx) for chn2idx
    swm181_adc.o(i.ADC_IntEOCDis) refers to swm181_adc.o(i.chn2idx) for chn2idx
    swm181_adc.o(i.ADC_IntEOCEn) refers to swm181_adc.o(i.chn2idx) for chn2idx
    swm181_adc.o(i.ADC_IntEOCStat) refers to swm181_adc.o(i.chn2idx) for chn2idx
    swm181_adc.o(i.ADC_IntOVFClr) refers to swm181_adc.o(i.chn2idx) for chn2idx
    swm181_adc.o(i.ADC_IntOVFDis) refers to swm181_adc.o(i.chn2idx) for chn2idx
    swm181_adc.o(i.ADC_IntOVFEn) refers to swm181_adc.o(i.chn2idx) for chn2idx
    swm181_adc.o(i.ADC_IntOVFStat) refers to swm181_adc.o(i.chn2idx) for chn2idx
    swm181_adc.o(i.ADC_IsEOC) refers to swm181_adc.o(i.chn2idx) for chn2idx
    swm181_adc.o(i.ADC_Read) refers to swm181_adc.o(i.chn2idx) for chn2idx
    swm181_dma.o(i.DMA_CHM_Config) refers to swm181_dma.o(i.DMA_CH_Close) for DMA_CH_Close
    swm181_dma.o(i.DMA_CHM_Config) refers to swm181_dma.o(i.DMA_CH_INTClr) for DMA_CH_INTClr
    swm181_dma.o(i.DMA_CHM_Config) refers to swm181_dma.o(i.DMA_CH_INTEn) for DMA_CH_INTEn
    swm181_dma.o(i.DMA_CHM_Config) refers to swm181_dma.o(i.DMA_CH_INTDis) for DMA_CH_INTDis
    swm181_dma.o(i.DMA_CH_Close) refers to swm181_dma.o(i.__ARM_common_switch8) for __ARM_common_switch8
    swm181_dma.o(i.DMA_CH_Config) refers to swm181_dma.o(i.DMA_CH_Close) for DMA_CH_Close
    swm181_dma.o(i.DMA_CH_Config) refers to swm181_dma.o(i.DMA_CH_INTClr) for DMA_CH_INTClr
    swm181_dma.o(i.DMA_CH_Config) refers to swm181_dma.o(i.DMA_CH_INTEn) for DMA_CH_INTEn
    swm181_dma.o(i.DMA_CH_Config) refers to swm181_dma.o(i.DMA_CH_INTDis) for DMA_CH_INTDis
    swm181_dma.o(i.DMA_CH_INTClr) refers to swm181_dma.o(i.__ARM_common_switch8) for __ARM_common_switch8
    swm181_dma.o(i.DMA_CH_INTDis) refers to swm181_dma.o(i.__ARM_common_switch8) for __ARM_common_switch8
    swm181_dma.o(i.DMA_CH_INTEn) refers to swm181_dma.o(i.__ARM_common_switch8) for __ARM_common_switch8
    swm181_dma.o(i.DMA_CH_INTStat) refers to swm181_dma.o(i.__ARM_common_switch8) for __ARM_common_switch8
    swm181_dma.o(i.DMA_CH_Open) refers to swm181_dma.o(i.__ARM_common_switch8) for __ARM_common_switch8
    swm181_gpio.o(i.GPIO_Init) refers to swm181_port.o(i.PORT_Init) for PORT_Init
    swm181_i2c.o(i.I2C_Init) refers to swm181_i2c.o(i.I2C_Close) for I2C_Close
    swm181_i2c.o(i.I2C_Init) refers to aeabi_sdiv.o(.text) for __aeabi_uidivmod
    swm181_i2c.o(i.I2C_Init) refers to system_swm181.o(.data) for SystemCoreClock
    swm181_irqmux.o(i.IRQ_Connect) refers to swm181_irqmux.o(i.__NVIC_SetPriority) for __NVIC_SetPriority
[...]
    Removing swm181_uart.o(i.UART_CTSLineState), (12 bytes).
    Removing swm181_uart.o(i.UART_GetBaudrate), (28 bytes).
    Removing swm181_uart.o(i.UART_INTRXThresholdDis), (10 bytes).
    Removing swm181_uart.o(i.UART_INTRXThresholdEn), (10 bytes).
    Removing swm181_uart.o(i.UART_INTTXDoneDis), (10 bytes).
    Removing swm181_uart.o(i.UART_INTTXDoneEn), (10 bytes).
    Removing swm181_uart.o(i.UART_INTTXDoneStat), (14 bytes).
    Removing swm181_uart.o(i.UART_INTTXThresholdDis), (10 bytes).
    Removing swm181_uart.o(i.UART_INTTXThresholdEn), (10 bytes).
    Removing swm181_uart.o(i.UART_INTTXThresholdStat), (14 bytes).
    Removing swm181_uart.o(i.UART_INTTimeoutDis), (12 bytes).
    Removing swm181_uart.o(i.UART_INTTimeoutEn), (12 bytes).
    Removing swm181_uart.o(i.UART_INTTimeoutStat), (14 bytes).
    Removing swm181_uart.o(i.UART_IsTXFIFOFull), (12 bytes).
    Removing swm181_uart.o(i.UART_LINConfig), (22 bytes).
    Removing swm181_uart.o(i.UART_LINGenerate), (10 bytes).
    Removing swm181_uart.o(i.UART_LINIsDetected), (12 bytes).
    Removing swm181_uart.o(i.UART_LINIsGenerated), (12 bytes).
    Removing swm181_uart.o(i.UART_RTSConfig), (28 bytes).
    Removing swm181_uart.o(i.UART_RTSLineState), (14 bytes).
    Removing swm181_uart.o(i.UART_SetBaudrate), (40 bytes).
    Removing system_swm181.o(.rev16_text), (4 bytes).
    Removing system_swm181.o(.revsh_text), (4 bytes).

203 unused section(s) (total 7176 bytes) removed from the image.

==============================================================================

Image Symbol Table

    Local Symbols

    Symbol Name                              Value     Ov Type        Size  Object(Section)

    RESET                                    0x00000000   Section      192  startup_swm181.o(RESET)
    ../clib/angel/boardlib.s                 0x00000000   Number         0  boardinit1.o ABSOLUTE
    ../clib/angel/boardlib.s                 0x00000000   Number         0  boardshut.o ABSOLUTE
    ../clib/angel/boardlib.s                 0x00000000   Number         0  boardinit3.o ABSOLUTE
    ../clib/angel/boardlib.s                 0x00000000   Number         0  boardinit2.o ABSOLUTE
    ../clib/angel/handlers.s                 0x00000000   Number         0  __scatter_zi.o ABSOLUTE
    ../clib/angel/handlers.s                 0x00000000   Number         0  __scatter_copy.o ABSOLUTE
    ../clib/angel/kernel.s                   0x00000000   Number         0  rtexit2.o ABSOLUTE
    ../clib/angel/kernel.s                   0x00000000   Number         0  __rtentry.o ABSOLUTE
    ../clib/angel/kernel.s                   0x00000000   Number         0  __rtentry4.o ABSOLUTE
    ../clib/angel/kernel.s                   0x00000000   Number         0  __rtentry2.o ABSOLUTE
    ../clib/angel/kernel.s                   0x00000000   Number         0  rtexit.o ABSOLUTE
    ../clib/angel/rt.s                       0x00000000   Number         0  rt_locale.o ABSOLUTE
    ../clib/angel/rt.s                       0x00000000   Number         0  rt_locale_intlibspace.o ABSOLUTE
    ../clib/angel/rt.s                       0x00000000   Number         0  rt_ctype_table.o ABSOLUTE
    ../clib/angel/rt.s                       0x00000000   Number         0  aeabi_idiv0.o ABSOLUTE
    ../clib/angel/rt.s                       0x00000000   Number         0  rt_raise.o ABSOLUTE
    ../clib/angel/rt.s                       0x00000000   Number         0  rt_div0.o ABSOLUTE
    ../clib/angel/rt.s                       0x00000000   Number         0  aeabi_idiv0_sigfpe.o ABSOLUTE
    ../clib/angel/scatterp.s                 0x00000000   Number         0  __scatter.o ABSOLUTE
    ../clib/angel/startup.s                  0x00000000   Number         0  __main.o ABSOLUTE
    ../clib/angel/sys.s                      0x00000000   Number         0  tempstk.o ABSOLUTE
    ../clib/angel/sys.s                      0x00000000   Number         0  use_no_semi.o ABSOLUTE
    ../clib/angel/sys.s                      0x00000000   Number         0  libspace.o ABSOLUTE
    ../clib/angel/sys.s                      0x00000000   Number         0  indicate_semi.o ABSOLUTE
    ../clib/angel/sys.s                      0x00000000   Number         0  sys_stackheap_outer.o ABSOLUTE
    ../clib/angel/sysapp.c                   0x00000000   Number         0  sys_command.o ABSOLUTE
    ../clib/angel/sysapp.c                   0x00000000   Number         0  sys_wrch.o ABSOLUTE
    ../clib/angel/sysapp.c                   0x00000000   Number         0  sys_exit.o ABSOLUTE
    ../clib/armsys.c                         0x00000000   Number         0  no_argv.o ABSOLUTE
    ../clib/armsys.c                         0x00000000   Number         0  _get_argv_nomalloc.o ABSOLUTE
    ../clib/armsys.c                         0x00000000   Number         0  argv_veneer.o ABSOLUTE
    ../clib/bigflt.c                         0x00000000   Number         0  bigflt0.o ABSOLUTE
    ../clib/btod.c                           0x00000000   Number         0  btod.o ABSOLUTE
    ../clib/division.c                       0x00000000   Number         0  lludiv10.o ABSOLUTE
    ../clib/division.c                       0x00000000   Number         0  rtudiv10.o ABSOLUTE
    ../clib/division.s                       0x00000000   Number         0  aeabi_sdiv.o ABSOLUTE
    ../clib/division.s                       0x00000000   Number         0  aeabi_sdiv_div0.o ABSOLUTE
    ../clib/heapalloc.c                      0x00000000   Number         0  hrguard.o ABSOLUTE
    ../clib/heapaux.c                        0x00000000   Number         0  heapauxi.o ABSOLUTE
    ../clib/libinit.s                        0x00000000   Number         0  libshutdown.o ABSOLUTE
    ../clib/libinit.s                        0x00000000   Number         0  libinit.o ABSOLUTE
    ../clib/libinit.s                        0x00000000   Number         0  libinit2.o ABSOLUTE
    ../clib/libinit.s                        0x00000000   Number         0  libshutdown2.o ABSOLUTE
    ../clib/locale.c                         0x00000000   Number         0  _wcrtomb.o ABSOLUTE
    ../clib/locale.s                         0x00000000   Number         0  lc_numeric_c.o ABSOLUTE
    ../clib/locale.s                         0x00000000   Number         0  lc_ctype_c.o ABSOLUTE
    ../clib/misc.s                           0x00000000   Number         0  printf_stubs.o ABSOLUTE
    ../clib/printf.c                         0x00000000   Number         0  c89vsnprintf.o ABSOLUTE
    ../clib/printf.c                         0x00000000   Number         0  __printf_nopercent.o ABSOLUTE
    ../clib/printf.c                         0x00000000   Number         0  __printf.o ABSOLUTE
    ../clib/printf.c                         0x00000000   Number         0  _printf_pad.o ABSOLUTE
    ../clib/printf.c                         0x00000000   Number         0  _printf_truncate.o ABSOLUTE
    ../clib/printf.c                         0x00000000   Number         0  _printf_str.o ABSOLUTE
    ../clib/printf.c                         0x00000000   Number         0  _printf_dec.o ABSOLUTE
    ../clib/printf.c                         0x00000000   Number         0  _printf_charcount.o ABSOLUTE
    ../clib/printf.c                         0x00000000   Number         0  _printf_char_common.o ABSOLUTE
    ../clib/printf.c                         0x00000000   Number         0  _sputc.o ABSOLUTE
    ../clib/printf.c                         0x00000000   Number         0  _snputc.o ABSOLUTE
    ../clib/printf.c                         0x00000000   Number         0  _printf_wctomb.o ABSOLUTE
    ../clib/printf.c                         0x00000000   Number         0  _printf_longlong_dec.o ABSOLUTE
    ../clib/printf.c                         0x00000000   Number         0  _printf_oct_ll.o ABSOLUTE
    ../clib/printf.c                         0x00000000   Number         0  _printf_oct_int.o ABSOLUTE
    ../clib/printf.c                         0x00000000   Number         0  _printf_oct_int_ll.o ABSOLUTE
    ../clib/printf.c                         0x00000000   Number         0  _printf_fp_infnan.o ABSOLUTE
    ../clib/printf.c                         0x00000000   Number         0  _printf_hex_ll.o ABSOLUTE
    ../clib/printf.c                         0x00000000   Number         0  _printf_hex_int.o ABSOLUTE
    ../clib/printf.c                         0x00000000   Number         0  _printf_hex_int_ll.o ABSOLUTE
    ../clib/printf.c                         0x00000000   Number         0  _printf_hex_ptr.o ABSOLUTE
    ../clib/printf.c                         0x00000000   Number         0  _printf_hex_int_ptr.o ABSOLUTE
    ../clib/printf.c                         0x00000000   Number         0  _printf_hex_ll_ptr.o ABSOLUTE
    ../clib/printf.c                         0x00000000   Number         0  _printf_hex_int_ll_ptr.o ABSOLUTE
    ../clib/printf.c                         0x00000000   Number         0  __printf_flags.o ABSOLUTE
    ../clib/printf.c                         0x00000000   Number         0  __printf_ss.o ABSOLUTE
    ../clib/printf.c                         0x00000000   Number         0  __printf_flags_ss.o ABSOLUTE
    ../clib/printf.c                         0x00000000   Number         0  __printf_wp.o ABSOLUTE
    ../clib/printf.c                         0x00000000   Number         0  __printf_flags_wp.o ABSOLUTE
    ../clib/printf.c                         0x00000000   Number         0  __printf_ss_wp.o ABSOLUTE
    ../clib/printf.c                         0x00000000   Number         0  __printf_flags_ss_wp.o ABSOLUTE
    ../clib/printf.c                         0x00000000   Number         0  _printf_wchar.o ABSOLUTE
    ../clib/printf.c                         0x00000000   Number         0  _printf_char.o ABSOLUTE
    ../clib/printf.c                         0x00000000   Number         0  _printf_fp_dec.o ABSOLUTE
    ../clib/printf.c                         0x00000000   Number         0  _printf_intcommon.o ABSOLUTE
    ../clib/printf_percent.s                 0x00000000   Number         0  _printf_llx.o ABSOLUTE
    ../clib/printf_percent.s                 0x00000000   Number         0  _printf_ls.o ABSOLUTE
    ../clib/printf_percent.s                 0x00000000   Number         0  _printf_g.o ABSOLUTE
    ../clib/printf_percent.s                 0x00000000   Number         0  _printf_lc.o ABSOLUTE
    ../clib/printf_percent.s                 0x00000000   Number         0  _printf_a.o ABSOLUTE
    ../clib/printf_percent.s                 0x00000000   Number         0  _printf_u.o ABSOLUTE
    ../clib/printf_percent.s                 0x00000000   Number         0  _printf_c.o ABSOLUTE
    ../clib/printf_percent.s                 0x00000000   Number         0  _printf_l.o ABSOLUTE
    ../clib/printf_percent.s                 0x00000000   Number         0  _printf_percent.o ABSOLUTE
    ../clib/printf_percent.s                 0x00000000   Number         0  _printf_d.o ABSOLUTE
    ../clib/printf_percent.s                 0x00000000   Number         0  _printf_o.o ABSOLUTE
    ../clib/printf_percent.s                 0x00000000   Number         0  _printf_ll.o ABSOLUTE
    ../clib/printf_percent.s                 0x00000000   Number         0  _printf_i.o ABSOLUTE
    ../clib/printf_percent.s                 0x00000000   Number         0  _printf_p.o ABSOLUTE
    ../clib/printf_percent.s                 0x00000000   Number         0  _printf_x.o ABSOLUTE
    ../clib/printf_percent.s                 0x00000000   Number         0  _printf_lld.o ABSOLUTE
    ../clib/printf_percent.s                 0x00000000   Number         0  _printf_lli.o ABSOLUTE
    ../clib/printf_percent.s                 0x00000000   Number         0  _printf_llu.o ABSOLUTE
    ../clib/printf_percent.s                 0x00000000   Number         0  _printf_n.o ABSOLUTE
    ../clib/printf_percent.s                 0x00000000   Number         0  _printf_percent_end.o ABSOLUTE
    ../clib/printf_percent.s                 0x00000000   Number         0  _printf_s.o ABSOLUTE
    ../clib/printf_percent.s                 0x00000000   Number         0  _printf_e.o ABSOLUTE
    ../clib/printf_percent.s                 0x00000000   Number         0  _printf_f.o ABSOLUTE
    ../clib/printf_percent.s                 0x00000000   Number         0  _printf_llo.o ABSOLUTE
    ../clib/signal.c                         0x00000000   Number         0  defsig_segv_inner.o ABSOLUTE
    ../clib/signal.c                         0x00000000   Number         0  defsig_cppl_inner.o ABSOLUTE
    ../clib/signal.c                         0x00000000   Number         0  defsig_fpe_outer.o ABSOLUTE
    ../clib/signal.c                         0x00000000   Number         0  defsig_fpe_formal.o ABSOLUTE
    ../clib/signal.c                         0x00000000   Number         0  defsig_pvfn_inner.o ABSOLUTE
    ../clib/signal.c                         0x00000000   Number         0  defsig_stak_inner.o ABSOLUTE
    ../clib/signal.c                         0x00000000   Number         0  defsig_rtmem_formal.o ABSOLUTE
    ../clib/signal.c                         0x00000000   Number         0  defsig_rtmem_outer.o ABSOLUTE
    ../clib/signal.c                         0x00000000   Number         0  defsig_abrt_inner.o ABSOLUTE
    ../clib/signal.c                         0x00000000   Number         0  defsig_exit.o ABSOLUTE
    ../clib/signal.c                         0x00000000   Number         0  defsig_general.o ABSOLUTE
    ../clib/signal.c                         0x00000000   Number         0  defsig_rtred_inner.o ABSOLUTE
    ../clib/signal.c                         0x00000000   Number         0  defsig_fpe_inner.o ABSOLUTE
    ../clib/signal.c                         0x00000000   Number         0  defsig_rtmem_inner.o ABSOLUTE
    ../clib/signal.c                         0x00000000   Number         0  defsig_other.o ABSOLUTE
    ../clib/signal.c                         0x00000000   Number         0  __raise.o ABSOLUTE
    ../clib/signal.s                         0x00000000   Number         0  defsig.o ABSOLUTE
    ../clib/stdlib.c                         0x00000000   Number         0  exit.o ABSOLUTE
    ../clib/string.c                         0x00000000   Number         0  strcmp.o ABSOLUTE
    ../clib/string.c                         0x00000000   Number         0  strlen.o ABSOLUTE
    ../fplib/cfplib/fpinit.c                 0x00000000   Number         0  fpinit.o ABSOLUTE
    ../fplib/cfplib/ieee_status.c            0x00000000   Number         0  ieee_status.o ABSOLUTE
    ../fplib/printf1.s                       0x00000000   Number         0  printf1.o ABSOLUTE
    ../fplib/usenofp.s                       0x00000000   Number         0  usenofp.o ABSOLUTE
    ../mathlib/fpclassify.c                  0x00000000   Number         0  fpclassify.o ABSOLUTE
    Basic\\delay\\delay.c                    0x00000000   Number         0  delay.o ABSOLUTE
    Basic\\uart\\uart.c                      0x00000000   Number         0  uart.o ABSOLUTE
    Basic\delay\delay.c                      0x00000000   Number         0  delay.o ABSOLUTE
    Basic\uart\uart.c                        0x00000000   Number         0  uart.o ABSOLUTE
    D:\Keil uvision5 MDK\Keil uvision5 MDK\ARM\PACK\Synwit\SWM32_DFP\1.20.3\CSL\SWM181\SWM181_StdPeriph_Driver\SWM181_adc.c 0x00000000   Number         0  swm181_adc.o ABSOLUTE
    D:\Keil uvision5 MDK\Keil uvision5 MDK\ARM\PACK\Synwit\SWM32_DFP\1.20.3\CSL\SWM181\SWM181_StdPeriph_Driver\SWM181_dma.c 0x00000000   Number         0  swm181_dma.o ABSOLUTE
    D:\Keil uvision5 MDK\Keil uvision5 MDK\ARM\PACK\Synwit\SWM32_DFP\1.20.3\CSL\SWM181\SWM181_StdPeriph_Driver\SWM181_gpio.c 0x00000000   Number         0  swm181_gpio.o ABSOLUTE
    D:\Keil uvision5 MDK\Keil uvision5 MDK\ARM\PACK\Synwit\SWM32_DFP\1.20.3\CSL\SWM181\SWM181_StdPeriph_Driver\SWM181_i2c.c 0x00000000   Number         0  swm181_i2c.o ABSOLUTE
    D:\Keil uvision5 MDK\Keil uvision5 MDK\ARM\PACK\Synwit\SWM32_DFP\1.20.3\CSL\SWM181\SWM181_StdPeriph_Driver\SWM181_irqmux.c 0x00000000   Number         0  swm181_irqmux.o ABSOLUTE
    D:\Keil uvision5 MDK\Keil uvision5 MDK\ARM\PACK\Synwit\SWM32_DFP\1.20.3\CSL\SWM181\SWM181_StdPeriph_Driver\SWM181_port.c 0x00000000   Number         0  swm181_port.o ABSOLUTE
    D:\Keil uvision5 MDK\Keil uvision5 MDK\ARM\PACK\Synwit\SWM32_DFP\1.20.3\CSL\SWM181\SWM181_StdPeriph_Driver\SWM181_pwm.c 0x00000000   Number         0  swm181_pwm.o ABSOLUTE
    D:\Keil uvision5 MDK\Keil uvision5 MDK\ARM\PACK\Synwit\SWM32_DFP\1.20.3\CSL\SWM181\SWM181_StdPeriph_Driver\SWM181_sdadc.c 0x00000000   Number         0  swm181_sdadc.o ABSOLUTE
    D:\Keil uvision5 MDK\Keil uvision5 MDK\ARM\PACK\Synwit\SWM32_DFP\1.20.3\CSL\SWM181\SWM181_StdPeriph_Driver\SWM181_slcd.c 0x00000000   Number         0  swm181_slcd.o ABSOLUTE
    D:\Keil uvision5 MDK\Keil uvision5 MDK\ARM\PACK\Synwit\SWM32_DFP\1.20.3\CSL\SWM181\SWM181_StdPeriph_Driver\SWM181_spi.c 0x00000000   Number         0  swm181_spi.o ABSOLUTE
    D:\Keil uvision5 MDK\Keil uvision5 MDK\ARM\PACK\Synwit\SWM32_DFP\1.20.3\CSL\SWM181\SWM181_StdPeriph_Driver\SWM181_timr.c 0x00000000   Number         0  swm181_timr.o ABSOLUTE
    D:\Keil uvision5 MDK\Keil uvision5 MDK\ARM\PACK\Synwit\SWM32_DFP\1.20.3\CSL\SWM181\SWM181_StdPeriph_Driver\SWM181_uart.c 0x00000000   Number         0  swm181_uart.o ABSOLUTE
    D:\\Keil uvision5 MDK\\Keil uvision5 MDK\\ARM\\PACK\\Synwit\\SWM32_DFP\\1.20.3\\CSL\\SWM181\\SWM181_StdPeriph_Driver\\SWM181_adc.c 0x00000000   Number         0  swm181_adc.o ABSOLUTE
    D:\\Keil uvision5 MDK\\Keil uvision5 MDK\\ARM\\PACK\\Synwit\\SWM32_DFP\\1.20.3\\CSL\\SWM181\\SWM181_StdPeriph_Driver\\SWM181_dma.c 0x00000000   Number         0  swm181_dma.o ABSOLUTE
    D:\\Keil uvision5 MDK\\Keil uvision5 MDK\\ARM\\PACK\\Synwit\\SWM32_DFP\\1.20.3\\CSL\\SWM181\\SWM181_StdPeriph_Driver\\SWM181_gpio.c 0x00000000   Number         0  swm181_gpio.o ABSOLUTE
    D:\\Keil uvision5 MDK\\Keil uvision5 MDK\\ARM\\PACK\\Synwit\\SWM32_DFP\\1.20.3\\CSL\\SWM181\\SWM181_StdPeriph_Driver\\SWM181_i2c.c 0x00000000   Number         0  swm181_i2c.o ABSOLUTE
    D:\\Keil uvision5 MDK\\Keil uvision5 MDK\\ARM\\PACK\\Synwit\\SWM32_DFP\\1.20.3\\CSL\\SWM181\\SWM181_StdPeriph_Driver\\SWM181_irqmux.c 0x00000000   Number         0  swm181_irqmux.o ABSOLUTE
    D:\\Keil uvision5 MDK\\Keil uvision5 MDK\\ARM\\PACK\\Synwit\\SWM32_DFP\\1.20.3\\CSL\\SWM181\\SWM181_StdPeriph_Driver\\SWM181_port.c 0x00000000   Number         0  swm181_port.o ABSOLUTE
    D:\\Keil uvision5 MDK\\Keil uvision5 MDK\\ARM\\PACK\\Synwit\\SWM32_DFP\\1.20.3\\CSL\\SWM181\\SWM181_StdPeriph_Driver\\SWM181_pwm.c 0x00000000   Number         0  swm181_pwm.o ABSOLUTE
    D:\\Keil uvision5 MDK\\Keil uvision5 MDK\\ARM\\PACK\\Synwit\\SWM32_DFP\\1.20.3\\CSL\\SWM181\\SWM181_StdPeriph_Driver\\SWM181_sdadc.c 0x00000000   Number         0  swm181_sdadc.o ABSOLUTE
    D:\\Keil uvision5 MDK\\Keil uvision5 MDK\\ARM\\PACK\\Synwit\\SWM32_DFP\\1.20.3\\CSL\\SWM181\\SWM181_StdPeriph_Driver\\SWM181_slcd.c 0x00000000   Number         0  swm181_slcd.o ABSOLUTE
    D:\\Keil uvision5 MDK\\Keil uvision5 MDK\\ARM\\PACK\\Synwit\\SWM32_DFP\\1.20.3\\CSL\\SWM181\\SWM181_StdPeriph_Driver\\SWM181_spi.c 0x00000000   Number         0  swm181_spi.o ABSOLUTE
    D:\\Keil uvision5 MDK\\Keil uvision5 MDK\\ARM\\PACK\\Synwit\\SWM32_DFP\\1.20.3\\CSL\\SWM181\\SWM181_StdPeriph_Driver\\SWM181_timr.c 0x00000000   Number         0  swm181_timr.o ABSOLUTE
    D:\\Keil uvision5 MDK\\Keil uvision5 MDK\\ARM\\PACK\\Synwit\\SWM32_DFP\\1.20.3\\CSL\\SWM181\\SWM181_StdPeriph_Driver\\SWM181_uart.c 0x00000000   Number         0  swm181_uart.o ABSOLUTE
    HARDWARE\LED\led.c                       0x00000000   Number         0  led.o ABSOLUTE
    HARDWARE\\LED\\led.c                     0x00000000   Number         0  led.o ABSOLUTE
    RTE\Device\SWM181xC\startup_SWM181.s     0x00000000   Number         0  startup_swm181.o ABSOLUTE
    RTE\Device\SWM181xC\system_SWM181.c      0x00000000   Number         0  system_swm181.o ABSOLUTE
    RTE\\Device\\SWM181xC\\system_SWM181.c   0x00000000   Number         0  system_swm181.o ABSOLUTE
    dc.s                                     0x00000000   Number         0  dc.o ABSOLUTE
    irq.c                                    0x00000000   Number         0  irq.o ABSOLUTE
    irq.c                                    0x00000000   Number         0  irq.o ABSOLUTE
    main.c                                   0x00000000   Number         0  main.o ABSOLUTE
    main.c                                   0x00000000   Number         0  main.o ABSOLUTE
    !!!main                                  0x000000c0   Section        8  __main.o(!!!main)
    !!!scatter                               0x000000c8   Section       60  __scatter.o(!!!scatter)
    !!handler_copy                           0x00000104   Section       26  __scatter_copy.o(!!handler_copy)
    !!handler_zi                             0x00000120   Section       28  __scatter_zi.o(!!handler_zi)
    .ARM.Collect$$_printf_percent$$00000000  0x0000013c   Section        2  _printf_percent.o(.ARM.Collect$$_printf_percent$$00000000)
    .ARM.Collect$$_printf_percent$$00000001  0x0000013e   Section       10  _printf_n.o(.ARM.Collect$$_printf_percent$$00000001)
    .ARM.Collect$$_printf_percent$$00000002  0x00000148   Section       10  _printf_p.o(.ARM.Collect$$_printf_percent$$00000002)
    .ARM.Collect$$_printf_percent$$00000003  0x00000152   Section       10  _printf_f.o(.ARM.Collect$$_printf_percent$$00000003)
    .ARM.Collect$$_printf_percent$$00000004  0x0000015c   Section       10  _printf_e.o(.ARM.Collect$$_printf_percent$$00000004)
    .ARM.Collect$$_printf_percent$$00000005  0x00000166   Section       10  _printf_g.o(.ARM.Collect$$_printf_percent$$00000005)
    .ARM.Collect$$_printf_percent$$00000006  0x00000170   Section       10  _printf_a.o(.ARM.Collect$$_printf_percent$$00000006)
    .ARM.Collect$$_printf_percent$$00000007  0x0000017a   Section       10  _printf_ll.o(.ARM.Collect$$_printf_percent$$00000007)
    .ARM.Collect$$_printf_percent$$00000008  0x00000184   Section       10  _printf_i.o(.ARM.Collect$$_printf_percent$$00000008)
    .ARM.Collect$$_printf_percent$$00000009  0x0000018e   Section       10  _printf_d.o(.ARM.Collect$$_printf_percent$$00000009)
    .ARM.Collect$$_printf_percent$$0000000A  0x00000198   Section       10  _printf_u.o(.ARM.Collect$$_printf_percent$$0000000A)
    .ARM.Collect$$_printf_percent$$0000000B  0x000001a2   Section       10  _printf_o.o(.ARM.Collect$$_printf_percent$$0000000B)
    .ARM.Collect$$_printf_percent$$0000000C  0x000001ac   Section       10  _printf_x.o(.ARM.Collect$$_printf_percent$$0000000C)
    .ARM.Collect$$_printf_percent$$0000000D  0x000001b6   Section       10  _printf_lli.o(.ARM.Collect$$_printf_percent$$0000000D)
    .ARM.Collect$$_printf_percent$$0000000E  0x000001c0   Section       10  _printf_lld.o(.ARM.Collect$$_printf_percent$$0000000E)
    .ARM.Collect$$_printf_percent$$0000000F  0x000001ca   Section       10  _printf_llu.o(.ARM.Collect$$_printf_percent$$0000000F)
    .ARM.Collect$$_printf_percent$$00000010  0x000001d4   Section       10  _printf_llo.o(.ARM.Collect$$_printf_percent$$00000010)
    .ARM.Collect$$_printf_percent$$00000011  0x000001de   Section       10  _printf_llx.o(.ARM.Collect$$_printf_percent$$00000011)
    .ARM.Collect$$_printf_percent$$00000012  0x000001e8   Section       10  _printf_l.o(.ARM.Collect$$_printf_percent$$00000012)
    .ARM.Collect$$_printf_percent$$00000013  0x000001f2   Section       10  _printf_c.o(.ARM.Collect$$_printf_percent$$00000013)
    .ARM.Collect$$_printf_percent$$00000014  0x000001fc   Section       10  _printf_s.o(.ARM.Collect$$_printf_percent$$00000014)
    .ARM.Collect$$_printf_percent$$00000015  0x00000206   Section       10  _printf_lc.o(.ARM.Collect$$_printf_percent$$00000015)
    .ARM.Collect$$_printf_percent$$00000016  0x00000210   Section       10  _printf_ls.o(.ARM.Collect$$_printf_percent$$00000016)
    .ARM.Collect$$_printf_percent$$00000017  0x0000021a   Section        4  _printf_percent_end.o(.ARM.Collect$$_printf_percent$$00000017)
    .ARM.Collect$$libinit$$00000000          0x0000021e   Section        2  libinit.o(.ARM.Collect$$libinit$$00000000)
    .ARM.Collect$$libinit$$00000002          0x00000220   Section        0  libinit2.o(.ARM.Collect$$libinit$$00000002)
    .ARM.Collect$$libinit$$00000004          0x00000220   Section        0  libinit2.o(.ARM.Collect$$libinit$$00000004)
    .ARM.Collect$$libinit$$0000000A          0x00000220   Section        0  libinit2.o(.ARM.Collect$$libinit$$0000000A)
    .ARM.Collect$$libinit$$0000000C          0x00000220   Section        0  libinit2.o(.ARM.Collect$$libinit$$0000000C)
    .ARM.Collect$$libinit$$0000000E          0x00000220   Section        0  libinit2.o(.ARM.Collect$$libinit$$0000000E)
    .ARM.Collect$$libinit$$0000000F          0x00000220   Section        6  libinit2.o(.ARM.Collect$$libinit$$0000000F)
    .ARM.Collect$$libinit$$00000011          0x00000226   Section        0  libinit2.o(.ARM.Collect$$libinit$$00000011)
    .ARM.Collect$$libinit$$00000012          0x00000226   Section       12  libinit2.o(.ARM.Collect$$libinit$$00000012)
    .ARM.Collect$$libinit$$00000013          0x00000232   Section        0  libinit2.o(.ARM.Collect$$libinit$$00000013)
    .ARM.Collect$$libinit$$00000015          0x00000232   Section        0  libinit2.o(.ARM.Collect$$libinit$$00000015)
    .ARM.Collect$$libinit$$00000016          0x00000232   Section       10  libinit2.o(.ARM.Collect$$libinit$$00000016)
    .ARM.Collect$$libinit$$00000017          0x0000023c   Section        0  libinit2.o(.ARM.Collect$$libinit$$00000017)
    .ARM.Collect$$libinit$$00000019          0x0000023c   Section        0  libinit2.o(.ARM.Collect$$libinit$$00000019)
    .ARM.Collect$$libinit$$0000001B          0x0000023c   Section        0  libinit2.o(.ARM.Collect$$libinit$$0000001B)
    .ARM.Collect$$libinit$$0000001D          0x0000023c   Section        0  libinit2.o(.ARM.Collect$$libinit$$0000001D)
    .ARM.Collect$$libinit$$0000001F          0x0000023c   Section        0  libinit2.o(.ARM.Collect$$libinit$$0000001F)
    .ARM.Collect$$libinit$$00000021          0x0000023c   Section        0  libinit2.o(.ARM.Collect$$libinit$$00000021)
    .ARM.Collect$$libinit$$00000023          0x0000023c   Section        0  libinit2.o(.ARM.Collect$$libinit$$00000023)
    .ARM.Collect$$libinit$$00000025          0x0000023c   Section        0  libinit2.o(.ARM.Collect$$libinit$$00000025)
    .ARM.Collect$$libinit$$0000002C          0x0000023c   Section        0  libinit2.o(.ARM.Collect$$libinit$$0000002C)
    .ARM.Collect$$libinit$$0000002E          0x0000023c   Section        0  libinit2.o(.ARM.Collect$$libinit$$0000002E)
    .ARM.Collect$$libinit$$00000030          0x0000023c   Section        0  libinit2.o(.ARM.Collect$$libinit$$00000030)
    .ARM.Collect$$libinit$$00000032          0x0000023c   Section        0  libinit2.o(.ARM.Collect$$libinit$$00000032)
    .ARM.Collect$$libinit$$00000033          0x0000023c   Section        2  libinit2.o(.ARM.Collect$$libinit$$00000033)
    .ARM.Collect$$libshutdown$$00000000      0x0000023e   Section        2  libshutdown.o(.ARM.Collect$$libshutdown$$00000000)
    .ARM.Collect$$libshutdown$$00000002      0x00000240   Section        0  libshutdown2.o(.ARM.Collect$$libshutdown$$00000002)
    .ARM.Collect$$libshutdown$$00000004      0x00000240   Section        0  libshutdown2.o(.ARM.Collect$$libshutdown$$00000004)
    .ARM.Collect$$libshutdown$$00000006      0x00000240   Section        0  libshutdown2.o(.ARM.Collect$$libshutdown$$00000006)
    .ARM.Collect$$libshutdown$$00000009      0x00000240   Section        0  libshutdown2.o(.ARM.Collect$$libshutdown$$00000009)
    .ARM.Collect$$libshutdown$$0000000C      0x00000240   Section        0  libshutdown2.o(.ARM.Collect$$libshutdown$$0000000C)
    .ARM.Collect$$libshutdown$$0000000E      0x00000240   Section        0  libshutdown2.o(.ARM.Collect$$libshutdown$$0000000E)
    .ARM.Collect$$libshutdown$$00000011      0x00000240   Section        0  libshutdown2.o(.ARM.Collect$$libshutdown$$00000011)
    .ARM.Collect$$libshutdown$$00000012      0x00000240   Section        2  libshutdown2.o(.ARM.Collect$$libshutdown$$00000012)
    .ARM.Collect$$rtentry$$00000000          0x00000242   Section        0  __rtentry.o(.ARM.Collect$$rtentry$$00000000)
    .ARM.Collect$$rtentry$$00000002          0x00000242   Section        0  __rtentry2.o(.ARM.Collect$$rtentry$$00000002)
    .ARM.Collect$$rtentry$$00000004          0x00000242   Section        6  __rtentry4.o(.ARM.Collect$$rtentry$$00000004)
    .ARM.Collect$$rtentry$$00000009          0x00000248   Section        0  __rtentry2.o(.ARM.Collect$$rtentry$$00000009)
    .ARM.Collect$$rtentry$$0000000A          0x00000248   Section        4  __rtentry2.o(.ARM.Collect$$rtentry$$0000000A)
    .ARM.Collect$$rtentry$$0000000C          0x0000024c   Section        0  __rtentry2.o(.ARM.Collect$$rtentry$$0000000C)
    .ARM.Collect$$rtentry$$0000000D          0x0000024c   Section        8  __rtentry2.o(.ARM.Collect$$rtentry$$0000000D)
    .ARM.Collect$$rtexit$$00000000           0x00000254   Section        2  rtexit.o(.ARM.Collect$$rtexit$$00000000)
    .ARM.Collect$$rtexit$$00000002           0x00000256   Section        0  rtexit2.o(.ARM.Collect$$rtexit$$00000002)
    .ARM.Collect$$rtexit$$00000003           0x00000256   Section        4  rtexit2.o(.ARM.Collect$$rtexit$$00000003)
    .ARM.Collect$$rtexit$$00000004           0x0000025a   Section        6  rtexit2.o(.ARM.Collect$$rtexit$$00000004)
    .text                                    0x00000260   Section      112  startup_swm181.o(.text)
    .text                                    0x000002d0   Section        0  c89vsnprintf.o(.text)
    .text                                    0x00000308   Section        0  strlen.o(.text)
    .text                                    0x0000034c   Section      346  aeabi_sdiv.o(.text)
    .text                                    0x000004a6   Section        0  heapauxi.o(.text)
    .text                                    0x000004ac   Section        0  _printf_pad.o(.text)
    .text                                    0x000004fa   Section        0  _printf_truncate.o(.text)
    .text                                    0x0000051e   Section        0  _printf_str.o(.text)
    .text                                    0x00000570   Section        0  _printf_dec.o(.text)
    .text                                    0x000005dc   Section        0  _printf_charcount.o(.text)
    .text                                    0x00000604   Section        0  _printf_char_common.o(.text)
    _printf_input_char                       0x00000605   Thumb Code    10  _printf_char_common.o(.text)
    .text                                    0x00000634   Section        0  _sputc.o(.text)
    .text                                    0x0000063e   Section        0  _snputc.o(.text)
    .text                                    0x00000650   Section        0  _printf_wctomb.o(.text)
    .text                                    0x0000070c   Section        0  _printf_longlong_dec.o(.text)
    .text                                    0x0000077c   Section        0  _printf_oct_int_ll.o(.text)
    _printf_longlong_oct_internal            0x0000077d   Thumb Code     0  _printf_oct_int_ll.o(.text)
    .text                                    0x000007ec   Section        0  _printf_hex_int_ll_ptr.o(.text)
    _printf_hex_common                       0x000007ed   Thumb Code     0  _printf_hex_int_ll_ptr.o(.text)
    .text                                    0x00000884   Section        0  __printf_flags_ss_wp.o(.text)
    .text                                    0x00000a0c   Section        0  lludiv10.o(.text)
    .text                                    0x00000a86   Section        0  _printf_intcommon.o(.text)
    .text                                    0x00000b38   Section        0  _printf_fp_dec.o(.text)
    _fp_digits                               0x00000b3b   Thumb Code   412  _printf_fp_dec.o(.text)
    .text                                    0x00000f50   Section        0  _printf_char.o(.text)
    .text                                    0x00000f7e   Section        0  _printf_wchar.o(.text)
    .text                                    0x00000fac   Section        0  _wcrtomb.o(.text)
    .text                                    0x00000fec   Section        0  rtudiv10.o(.text)
    .text                                    0x00001014   Section       62  sys_stackheap_outer.o(.text)
    .text                                    0x00001054   Section       16  rt_ctype_table.o(.text)
    .text                                    0x00001064   Section        8  rt_locale_intlibspace.o(.text)
    .text                                    0x0000106c   Section        0  _printf_fp_infnan.o(.text)
    .text                                    0x000010f4   Section        0  bigflt0.o(.text)
    .text                                    0x000011cc   Section        0  btod.o(.text)
    btod_internal_mul                        0x0000120d   Thumb Code   492  btod.o(.text)
    btod_internal_div                        0x000013f9   Thumb Code   520  btod.o(.text)
    .text                                    0x0000174c   Section        0  exit.o(.text)
    .text                                    0x0000175c   Section        8  libspace.o(.text)
    .text                                    0x00001764   Section        0  strcmp.o(.text)
    .text                                    0x000017ec   Section        0  sys_exit.o(.text)
    .text                                    0x000017f8   Section        2  use_no_semi.o(.text)
    .text                                    0x000017fa   Section        0  indicate_semi.o(.text)
    i.GPIO_ClrBit                            0x000017fa   Section        0  swm181_gpio.o(i.GPIO_ClrBit)
    i.GPIO_Init                              0x00001808   Section        0  swm181_gpio.o(i.GPIO_Init)
    i.GPIO_InvBit                            0x00001960   Section        0  swm181_gpio.o(i.GPIO_InvBit)
    i.GPIO_SetBit                            0x0000196c   Section        0  swm181_gpio.o(i.GPIO_SetBit)
    i.IRQ0_Handler                           0x00001978   Section        0  irq.o(i.IRQ0_Handler)
    i.IRQ_Connect                            0x000019e4   Section        0  swm181_irqmux.o(i.IRQ_Connect)
    i.Led_Init                               0x00001a78   Section        0  led.o(i.Led_Init)
    i.PORT_Init                              0x00001aa8   Section        0  swm181_port.o(i.PORT_Init)
    i.SysTick_Handler                        0x00001d58   Section        0  irq.o(i.SysTick_Handler)
    i.SystemCoreClockUpdate                  0x00001d74   Section        0  system_swm181.o(i.SystemCoreClockUpdate)
    i.SystemInit                             0x00001e14   Section        0  system_swm181.o(i.SystemInit)
    i.UART0_printf                           0x00001ee0   Section        0  uart.o(i.UART0_printf)
    i.UART_Close                             0x00001f38   Section        0  swm181_uart.o(i.UART_Close)
    i.UART_INTRXThresholdStat                0x00001f44   Section        0  swm181_uart.o(i.UART_INTRXThresholdStat)
    i.UART_Init                              0x00001f54   Section        0  swm181_uart.o(i.UART_Init)
    i.UART_IsRXFIFOEmpty                     0x00002060   Section        0  swm181_uart.o(i.UART_IsRXFIFOEmpty)
    i.UART_IsTXBusy                          0x0000206c   Section        0  swm181_uart.o(i.UART_IsTXBusy)
    i.UART_Open                              0x0000207a   Section        0  swm181_uart.o(i.UART_Open)
    i.UART_ReadByte                          0x00002086   Section        0  swm181_uart.o(i.UART_ReadByte)
    i.UART_WriteByte                         0x000020a2   Section        0  swm181_uart.o(i.UART_WriteByte)
    i.Uart_Init                              0x000020a8   Section        0  uart.o(i.Uart_Init)
    i.__ARM_common_ll_muluu                  0x0000210c   Section        0  btod.o(i.__ARM_common_ll_muluu)
    i.__ARM_common_switch8                   0x0000213c   Section        0  swm181_dma.o(i.__ARM_common_switch8)
    i.__ARM_fpclassify                       0x00002158   Section        0  fpclassify.o(i.__ARM_fpclassify)
    i.__NVIC_SetPriority                     0x00002184   Section        0  main.o(i.__NVIC_SetPriority)
    __NVIC_SetPriority                       0x00002185   Thumb Code   110  main.o(i.__NVIC_SetPriority)
    i.__NVIC_SetPriority                     0x000021fc   Section        0  swm181_irqmux.o(i.__NVIC_SetPriority)
    __NVIC_SetPriority                       0x000021fd   Thumb Code   110  swm181_irqmux.o(i.__NVIC_SetPriority)
    i._is_digit                              0x00002274   Section        0  __printf_wp.o(i._is_digit)
    i.main                                   0x00002284   Section        0  main.o(i.main)
    i.switchToRC12MHz                        0x000022f4   Section        0  system_swm181.o(i.switchToRC12MHz)
    i.switchToRC24MHz                        0x0000231c   Section        0  system_swm181.o(i.switchToRC24MHz)
    i.switchToRC32KHz                        0x00002340   Section        0  system_swm181.o(i.switchToRC32KHz)
    i.switchToRC48MHz                        0x00002368   Section        0  system_swm181.o(i.switchToRC48MHz)
    i.switchToRC6MHz                         0x00002390   Section        0  system_swm181.o(i.switchToRC6MHz)
    i.switchToXTAL                           0x000023b4   Section        0  system_swm181.o(i.switchToXTAL)
    locale$$code                             0x00002408   Section       44  lc_numeric_c.o(locale$$code)
    locale$$code                             0x00002434   Section       44  lc_ctype_c.o(locale$$code)
    x$fpl$printf1                            0x00002460   Section       16  printf1.o(x$fpl$printf1)
    .constdata                               0x00002470   Section        8  _printf_wctomb.o(.constdata)
    x$fpl$usenofp                            0x00002470   Section        0  usenofp.o(x$fpl$usenofp)
    initial_mbstate                          0x00002470   Data           8  _printf_wctomb.o(.constdata)
    .constdata                               0x00002478   Section       40  _printf_hex_int_ll_ptr.o(.constdata)
    uc_hextab                                0x00002478   Data          20  _printf_hex_int_ll_ptr.o(.constdata)
    lc_hextab                                0x0000248c   Data          20  _printf_hex_int_ll_ptr.o(.constdata)
    .constdata                               0x000024a0   Section       17  __printf_flags_ss_wp.o(.constdata)
    maptable                                 0x000024a0   Data          17  __printf_flags_ss_wp.o(.constdata)
    .constdata                               0x000024b4   Section      148  bigflt0.o(.constdata)
    tenpwrs_x                                0x000024b4   Data          60  bigflt0.o(.constdata)
    tenpwrs_i                                0x000024f0   Data          64  bigflt0.o(.constdata)
    locale$$data                             0x00002568   Section       28  lc_numeric_c.o(locale$$data)
    __lcnum_c_name                           0x0000256c   Data           2  lc_numeric_c.o(locale$$data)
    __lcnum_c_start                          0x00002574   Data           0  lc_numeric_c.o(locale$$data)
    __lcnum_c_point                          0x00002580   Data           0  lc_numeric_c.o(locale$$data)
    __lcnum_c_thousands                      0x00002582   Data           0  lc_numeric_c.o(locale$$data)
    __lcnum_c_grouping                       0x00002583   Data           0  lc_numeric_c.o(locale$$data)
    locale$$data                             0x00002584   Section      272  lc_ctype_c.o(locale$$data)
    __lcnum_c_end                            0x00002584   Data           0  lc_numeric_c.o(locale$$data)
    __lcctype_c_name                         0x00002588   Data           2  lc_ctype_c.o(locale$$data)
    __lcctype_c_start                        0x00002590   Data           0  lc_ctype_c.o(locale$$data)
    __lcctype_c_end                          0x00002694   Data           0  lc_ctype_c.o(locale$$data)
    .data                                    0x20000000   Section        2  uart.o(.data)
    .data                                    0x20000004   Section        8  system_swm181.o(.data)
    .bss                                     0x2000000c   Section      200  uart.o(.bss)
    .bss                                     0x200000d4   Section       96  libspace.o(.bss)
    HEAP                                     0x20000138   Section        0  startup_swm181.o(HEAP)
    STACK                                    0x20000138   Section     1024  startup_swm181.o(STACK)
    Heap_Mem                                 0x20000138   Data           0  startup_swm181.o(HEAP)
    Stack_Mem                                0x20000138   Data        1024  startup_swm181.o(STACK)

    Global Symbols

    Symbol Name                              Value     Ov Type        Size  Object(Section)

    BuildAttributes$$THM_ISAv3M$S$PE$A:L22$X:L11$S22$IEEE1$IW$USESV6$~STKCKD$USESV7$~SHL$OTIME$ROPI$IEEEJ$EBA8$UX$STANDARDLIB$REQ8$PRES8$EABIv2 0x00000000   Number         0  anon$$obj.o ABSOLUTE
    __ARM_use_no_argv                        0x00000000   Number         0  main.o ABSOLUTE
    __Vectors                                0x00000000   Data           4  startup_swm181.o(RESET)
    _printf_flags                            0x00000000   Number         0  printf_stubs.o ABSOLUTE
    _printf_return_value                     0x00000000   Number         0  printf_stubs.o ABSOLUTE
    _printf_sizespec                         0x00000000   Number         0  printf_stubs.o ABSOLUTE
    _printf_widthprec                        0x00000000   Number         0  printf_stubs.o ABSOLUTE
    __ARM_exceptions_init                     - Undefined Weak Reference
    __alloca_initialize                       - Undefined Weak Reference
    __arm_fini_                               - Undefined Weak Reference
    __arm_preinit_                            - Undefined Weak Reference
    __cpp_initialize__aeabi_                  - Undefined Weak Reference
    __cxa_finalize                            - Undefined Weak Reference
    __sigvec_lookup                           - Undefined Weak Reference
    _atexit_init                              - Undefined Weak Reference
    _call_atexit_fns                          - Undefined Weak Reference
    _clock_init                               - Undefined Weak Reference
    _fp_trap_init                             - Undefined Weak Reference
    _fp_trap_shutdown                         - Undefined Weak Reference
    _get_lc_collate                           - Undefined Weak Reference
    _get_lc_monetary                          - Undefined Weak Reference
    _get_lc_time                              - Undefined Weak Reference
    _getenv_init                              - Undefined Weak Reference
    _handle_redirection                       - Undefined Weak Reference
    _init_alloc                               - Undefined Weak Reference
    _init_user_alloc                          - Undefined Weak Reference
    _initio                                   - Undefined Weak Reference
    _printf_fp_hex                            - Undefined Weak Reference
    _printf_mbtowc                            - Undefined Weak Reference
    _printf_wc                                - Undefined Weak Reference
    _rand_init                                - Undefined Weak Reference
    _signal_finish                            - Undefined Weak Reference
    _signal_init                              - Undefined Weak Reference
    _terminate_alloc                          - Undefined Weak Reference
    _terminate_user_alloc                     - Undefined Weak Reference
    _terminateio                              - Undefined Weak Reference
    __Vectors_End                            0x000000c0   Data           0  startup_swm181.o(RESET)
    __Vectors_Size                           0x000000c0   Number         0  startup_swm181.o ABSOLUTE
    __main                                   0x000000c1   Thumb Code     8  __main.o(!!!main)
    __scatterload                            0x000000c9   Thumb Code     0  __scatter.o(!!!scatter)
    __scatterload_rt2                        0x000000c9   Thumb Code    52  __scatter.o(!!!scatter)
    __scatterload_rt2_thumb_only             0x000000c9   Thumb Code     0  __scatter.o(!!!scatter)
    __scatterload_null                       0x000000d9   Thumb Code     0  __scatter.o(!!!scatter)
    __scatterload_copy                       0x00000105   Thumb Code    26  __scatter_copy.o(!!handler_copy)
    __scatterload_zeroinit                   0x00000121   Thumb Code    28  __scatter_zi.o(!!handler_zi)
    _printf_percent                          0x0000013d   Thumb Code     0  _printf_percent.o(.ARM.Collect$$_printf_percent$$00000000)
    _printf_n                                0x0000013f   Thumb Code     0  _printf_n.o(.ARM.Collect$$_printf_percent$$00000001)
    _printf_p                                0x00000149   Thumb Code     0  _printf_p.o(.ARM.Collect$$_printf_percent$$00000002)
    _printf_f                                0x00000153   Thumb Code     0  _printf_f.o(.ARM.Collect$$_printf_percent$$00000003)
    _printf_e                                0x0000015d   Thumb Code     0  _printf_e.o(.ARM.Collect$$_printf_percent$$00000004)
    _printf_g                                0x00000167   Thumb Code     0  _printf_g.o(.ARM.Collect$$_printf_percent$$00000005)
    _printf_a                                0x00000171   Thumb Code     0  _printf_a.o(.ARM.Collect$$_printf_percent$$00000006)
    _printf_ll                               0x0000017b   Thumb Code     0  _printf_ll.o(.ARM.Collect$$_printf_percent$$00000007)
    _printf_i                                0x00000185   Thumb Code     0  _printf_i.o(.ARM.Collect$$_printf_percent$$00000008)
    _printf_d                                0x0000018f   Thumb Code     0  _printf_d.o(.ARM.Collect$$_printf_percent$$00000009)
    _printf_u                                0x00000199   Thumb Code     0  _printf_u.o(.ARM.Collect$$_printf_percent$$0000000A)
    _printf_o                                0x000001a3   Thumb Code     0  _printf_o.o(.ARM.Collect$$_printf_percent$$0000000B)
    _printf_x                                0x000001ad   Thumb Code     0  _printf_x.o(.ARM.Collect$$_printf_percent$$0000000C)
    _printf_lli                              0x000001b7   Thumb Code     0  _printf_lli.o(.ARM.Collect$$_printf_percent$$0000000D)
    _printf_lld                              0x000001c1   Thumb Code     0  _printf_lld.o(.ARM.Collect$$_printf_percent$$0000000E)
    _printf_llu                              0x000001cb   Thumb Code     0  _printf_llu.o(.ARM.Collect$$_printf_percent$$0000000F)
    _printf_llo                              0x000001d5   Thumb Code     0  _printf_llo.o(.ARM.Collect$$_printf_percent$$00000010)
    _printf_llx                              0x000001df   Thumb Code     0  _printf_llx.o(.ARM.Collect$$_printf_percent$$00000011)
    _printf_l                                0x000001e9   Thumb Code     0  _printf_l.o(.ARM.Collect$$_printf_percent$$00000012)
    _printf_c                                0x000001f3   Thumb Code     0  _printf_c.o(.ARM.Collect$$_printf_percent$$00000013)
    _printf_s                                0x000001fd   Thumb Code     0  _printf_s.o(.ARM.Collect$$_printf_percent$$00000014)
    _printf_lc                               0x00000207   Thumb Code     0  _printf_lc.o(.ARM.Collect$$_printf_percent$$00000015)
    _printf_ls                               0x00000211   Thumb Code     0  _printf_ls.o(.ARM.Collect$$_printf_percent$$00000016)
    _printf_percent_end                      0x0000021b   Thumb Code     0  _printf_percent_end.o(.ARM.Collect$$_printf_percent$$00000017)
    __rt_lib_init                            0x0000021f   Thumb Code     0  libinit.o(.ARM.Collect$$libinit$$00000000)
    __rt_lib_init_fp_1                       0x00000221   Thumb Code     0  libinit2.o(.ARM.Collect$$libinit$$00000002)
    __rt_lib_init_heap_1                     0x00000221   Thumb Code     0  libinit2.o(.ARM.Collect$$libinit$$0000000A)
    __rt_lib_init_lc_common                  0x00000221   Thumb Code     0  libinit2.o(.ARM.Collect$$libinit$$0000000F)
    __rt_lib_init_preinit_1                  0x00000221   Thumb Code     0  libinit2.o(.ARM.Collect$$libinit$$00000004)
    __rt_lib_init_rand_1                     0x00000221   Thumb Code     0  libinit2.o(.ARM.Collect$$libinit$$0000000E)
    __rt_lib_init_user_alloc_1               0x00000221   Thumb Code     0  libinit2.o(.ARM.Collect$$libinit$$0000000C)
    __rt_lib_init_lc_collate_1               0x00000227   Thumb Code     0  libinit2.o(.ARM.Collect$$libinit$$00000011)
    __rt_lib_init_lc_ctype_2                 0x00000227   Thumb Code     0  libinit2.o(.ARM.Collect$$libinit$$00000012)
    __rt_lib_init_lc_ctype_1                 0x00000233   Thumb Code     0  libinit2.o(.ARM.Collect$$libinit$$00000013)
    __rt_lib_init_lc_monetary_1              0x00000233   Thumb Code     0  libinit2.o(.ARM.Collect$$libinit$$00000015)
    __rt_lib_init_lc_numeric_2               0x00000233   Thumb Code     0  libinit2.o(.ARM.Collect$$libinit$$00000016)
    __rt_lib_init_alloca_1                   0x0000023d   Thumb Code     0  libinit2.o(.ARM.Collect$$libinit$$0000002E)
    __rt_lib_init_argv_1                     0x0000023d   Thumb Code     0  libinit2.o(.ARM.Collect$$libinit$$0000002C)
    __rt_lib_init_atexit_1                   0x0000023d   Thumb Code     0  libinit2.o(.ARM.Collect$$libinit$$0000001B)
    __rt_lib_init_clock_1                    0x0000023d   Thumb Code     0  libinit2.o(.ARM.Collect$$libinit$$00000021)
    __rt_lib_init_cpp_1                      0x0000023d   Thumb Code     0  libinit2.o(.ARM.Collect$$libinit$$00000032)
    __rt_lib_init_exceptions_1               0x0000023d   Thumb Code     0  libinit2.o(.ARM.Collect$$libinit$$00000030)
    __rt_lib_init_fp_trap_1                  0x0000023d   Thumb Code     0  libinit2.o(.ARM.Collect$$libinit$$0000001F)
    __rt_lib_init_getenv_1                   0x0000023d   Thumb Code     0  libinit2.o(.ARM.Collect$$libinit$$00000023)
    __rt_lib_init_lc_numeric_1               0x0000023d   Thumb Code     0  libinit2.o(.ARM.Collect$$libinit$$00000017)
    __rt_lib_init_lc_time_1                  0x0000023d   Thumb Code     0  libinit2.o(.ARM.Collect$$libinit$$00000019)
    __rt_lib_init_return                     0x0000023d   Thumb Code     0  libinit2.o(.ARM.Collect$$libinit$$00000033)
    __rt_lib_init_signal_1                   0x0000023d   Thumb Code     0  libinit2.o(.ARM.Collect$$libinit$$0000001D)
    __rt_lib_init_stdio_1                    0x0000023d   Thumb Code     0  libinit2.o(.ARM.Collect$$libinit$$00000025)
    __rt_lib_shutdown                        0x0000023f   Thumb Code     0  libshutdown.o(.ARM.Collect$$libshutdown$$00000000)
    __rt_lib_shutdown_cpp_1                  0x00000241   Thumb Code     0  libshutdown2.o(.ARM.Collect$$libshutdown$$00000004)
    __rt_lib_shutdown_fini_1                 0x00000241   Thumb Code     0  libshutdown2.o(.ARM.Collect$$libshutdown$$00000002)
    __rt_lib_shutdown_fp_trap_1              0x00000241   Thumb Code     0  libshutdown2.o(.ARM.Collect$$libshutdown$$00000009)
    __rt_lib_shutdown_heap_1                 0x00000241   Thumb Code     0  libshutdown2.o(.ARM.Collect$$libshutdown$$00000011)
    __rt_lib_shutdown_return                 0x00000241   Thumb Code     0  libshutdown2.o(.ARM.Collect$$libshutdown$$00000012)
    __rt_lib_shutdown_signal_1               0x00000241   Thumb Code     0  libshutdown2.o(.ARM.Collect$$libshutdown$$0000000C)
    __rt_lib_shutdown_stdio_1                0x00000241   Thumb Code     0  libshutdown2.o(.ARM.Collect$$libshutdown$$00000006)
    __rt_lib_shutdown_user_alloc_1           0x00000241   Thumb Code     0  libshutdown2.o(.ARM.Collect$$libshutdown$$0000000E)
    __rt_entry                               0x00000243   Thumb Code     0  __rtentry.o(.ARM.Collect$$rtentry$$00000000)
    __rt_entry_presh_1                       0x00000243   Thumb Code     0  __rtentry2.o(.ARM.Collect$$rtentry$$00000002)
    __rt_entry_sh                            0x00000243   Thumb Code     0  __rtentry4.o(.ARM.Collect$$rtentry$$00000004)
    __rt_entry_li                            0x00000249   Thumb Code     0  __rtentry2.o(.ARM.Collect$$rtentry$$0000000A)
    __rt_entry_postsh_1                      0x00000249   Thumb Code     0  __rtentry2.o(.ARM.Collect$$rtentry$$00000009)
    __rt_entry_main                          0x0000024d   Thumb Code     0  __rtentry2.o(.ARM.Collect$$rtentry$$0000000D)
    __rt_entry_postli_1                      0x0000024d   Thumb Code     0  __rtentry2.o(.ARM.Collect$$rtentry$$0000000C)
    __rt_exit                                0x00000255   Thumb Code     0  rtexit.o(.ARM.Collect$$rtexit$$00000000)
    __rt_exit_ls                             0x00000257   Thumb Code     0  rtexit2.o(.ARM.Collect$$rtexit$$00000003)
    __rt_exit_prels_1                        0x00000257   Thumb Code     0  rtexit2.o(.ARM.Collect$$rtexit$$00000002)
    __rt_exit_exit                           0x0000025b   Thumb Code     0  rtexit2.o(.ARM.Collect$$rtexit$$00000004)
    Reset_Handler                            0x00000261   Thumb Code     4  startup_swm181.o(.text)
    NMI_Handler                              0x00000265   Thumb Code     2  startup_swm181.o(.text)
    HardFault_Handler                        0x00000267   Thumb Code     2  startup_swm181.o(.text)
    SVC_Handler                              0x00000269   Thumb Code     2  startup_swm181.o(.text)
    PendSV_Handler                           0x0000026b   Thumb Code     2  startup_swm181.o(.text)
    IRQ1_Handler                             0x00000271   Thumb Code     2  startup_swm181.o(.text)
    IRQ2_Handler                             0x00000273   Thumb Code     2  startup_swm181.o(.text)
    IRQ3_Handler                             0x00000275   Thumb Code     2  startup_swm181.o(.text)
    IRQ4_Handler                             0x00000277   Thumb Code     2  startup_swm181.o(.text)
    IRQ5_Handler                             0x00000279   Thumb Code     2  startup_swm181.o(.text)
    IRQ6_Handler                             0x0000027b   Thumb Code     2  startup_swm181.o(.text)
    IRQ7_Handler                             0x0000027d   Thumb Code     2  startup_swm181.o(.text)
    IRQ8_Handler                             0x0000027f   Thumb Code     2  startup_swm181.o(.text)
    IRQ9_Handler                             0x00000281   Thumb Code     2  startup_swm181.o(.text)
    IRQ10_Handler                            0x00000283   Thumb Code     2  startup_swm181.o(.text)
    IRQ11_Handler                            0x00000285   Thumb Code     2  startup_swm181.o(.text)
    IRQ12_Handler                            0x00000287   Thumb Code     2  startup_swm181.o(.text)
    IRQ13_Handler                            0x00000289   Thumb Code     2  startup_swm181.o(.text)
    IRQ14_Handler                            0x0000028b   Thumb Code     2  startup_swm181.o(.text)
    IRQ15_Handler                            0x0000028d   Thumb Code     2  startup_swm181.o(.text)
    IRQ16_Handler                            0x0000028f   Thumb Code     2  startup_swm181.o(.text)
    IRQ17_Handler                            0x00000291   Thumb Code     2  startup_swm181.o(.text)
    IRQ18_Handler                            0x00000293   Thumb Code     2  startup_swm181.o(.text)
    IRQ19_Handler                            0x00000295   Thumb Code     2  startup_swm181.o(.text)
    IRQ20_Handler                            0x00000297   Thumb Code     2  startup_swm181.o(.text)
    IRQ21_Handler                            0x00000299   Thumb Code     2  startup_swm181.o(.text)
    IRQ22_Handler                            0x0000029b   Thumb Code     2  startup_swm181.o(.text)
    IRQ23_Handler                            0x0000029d   Thumb Code     2  startup_swm181.o(.text)
    IRQ24_Handler                            0x0000029f   Thumb Code     2  startup_swm181.o(.text)
    IRQ25_Handler                            0x000002a1   Thumb Code     2  startup_swm181.o(.text)
    IRQ26_Handler                            0x000002a3   Thumb Code     2  startup_swm181.o(.text)
    IRQ27_Handler                            0x000002a5   Thumb Code     2  startup_swm181.o(.text)
    IRQ28_Handler                            0x000002a9   Thumb Code     2  startup_swm181.o(.text)
    IRQ29_Handler                            0x000002ad   Thumb Code     2  startup_swm181.o(.text)
    IRQ30_Handler                            0x000002af   Thumb Code     2  startup_swm181.o(.text)
    IRQ31_Handler                            0x000002b1   Thumb Code     2  startup_swm181.o(.text)
    __user_initial_stackheap                 0x000002b5   Thumb Code     0  startup_swm181.o(.text)
    __c89vsnprintf                           0x000002d1   Thumb Code    50  c89vsnprintf.o(.text)
    strlen                                   0x00000309   Thumb Code    62  strlen.o(.text)
    __aeabi_uidiv                            0x0000034d   Thumb Code     0  aeabi_sdiv.o(.text)
    __aeabi_uidivmod                         0x0000034d   Thumb Code    20  aeabi_sdiv.o(.text)
    __aeabi_idiv                             0x00000361   Thumb Code     0  aeabi_sdiv.o(.text)
    __aeabi_idivmod                          0x00000361   Thumb Code   326  aeabi_sdiv.o(.text)
    __use_two_region_memory                  0x000004a7   Thumb Code     2  heapauxi.o(.text)
    __rt_heap_escrow$2region                 0x000004a9   Thumb Code     2  heapauxi.o(.text)
    __rt_heap_expand$2region                 0x000004ab   Thumb Code     2  heapauxi.o(.text)
    _printf_pre_padding                      0x000004ad   Thumb Code    44  _printf_pad.o(.text)
    _printf_post_padding                     0x000004d9   Thumb Code    34  _printf_pad.o(.text)
    _printf_truncate_signed                  0x000004fb   Thumb Code    18  _printf_truncate.o(.text)
    _printf_truncate_unsigned                0x0000050d   Thumb Code    18  _printf_truncate.o(.text)
    _printf_str                              0x0000051f   Thumb Code    82  _printf_str.o(.text)
    _printf_int_dec                          0x00000571   Thumb Code    90  _printf_dec.o(.text)
    _printf_charcount                        0x000005dd   Thumb Code    38  _printf_charcount.o(.text)
    _printf_char_common                      0x0000060f   Thumb Code    32  _printf_char_common.o(.text)
    _sputc                                   0x00000635   Thumb Code    10  _sputc.o(.text)
    _snputc                                  0x0000063f   Thumb Code    16  _snputc.o(.text)
    _printf_wctomb                           0x00000651   Thumb Code   182  _printf_wctomb.o(.text)
    _printf_longlong_dec                     0x0000070d   Thumb Code    94  _printf_longlong_dec.o(.text)
    _printf_longlong_oct                     0x0000077d   Thumb Code    68  _printf_oct_int_ll.o(.text)
    _printf_int_oct                          0x000007c1   Thumb Code    24  _printf_oct_int_ll.o(.text)
    _printf_ll_oct                           0x000007d9   Thumb Code    10  _printf_oct_int_ll.o(.text)
    _printf_longlong_hex                     0x000007ed   Thumb Code    88  _printf_hex_int_ll_ptr.o(.text)
    _printf_int_hex                          0x00000845   Thumb Code    28  _printf_hex_int_ll_ptr.o(.text)
    _printf_ll_hex                           0x00000861   Thumb Code    10  _printf_hex_int_ll_ptr.o(.text)
    _printf_hex_ptr                          0x0000086b   Thumb Code    22  _printf_hex_int_ll_ptr.o(.text)
    __printf                                 0x00000885   Thumb Code   386  __printf_flags_ss_wp.o(.text)
    _ll_udiv10                               0x00000a0d   Thumb Code   122  lludiv10.o(.text)
    _printf_int_common                       0x00000a87   Thumb Code   176  _printf_intcommon.o(.text)
    __lib_sel_fp_printf                      0x00000b39   Thumb Code     2  _printf_fp_dec.o(.text)
    _printf_fp_dec_real                      0x00000cd7   Thumb Code   620  _printf_fp_dec.o(.text)
    _printf_cs_common                        0x00000f51   Thumb Code    22  _printf_char.o(.text)
    _printf_char                             0x00000f67   Thumb Code    16  _printf_char.o(.text)
    _printf_string                           0x00000f77   Thumb Code     8  _printf_char.o(.text)
    _printf_lcs_common                       0x00000f7f   Thumb Code    22  _printf_wchar.o(.text)
    _printf_wchar                            0x00000f95   Thumb Code    16  _printf_wchar.o(.text)
    _printf_wstring                          0x00000fa5   Thumb Code     8  _printf_wchar.o(.text)
    _wcrtomb                                 0x00000fad   Thumb Code    64  _wcrtomb.o(.text)
    __rt_udiv10                              0x00000fed   Thumb Code    40  rtudiv10.o(.text)
    __user_setup_stackheap                   0x00001015   Thumb Code    62  sys_stackheap_outer.o(.text)
    __rt_ctype_table                         0x00001055   Thumb Code    16  rt_ctype_table.o(.text)
    __rt_locale                              0x00001065   Thumb Code     8  rt_locale_intlibspace.o(.text)
    _printf_fp_infnan                        0x0000106d   Thumb Code   120  _printf_fp_infnan.o(.text)
    _btod_etento                             0x000010f5   Thumb Code   210  bigflt0.o(.text)
    _btod_d2e                                0x000011cd   Thumb Code    64  btod.o(.text)
    _btod_emul                               0x00001601   Thumb Code    28  btod.o(.text)
    _btod_emuld                              0x0000161d   Thumb Code   144  btod.o(.text)
    _btod_ediv                               0x000016ad   Thumb Code    26  btod.o(.text)
    _btod_edivd                              0x000016c7   Thumb Code   124  btod.o(.text)
    exit                                     0x0000174d   Thumb Code    16  exit.o(.text)
    __user_libspace                          0x0000175d   Thumb Code     8  libspace.o(.text)
    __user_perproc_libspace                  0x0000175d   Thumb Code     0  libspace.o(.text)
    __user_perthread_libspace                0x0000175d   Thumb Code     0  libspace.o(.text)
    strcmp                                   0x00001765   Thumb Code   132  strcmp.o(.text)
    _sys_exit                                0x000017ed   Thumb Code     8  sys_exit.o(.text)
    __I$use$semihosting                      0x000017f9   Thumb Code     0  use_no_semi.o(.text)
    __use_no_semihosting_swi                 0x000017f9   Thumb Code     2  use_no_semi.o(.text)
    GPIO_ClrBit                              0x000017fb   Thumb Code    12  swm181_gpio.o(i.GPIO_ClrBit)
    __semihosting_library_function           0x000017fb   Thumb Code     0  indicate_semi.o(.text)
    GPIO_Init                                0x00001809   Thumb Code   332  swm181_gpio.o(i.GPIO_Init)
    GPIO_InvBit                              0x00001961   Thumb Code    12  swm181_gpio.o(i.GPIO_InvBit)
    GPIO_SetBit                              0x0000196d   Thumb Code    12  swm181_gpio.o(i.GPIO_SetBit)
    IRQ0_Handler                             0x00001979   Thumb Code    90  irq.o(i.IRQ0_Handler)
    IRQ_Connect                              0x000019e5   Thumb Code   142  swm181_irqmux.o(i.IRQ_Connect)
    Led_Init                                 0x00001a79   Thumb Code    40  led.o(i.Led_Init)
    PORT_Init                                0x00001aa9   Thumb Code   678  swm181_port.o(i.PORT_Init)
    SysTick_Handler                          0x00001d59   Thumb Code    20  irq.o(i.SysTick_Handler)
    SystemCoreClockUpdate                    0x00001d75   Thumb Code   128  system_swm181.o(i.SystemCoreClockUpdate)
    SystemInit                               0x00001e15   Thumb Code   198  system_swm181.o(i.SystemInit)
    UART0_printf                             0x00001ee1   Thumb Code    82  uart.o(i.UART0_printf)
    UART_Close                               0x00001f39   Thumb Code    12  swm181_uart.o(i.UART_Close)
    UART_INTRXThresholdStat                  0x00001f45   Thumb Code    14  swm181_uart.o(i.UART_INTRXThresholdStat)
    UART_Init                                0x00001f55   Thumb Code   254  swm181_uart.o(i.UART_Init)
    UART_IsRXFIFOEmpty                       0x00002061   Thumb Code    12  swm181_uart.o(i.UART_IsRXFIFOEmpty)
    UART_IsTXBusy                            0x0000206d   Thumb Code    14  swm181_uart.o(i.UART_IsTXBusy)
    UART_Open                                0x0000207b   Thumb Code    12  swm181_uart.o(i.UART_Open)
    UART_ReadByte                            0x00002087   Thumb Code    28  swm181_uart.o(i.UART_ReadByte)
    UART_WriteByte                           0x000020a3   Thumb Code     4  swm181_uart.o(i.UART_WriteByte)
    Uart_Init                                0x000020a9   Thumb Code    90  uart.o(i.Uart_Init)
    __ARM_common_ll_muluu                    0x0000210d   Thumb Code    48  btod.o(i.__ARM_common_ll_muluu)
    __ARM_common_switch8                     0x0000213d   Thumb Code    28  swm181_dma.o(i.__ARM_common_switch8)
    __ARM_fpclassify                         0x00002159   Thumb Code    40  fpclassify.o(i.__ARM_fpclassify)
    _is_digit                                0x00002275   Thumb Code    14  __printf_wp.o(i._is_digit)
    main                                     0x00002285   Thumb Code    84  main.o(i.main)
    switchToRC12MHz                          0x000022f5   Thumb Code    34  system_swm181.o(i.switchToRC12MHz)
    switchToRC24MHz                          0x0000231d   Thumb Code    32  system_swm181.o(i.switchToRC24MHz)
    switchToRC32KHz                          0x00002341   Thumb Code    34  system_swm181.o(i.switchToRC32KHz)
    switchToRC48MHz                          0x00002369   Thumb Code    34  system_swm181.o(i.switchToRC48MHz)
    switchToRC6MHz                           0x00002391   Thumb Code    32  system_swm181.o(i.switchToRC6MHz)
    switchToXTAL                             0x000023b5   Thumb Code    72  system_swm181.o(i.switchToXTAL)
    _get_lc_numeric                          0x00002409   Thumb Code    44  lc_numeric_c.o(locale$$code)
    _get_lc_ctype                            0x00002435   Thumb Code    44  lc_ctype_c.o(locale$$code)
    _printf_fp_dec                           0x00002461   Thumb Code    16  printf1.o(x$fpl$printf1)
    __I$use$fp                               0x00002470   Number         0  usenofp.o(x$fpl$usenofp)
    Region$$Table$$Base                      0x00002548   Number         0  anon$$obj.o(Region$$Table)
    Region$$Table$$Limit                     0x00002568   Number         0  anon$$obj.o(Region$$Table)
    __ctype                                  0x00002591   Data           0  lc_ctype_c.o(locale$$data)
    UART0_RX_STA                             0x20000000   Data           2  uart.o(.data)
    SystemCoreClock                          0x20000004   Data           4  system_swm181.o(.data)
    CyclesPerUs                              0x20000008   Data           4  system_swm181.o(.data)
    UART0_RX_BUF                             0x2000000c   Data         200  uart.o(.bss)
    __libspace_start                         0x200000d4   Data          96  libspace.o(.bss)
    __temporary_stack_top$libspace           0x20000134   Data           0  libspace.o(.bss)



==============================================================================

Memory Map of the image

  Image Entry point : 0x000000c1

  Load Region LR_IROM1 (Base: 0x00000000, Size: 0x000026a0, Max: 0x0003e000, ABSOLUTE)

    Execution Region ER_IROM1 (Base: 0x00000000, Size: 0x00002694, Max: 0x0003e000, ABSOLUTE)

    Base Addr    Size         Type   Attr      Idx    E Section Name        Object

    0x00000000   0x000000c0   Data   RO         1521    RESET               startup_swm181.o
    0x000000c0   0x00000008   Code   RO         1606  * !!!main             c_p.l(__main.o)
    0x000000c8   0x0000003c   Code   RO         1918    !!!scatter          c_p.l(__scatter.o)
    0x00000104   0x0000001a   Code   RO         1920    !!handler_copy      c_p.l(__scatter_copy.o)
    0x0000011e   0x00000002   PAD
    0x00000120   0x0000001c   Code   RO         1922    !!handler_zi        c_p.l(__scatter_zi.o)
    0x0000013c   0x00000002   Code   RO         1696    .ARM.Collect$$_printf_percent$$00000000  c_p.l(_printf_percent.o)
    0x0000013e   0x0000000a   Code   RO         1685    .ARM.Collect$$_printf_percent$$00000001  c_p.l(_printf_n.o)
    0x00000148   0x0000000a   Code   RO         1687    .ARM.Collect$$_printf_percent$$00000002  c_p.l(_printf_p.o)
    0x00000152   0x0000000a   Code   RO         1692    .ARM.Collect$$_printf_percent$$00000003  c_p.l(_printf_f.o)
    0x0000015c   0x0000000a   Code   RO         1693    .ARM.Collect$$_printf_percent$$00000004  c_p.l(_printf_e.o)
    0x00000166   0x0000000a   Code   RO         1694    .ARM.Collect$$_printf_percent$$00000005  c_p.l(_printf_g.o)
    0x00000170   0x0000000a   Code   RO         1695    .ARM.Collect$$_printf_percent$$00000006  c_p.l(_printf_a.o)
    0x0000017a   0x0000000a   Code   RO         1700    .ARM.Collect$$_printf_percent$$00000007  c_p.l(_printf_ll.o)
    0x00000184   0x0000000a   Code   RO         1689    .ARM.Collect$$_printf_percent$$00000008  c_p.l(_printf_i.o)
    0x0000018e   0x0000000a   Code   RO         1690    .ARM.Collect$$_printf_percent$$00000009  c_p.l(_printf_d.o)
    0x00000198   0x0000000a   Code   RO         1691    .ARM.Collect$$_printf_percent$$0000000A  c_p.l(_printf_u.o)
    0x000001a2   0x0000000a   Code   RO         1688    .ARM.Collect$$_printf_percent$$0000000B  c_p.l(_printf_o.o)
    0x000001ac   0x0000000a   Code   RO         1686    .ARM.Collect$$_printf_percent$$0000000C  c_p.l(_printf_x.o)
    0x000001b6   0x0000000a   Code   RO         1697    .ARM.Collect$$_printf_percent$$0000000D  c_p.l(_printf_lli.o)
    0x000001c0   0x0000000a   Code   RO         1698    .ARM.Collect$$_printf_percent$$0000000E  c_p.l(_printf_lld.o)
    0x000001ca   0x0000000a   Code   RO         1699    .ARM.Collect$$_printf_percent$$0000000F  c_p.l(_printf_llu.o)
    0x000001d4   0x0000000a   Code   RO         1704    .ARM.Collect$$_printf_percent$$00000010  c_p.l(_printf_llo.o)
    0x000001de   0x0000000a   Code   RO         1705    .ARM.Collect$$_printf_percent$$00000011  c_p.l(_printf_llx.o)
    0x000001e8   0x0000000a   Code   RO         1701    .ARM.Collect$$_printf_percent$$00000012  c_p.l(_printf_l.o)
    0x000001f2   0x0000000a   Code   RO         1683    .ARM.Collect$$_printf_percent$$00000013  c_p.l(_printf_c.o)
    0x000001fc   0x0000000a   Code   RO         1684    .ARM.Collect$$_printf_percent$$00000014  c_p.l(_printf_s.o)
    0x00000206   0x0000000a   Code   RO         1702    .ARM.Collect$$_printf_percent$$00000015  c_p.l(_printf_lc.o)
    0x00000210   0x0000000a   Code   RO         1703    .ARM.Collect$$_printf_percent$$00000016  c_p.l(_printf_ls.o)
    0x0000021a   0x00000004   Code   RO         1737    .ARM.Collect$$_printf_percent$$00000017  c_p.l(_printf_percent_end.o)
    0x0000021e   0x00000002   Code   RO         1775    .ARM.Collect$$libinit$$00000000  c_p.l(libinit.o)
    0x00000220   0x00000000   Code   RO         1799    .ARM.Collect$$libinit$$00000002  c_p.l(libinit2.o)
    0x00000220   0x00000000   Code   RO         1801    .ARM.Collect$$libinit$$00000004  c_p.l(libinit2.o)
    0x00000220   0x00000000   Code   RO         1804    .ARM.Collect$$libinit$$0000000A  c_p.l(libinit2.o)
    0x00000220   0x00000000   Code   RO         1806    .ARM.Collect$$libinit$$0000000C  c_p.l(libinit2.o)
    0x00000220   0x00000000   Code   RO         1808    .ARM.Collect$$libinit$$0000000E  c_p.l(libinit2.o)
    0x00000220   0x00000006   Code   RO         1809    .ARM.Collect$$libinit$$0000000F  c_p.l(libinit2.o)
    0x00000226   0x00000000   Code   RO         1811    .ARM.Collect$$libinit$$00000011  c_p.l(libinit2.o)
    0x00000226   0x0000000c   Code   RO         1812    .ARM.Collect$$libinit$$00000012  c_p.l(libinit2.o)
    0x00000232   0x00000000   Code   RO         1813    .ARM.Collect$$libinit$$00000013  c_p.l(libinit2.o)
    0x00000232   0x00000000   Code   RO         1815    .ARM.Collect$$libinit$$00000015  c_p.l(libinit2.o)
    0x00000232   0x0000000a   Code   RO         1816    .ARM.Collect$$libinit$$00000016  c_p.l(libinit2.o)
    0x0000023c   0x00000000   Code   RO         1817    .ARM.Collect$$libinit$$00000017  c_p.l(libinit2.o)
    0x0000023c   0x00000000   Code   RO         1819    .ARM.Collect$$libinit$$00000019  c_p.l(libinit2.o)
    0x0000023c   0x00000000   Code   RO         1821    .ARM.Collect$$libinit$$0000001B  c_p.l(libinit2.o)
    0x0000023c   0x00000000   Code   RO         1823    .ARM.Collect$$libinit$$0000001D  c_p.l(libinit2.o)
    0x0000023c   0x00000000   Code   RO         1825    .ARM.Collect$$libinit$$0000001F  c_p.l(libinit2.o)
    0x0000023c   0x00000000   Code   RO         1827    .ARM.Collect$$libinit$$00000021  c_p.l(libinit2.o)
    0x0000023c   0x00000000   Code   RO         1829    .ARM.Collect$$libinit$$00000023  c_p.l(libinit2.o)
    0x0000023c   0x00000000   Code   RO         1831    .ARM.Collect$$libinit$$00000025  c_p.l(libinit2.o)
    0x0000023c   0x00000000   Code   RO         1835    .ARM.Collect$$libinit$$0000002C  c_p.l(libinit2.o)
    0x0000023c   0x00000000   Code   RO         1837    .ARM.Collect$$libinit$$0000002E  c_p.l(libinit2.o)
    0x0000023c   0x00000000   Code   RO         1839    .ARM.Collect$$libinit$$00000030  c_p.l(libinit2.o)
    0x0000023c   0x00000000   Code   RO         1841    .ARM.Collect$$libinit$$00000032  c_p.l(libinit2.o)
    0x0000023c   0x00000002   Code   RO         1842    .ARM.Collect$$libinit$$00000033  c_p.l(libinit2.o)
    0x0000023e   0x00000002   Code   RO         1873    .ARM.Collect$$libshutdown$$00000000  c_p.l(libshutdown.o)
    0x00000240   0x00000000   Code   RO         1899    .ARM.Collect$$libshutdown$$00000002  c_p.l(libshutdown2.o)
    0x00000240   0x00000000   Code   RO         1901    .ARM.Collect$$libshutdown$$00000004  c_p.l(libshutdown2.o)
    0x00000240   0x00000000   Code   RO         1903    .ARM.Collect$$libshutdown$$00000006  c_p.l(libshutdown2.o)
    0x00000240   0x00000000   Code   RO         1906    .ARM.Collect$$libshutdown$$00000009  c_p.l(libshutdown2.o)
    0x00000240   0x00000000   Code   RO         1909    .ARM.Collect$$libshutdown$$0000000C  c_p.l(libshutdown2.o)
    0x00000240   0x00000000   Code   RO         1911    .ARM.Collect$$libshutdown$$0000000E  c_p.l(libshutdown2.o)
    0x00000240   0x00000000   Code   RO         1914    .ARM.Collect$$libshutdown$$00000011  c_p.l(libshutdown2.o)
    0x00000240   0x00000002   Code   RO         1915    .ARM.Collect$$libshutdown$$00000012  c_p.l(libshutdown2.o)
    0x00000242   0x00000000   Code   RO         1608    .ARM.Collect$$rtentry$$00000000  c_p.l(__rtentry.o)
    0x00000242   0x00000000   Code   RO         1709    .ARM.Collect$$rtentry$$00000002  c_p.l(__rtentry2.o)
    0x00000242   0x00000006   Code   RO         1721    .ARM.Collect$$rtentry$$00000004  c_p.l(__rtentry4.o)
    0x00000248   0x00000000   Code   RO         1711    .ARM.Collect$$rtentry$$00000009  c_p.l(__rtentry2.o)
    0x00000248   0x00000004   Code   RO         1712    .ARM.Collect$$rtentry$$0000000A  c_p.l(__rtentry2.o)
    0x0000024c   0x00000000   Code   RO         1714    .ARM.Collect$$rtentry$$0000000C  c_p.l(__rtentry2.o)
    0x0000024c   0x00000008   Code   RO         1715    .ARM.Collect$$rtentry$$0000000D  c_p.l(__rtentry2.o)
    0x00000254   0x00000002   Code   RO         1785    .ARM.Collect$$rtexit$$00000000  c_p.l(rtexit.o)
    0x00000256   0x00000000   Code   RO         1846    .ARM.Collect$$rtexit$$00000002  c_p.l(rtexit2.o)
    0x00000256   0x00000004   Code   RO         1847    .ARM.Collect$$rtexit$$00000003  c_p.l(rtexit2.o)
    0x0000025a   0x00000006   Code   RO         1848    .ARM.Collect$$rtexit$$00000004  c_p.l(rtexit2.o)
    0x00000260   0x00000070   Code   RO         1522    .text               startup_swm181.o
    0x000002d0   0x00000038   Code   RO         1596    .text               c_p.l(c89vsnprintf.o)
    0x00000308   0x00000044   Code   RO         1598    .text               c_p.l(strlen.o)
    0x0000034c   0x0000015a   Code   RO         1600    .text               c_p.l(aeabi_sdiv.o)
    0x000004a6   0x00000006   Code   RO         1604    .text               c_p.l(heapauxi.o)
    0x000004ac   0x0000004e   Code   RO         1615    .text               c_p.l(_printf_pad.o)
    0x000004fa   0x00000024   Code   RO         1617    .text               c_p.l(_printf_truncate.o)
    0x0000051e   0x00000052   Code   RO         1619    .text               c_p.l(_printf_str.o)
    0x00000570   0x0000006c   Code   RO         1621    .text               c_p.l(_printf_dec.o)
    0x000005dc   0x00000026   Code   RO         1623    .text               c_p.l(_printf_charcount.o)
    0x00000602   0x00000002   PAD
    0x00000604   0x00000030   Code   RO         1625    .text               c_p.l(_printf_char_common.o)
    0x00000634   0x0000000a   Code   RO         1627    .text               c_p.l(_sputc.o)
    0x0000063e   0x00000010   Code   RO         1629    .text               c_p.l(_snputc.o)
    0x0000064e   0x00000002   PAD
    0x00000650   0x000000bc   Code   RO         1631    .text               c_p.l(_printf_wctomb.o)
    0x0000070c   0x00000070   Code   RO         1634    .text               c_p.l(_printf_longlong_dec.o)
    0x0000077c   0x00000070   Code   RO         1640    .text               c_p.l(_printf_oct_int_ll.o)
    0x000007ec   0x00000098   Code   RO         1660    .text               c_p.l(_printf_hex_int_ll_ptr.o)
    0x00000884   0x00000188   Code   RO         1680    .text               c_p.l(__printf_flags_ss_wp.o)
    0x00000a0c   0x0000007a   Code   RO         1725    .text               c_p.l(lludiv10.o)
    0x00000a86   0x000000b0   Code   RO         1727    .text               c_p.l(_printf_intcommon.o)
    0x00000b36   0x00000002   PAD
    0x00000b38   0x00000418   Code   RO         1729    .text               c_p.l(_printf_fp_dec.o)
    0x00000f50   0x0000002e   Code   RO         1733    .text               c_p.l(_printf_char.o)
    0x00000f7e   0x0000002e   Code   RO         1735    .text               c_p.l(_printf_wchar.o)
    0x00000fac   0x00000040   Code   RO         1738    .text               c_p.l(_wcrtomb.o)
    0x00000fec   0x00000028   Code   RO         1740    .text               c_p.l(rtudiv10.o)
    0x00001014   0x0000003e   Code   RO         1742    .text               c_p.l(sys_stackheap_outer.o)
    0x00001052   0x00000002   PAD
    0x00001054   0x00000010   Code   RO         1745    .text               c_p.l(rt_ctype_table.o)
    0x00001064   0x00000008   Code   RO         1750    .text               c_p.l(rt_locale_intlibspace.o)
    0x0000106c   0x00000088   Code   RO         1752    .text               c_p.l(_printf_fp_infnan.o)
    0x000010f4   0x000000d8   Code   RO         1754    .text               c_p.l(bigflt0.o)
    0x000011cc   0x00000580   Code   RO         1757    .text               c_p.l(btod.o)
    0x0000174c   0x00000010   Code   RO         1764    .text               c_p.l(exit.o)
    0x0000175c   0x00000008   Code   RO         1781    .text               c_p.l(libspace.o)
    0x00001764   0x00000088   Code   RO         1796    .text               c_p.l(strcmp.o)
    0x000017ec   0x0000000c   Code   RO         1843    .text               c_p.l(sys_exit.o)
    0x000017f8   0x00000002   Code   RO         1862    .text               c_p.l(use_no_semi.o)
    0x000017fa   0x00000000   Code   RO         1864    .text               c_p.l(indicate_semi.o)
    0x000017fa   0x0000000c   Code   RO          461    i.GPIO_ClrBit       swm181_gpio.o
    0x00001806   0x00000002   PAD
    0x00001808   0x00000158   Code   RO          465    i.GPIO_Init         swm181_gpio.o
    0x00001960   0x0000000c   Code   RO          466    i.GPIO_InvBit       swm181_gpio.o
    0x0000196c   0x0000000c   Code   RO          468    i.GPIO_SetBit       swm181_gpio.o
    0x00001978   0x0000006c   Code   RO          142    i.IRQ0_Handler      irq.o
    0x000019e4   0x00000094   Code   RO          639    i.IRQ_Connect       swm181_irqmux.o
    0x00001a78   0x00000030   Code   RO          174    i.Led_Init          led.o
    0x00001aa8   0x000002b0   Code   RO          673    i.PORT_Init         swm181_port.o
    0x00001d58   0x0000001c   Code   RO          143    i.SysTick_Handler   irq.o
    0x00001d74   0x000000a0   Code   RO         1528    i.SystemCoreClockUpdate  system_swm181.o
    0x00001e14   0x000000cc   Code   RO         1529    i.SystemInit        system_swm181.o
    0x00001ee0   0x00000058   Code   RO          236    i.UART0_printf      uart.o
    0x00001f38   0x0000000c   Code   RO         1319    i.UART_Close        swm181_uart.o
    0x00001f44   0x0000000e   Code   RO         1323    i.UART_INTRXThresholdStat  swm181_uart.o
    0x00001f52   0x00000002   PAD
    0x00001f54   0x0000010c   Code   RO         1333    i.UART_Init         swm181_uart.o
    0x00002060   0x0000000c   Code   RO         1334    i.UART_IsRXFIFOEmpty  swm181_uart.o
    0x0000206c   0x0000000e   Code   RO         1335    i.UART_IsTXBusy     swm181_uart.o
    0x0000207a   0x0000000c   Code   RO         1341    i.UART_Open         swm181_uart.o
    0x00002086   0x0000001c   Code   RO         1344    i.UART_ReadByte     swm181_uart.o
    0x000020a2   0x00000004   Code   RO         1346    i.UART_WriteByte    swm181_uart.o
    0x000020a6   0x00000002   PAD
    0x000020a8   0x00000064   Code   RO          237    i.Uart_Init         uart.o
    0x0000210c   0x00000030   Code   RO         1759    i.__ARM_common_ll_muluu  c_p.l(btod.o)
    0x0000213c   0x0000001c   Code   RO          448    i.__ARM_common_switch8  swm181_dma.o
    0x00002158   0x0000002c   Code   RO         1779    i.__ARM_fpclassify  m_ps.l(fpclassify.o)
    0x00002184   0x00000078   Code   RO            3    i.__NVIC_SetPriority  main.o
    0x000021fc   0x00000078   Code   RO          641    i.__NVIC_SetPriority  swm181_irqmux.o
    0x00002274   0x0000000e   Code   RO         1673    i._is_digit         c_p.l(__printf_wp.o)
    0x00002282   0x00000002   PAD
    0x00002284   0x00000070   Code   RO            4    i.main              main.o
    0x000022f4   0x00000028   Code   RO         1530    i.switchToRC12MHz   system_swm181.o
    0x0000231c   0x00000024   Code   RO         1531    i.switchToRC24MHz   system_swm181.o
    0x00002340   0x00000028   Code   RO         1532    i.switchToRC32KHz   system_swm181.o
    0x00002368   0x00000028   Code   RO         1533    i.switchToRC48MHz   system_swm181.o
    0x00002390   0x00000024   Code   RO         1534    i.switchToRC6MHz    system_swm181.o
    0x000023b4   0x00000054   Code   RO         1535    i.switchToXTAL      system_swm181.o
    0x00002408   0x0000002c   Code   RO         1762    locale$$code        c_p.l(lc_numeric_c.o)
    0x00002434   0x0000002c   Code   RO         1790    locale$$code        c_p.l(lc_ctype_c.o)
    0x00002460   0x00000010   Code   RO         1706    x$fpl$printf1       fz_ps.l(printf1.o)
    0x00002470   0x00000000   Code   RO         1778    x$fpl$usenofp       fz_ps.l(usenofp.o)
    0x00002470   0x00000008   Data   RO         1632    .constdata          c_p.l(_printf_wctomb.o)
    0x00002478   0x00000028   Data   RO         1661    .constdata          c_p.l(_printf_hex_int_ll_ptr.o)
    0x000024a0   0x00000011   Data   RO         1681    .constdata          c_p.l(__printf_flags_ss_wp.o)
    0x000024b1   0x00000003   PAD
    0x000024b4   0x00000094   Data   RO         1755    .constdata          c_p.l(bigflt0.o)
    0x00002548   0x00000020   Data   RO         1916    Region$$Table       anon$$obj.o
    0x00002568   0x0000001c   Data   RO         1761    locale$$data        c_p.l(lc_numeric_c.o)
    0x00002584   0x00000110   Data   RO         1789    locale$$data        c_p.l(lc_ctype_c.o)


    Execution Region RW_IRAM1 (Base: 0x20000000, Size: 0x00000538, Max: 0x00004000, ABSOLUTE)

    Base Addr    Size         Type   Attr      Idx    E Section Name        Object

    0x20000000   0x00000002   Data   RW          239    .data               uart.o
    0x20000002   0x00000002   PAD
    0x20000004   0x00000008   Data   RW         1536    .data               system_swm181.o
    0x2000000c   0x000000c8   Zero   RW          238    .bss                uart.o
    0x200000d4   0x00000060   Zero   RW         1782    .bss                c_p.l(libspace.o)
    0x20000134   0x00000004   PAD
    0x20000138   0x00000000   Zero   RW         1520    HEAP                startup_swm181.o
    0x20000138   0x00000400   Zero   RW         1519    STACK               startup_swm181.o


==============================================================================

Image component sizes


      Code (inc. data)   RO Data    RW Data    ZI Data      Debug   Object Name

       136         26          0          0          0        825   irq.o
        48          8          0          0          0        399   led.o
       232         38          0          0          0      93055   main.o
       112         24        192          0       1024       1872   startup_swm181.o
        28          0          0          0          0         76   swm181_dma.o
       380         12          0          0          0       3510   swm181_gpio.o
       268         16          0          0          0      10094   swm181_irqmux.o
       688         10          0          0          0       1652   swm181_port.o
       364         14          0          0          0       5825   swm181_uart.o
       640         84          0          8          0       3991   system_swm181.o
       188         16          0          2        200       2271   uart.o

    ----------------------------------------------------------------------
      3090        248        224         12       1224     123570   Object Totals
         0          0         32          0          0          0   (incl. Generated)
         6          0          0          2          0          0   (incl. Padding)

    ----------------------------------------------------------------------

      Code (inc. data)   RO Data    RW Data    ZI Data      Debug   Library Member Name

         8          0          0          0          0         68   __main.o
       392          6         17          0          0         76   __printf_flags_ss_wp.o
        14          0          0          0          0         60   __printf_wp.o
         0          0          0          0          0          0   __rtentry.o
        12          0          0          0          0          0   __rtentry2.o
         6          0          0          0          0          0   __rtentry4.o
        60          8          0          0          0          0   __scatter.o
        26          0          0          0          0          0   __scatter_copy.o
        28          0          0          0          0          0   __scatter_zi.o
        10          0          0          0          0          0   _printf_a.o
        10          0          0          0          0          0   _printf_c.o
        46          0          0          0          0        100   _printf_char.o
        48          6          0          0          0         88   _printf_char_common.o
        38          0          0          0          0         60   _printf_charcount.o
        10          0          0          0          0          0   _printf_d.o
       108         18          0          0          0         76   _printf_dec.o
        10          0          0          0          0          0   _printf_e.o
        10          0          0          0          0          0   _printf_f.o
      1048         14          0          0          0        176   _printf_fp_dec.o
       136         16          0          0          0         76   _printf_fp_infnan.o
        10          0          0          0          0          0   _printf_g.o
       152          4         40          0          0        148   _printf_hex_int_ll_ptr.o
        10          0          0          0          0          0   _printf_i.o
       176          0          0          0          0         84   _printf_intcommon.o
        10          0          0          0          0          0   _printf_l.o
        10          0          0          0          0          0   _printf_lc.o
        10          0          0          0          0          0   _printf_ll.o
        10          0          0          0          0          0   _printf_lld.o
        10          0          0          0          0          0   _printf_lli.o
        10          0          0          0          0          0   _printf_llo.o
        10          0          0          0          0          0   _printf_llu.o
        10          0          0          0          0          0   _printf_llx.o
       112         18          0          0          0         76   _printf_longlong_dec.o
        10          0          0          0          0          0   _printf_ls.o
        10          0          0          0          0          0   _printf_n.o
        10          0          0          0          0          0   _printf_o.o
       112         10          0          0          0        112   _printf_oct_int_ll.o
        10          0          0          0          0          0   _printf_p.o
        78          0          0          0          0        100   _printf_pad.o
         2          0          0          0          0          0   _printf_percent.o
         4          0          0          0          0          0   _printf_percent_end.o
        10          0          0          0          0          0   _printf_s.o
        82          0          0          0          0         72   _printf_str.o
        36          0          0          0          0         76   _printf_truncate.o
        10          0          0          0          0          0   _printf_u.o
        46          0          0          0          0        100   _printf_wchar.o
       188          6          8          0          0         80   _printf_wctomb.o
        10          0          0          0          0          0   _printf_x.o
        16          0          0          0          0         60   _snputc.o
        10          0          0          0          0         60   _sputc.o
        64          0          0          0          0         72   _wcrtomb.o
       346          0          0          0          0         92   aeabi_sdiv.o
       216          6        148          0          0         80   bigflt0.o
      1456         30          0          0          0        336   btod.o
        56          6          0          0          0         72   c89vsnprintf.o
        16          0          0          0          0         68   exit.o
         6          0          0          0          0        136   heapauxi.o
         0          0          0          0          0          0   indicate_semi.o
        44         10        272          0          0         76   lc_ctype_c.o
        44         10         28          0          0         76   lc_numeric_c.o
         2          0          0          0          0          0   libinit.o
        30          0          0          0          0          0   libinit2.o
         2          0          0          0          0          0   libshutdown.o
         2          0          0          0          0          0   libshutdown2.o
         8          4          0          0         96         68   libspace.o
       122          0          0          0          0         72   lludiv10.o
        16          4          0          0          0         76   rt_ctype_table.o
         8          4          0          0          0         68   rt_locale_intlibspace.o
         2          0          0          0          0          0   rtexit.o
        10          0          0          0          0          0   rtexit2.o
        40          0          0          0          0         60   rtudiv10.o
       136          4          0          0          0         72   strcmp.o
        68          6          0          0          0         72   strlen.o
        12          4          0          0          0         60   sys_exit.o
        62          0          0          0          0         80   sys_stackheap_outer.o
         2          0          0          0          0         68   use_no_semi.o
        16          4          0          0          0         76   printf1.o
         0          0          0          0          0          0   usenofp.o
        44          4          0          0          0         60   fpclassify.o

    ----------------------------------------------------------------------
      6046        202        516          0        100       3588   Library Totals
        12          0          3          0          4          0   (incl. Padding)

    ----------------------------------------------------------------------

      Code (inc. data)   RO Data    RW Data    ZI Data      Debug   Library Name

      5974        194        513          0         96       3452   c_p.l
        16          4          0          0          0         76   fz_ps.l
        44          4          0          0          0         60   m_ps.l

    ----------------------------------------------------------------------
      6046        202        516          0        100       3588   Library Totals

    ----------------------------------------------------------------------

==============================================================================


      Code (inc. data)   RO Data    RW Data    ZI Data      Debug   

      9136        450        740         12       1324     124158   Grand Totals
      9136        450        740         12       1324     124158   ELF Image Totals
      9136        450        740         12          0          0   ROM Totals

==============================================================================

    Total RO  Size (Code + RO Data)                 9876 (   9.64kB)
    Total RW  Size (RW Data + ZI Data)              1336 (   1.30kB)
    Total ROM Size (Code + RO Data + RW Data)       9888 (   9.66kB)

==============================================================================

