Component: ARM Compiler 5.06 update 7 (build 960) Tool: armlink [4d3601]

==============================================================================

Section Cross References

    main.o(i.SysTick_Handler) refers to uart.o(i.UART0_printf) for UART0_printf
    main.o(i.SysTick_Handler) refers to swm181_gpio.o(i.GPIO_InvBit) for GPIO_InvBit
    main.o(i.main) refers to system_swm181.o(i.SystemInit) for SystemInit
    main.o(i.main) refers to led.o(i.Led_Init) for Led_Init
    main.o(i.main) refers to oled.o(i.OLED_Init) for OLED_Init
    main.o(i.main) refers to uart.o(i.Uart_Init) for Uart_Init
    main.o(i.main) refers to uart.o(i.UART0_printf) for UART0_printf
    main.o(i.main) refers to mpu6050.o(i.MPU_Init) for MPU_Init
    main.o(i.main) refers to oled.o(i.OLED_ShowString) for OLED_ShowString
    main.o(i.main) refers to oled.o(i.OLED_Refresh_Gram) for OLED_Refresh_Gram
    main.o(i.main) refers to delay.o(i.delay_ms) for delay_ms
    main.o(i.main) refers to inv_mpu.o(i.mpu_dmp_init) for mpu_dmp_init
    main.o(i.main) refers to swm181_gpio.o(i.GPIO_InvBit) for GPIO_InvBit
    main.o(i.main) refers to main.o(i.__NVIC_SetPriority) for __NVIC_SetPriority
    main.o(i.main) refers to oled.o(i.OLED_Clear) for OLED_Clear
    main.o(i.main) refers to inv_mpu.o(i.mpu_dmp_get_data) for mpu_dmp_get_data
    main.o(i.main) refers to fmul.o(x$fpl$fmul) for __aeabi_fmul
    main.o(i.main) refers to ffixi.o(.text) for __aeabi_f2iz
    main.o(i.main) refers to oled.o(i.OLED_ShowChar) for OLED_ShowChar
    main.o(i.main) refers to aeabi_sdiv.o(.text) for __aeabi_idivmod
    main.o(i.main) refers to oled.o(i.OLED_ShowNum) for OLED_ShowNum
    main.o(i.main) refers to system_swm181.o(.data) for SystemCoreClock
    main.o(i.main) refers to main.o(.data) for yaw
    oled.o(i.I2C_WaitAck) refers to swm181_gpio.o(i.GPIO_SetBit) for GPIO_SetBit
    oled.o(i.I2C_WaitAck) refers to swm181_gpio.o(i.GPIO_ClrBit) for GPIO_ClrBit
    oled.o(i.I2c_Start) refers to swm181_gpio.o(i.GPIO_SetBit) for GPIO_SetBit
    oled.o(i.I2c_Start) refers to swm181_gpio.o(i.GPIO_ClrBit) for GPIO_ClrBit
    oled.o(i.I2c_Stop) refers to swm181_gpio.o(i.GPIO_SetBit) for GPIO_SetBit
    oled.o(i.I2c_Stop) refers to swm181_gpio.o(i.GPIO_ClrBit) for GPIO_ClrBit
    oled.o(i.OLED_Clear) refers to oled.o(i.OLED_Refresh_Gram) for OLED_Refresh_Gram
    oled.o(i.OLED_Clear) refers to oled.o(.bss) for OLED_GRAM
    oled.o(i.OLED_ClearPoint) refers to oled.o(.bss) for OLED_GRAM
    oled.o(i.OLED_ColorTurn) refers to oled.o(i.OLED_WR_Byte) for OLED_WR_Byte
    oled.o(i.OLED_DisPlay_Off) refers to oled.o(i.OLED_WR_Byte) for OLED_WR_Byte
    oled.o(i.OLED_DisPlay_On) refers to oled.o(i.OLED_WR_Byte) for OLED_WR_Byte
    oled.o(i.OLED_DisplayTurn) refers to oled.o(i.OLED_WR_Byte) for OLED_WR_Byte
    oled.o(i.OLED_DrawPoint) refers to oled.o(.bss) for OLED_GRAM
    oled.o(i.OLED_Init) refers to swm181_gpio.o(i.GPIO_Init) for GPIO_Init
    oled.o(i.OLED_Init) refers to oled.o(i.OLED_WR_Byte) for OLED_WR_Byte
    oled.o(i.OLED_Init) refers to oled.o(i.OLED_Clear) for OLED_Clear
    oled.o(i.OLED_Refresh_Gram) refers to oled.o(i.OLED_WR_Byte) for OLED_WR_Byte
    oled.o(i.OLED_Refresh_Gram) refers to oled.o(.bss) for OLED_GRAM
    oled.o(i.OLED_ShowChar) refers to oled.o(i.OLED_DrawPoint) for OLED_DrawPoint
    oled.o(i.OLED_ShowChar) refers to oled.o(.constdata) for asc2_1206
    oled.o(i.OLED_ShowNum) refers to oled.o(i.OLED_Pow) for OLED_Pow
    oled.o(i.OLED_ShowNum) refers to aeabi_sdiv.o(.text) for __aeabi_uidivmod
    oled.o(i.OLED_ShowNum) refers to oled.o(i.OLED_ShowChar) for OLED_ShowChar
    oled.o(i.OLED_ShowString) refers to oled.o(i.OLED_Clear) for OLED_Clear
    oled.o(i.OLED_ShowString) refers to oled.o(i.OLED_ShowChar) for OLED_ShowChar
    oled.o(i.OLED_WR_BP) refers to oled.o(i.OLED_WR_Byte) for OLED_WR_Byte
    oled.o(i.OLED_WR_Byte) refers to oled.o(i.I2c_Start) for I2c_Start
    oled.o(i.OLED_WR_Byte) refers to oled.o(i.Send_Byte) for Send_Byte
    oled.o(i.OLED_WR_Byte) refers to oled.o(i.I2C_WaitAck) for I2C_WaitAck
    oled.o(i.OLED_WR_Byte) refers to oled.o(i.I2c_Stop) for I2c_Stop
    oled.o(i.Send_Byte) refers to swm181_gpio.o(i.GPIO_ClrBit) for GPIO_ClrBit
    oled.o(i.Send_Byte) refers to swm181_gpio.o(i.GPIO_SetBit) for GPIO_SetBit
    led.o(i.Led_Init) refers to swm181_gpio.o(i.GPIO_Init) for GPIO_Init
    led.o(i.Led_Init) refers to swm181_gpio.o(i.GPIO_SetBit) for GPIO_SetBit
    led.o(i.Led_Init) refers to swm181_gpio.o(i.GPIO_ClrBit) for GPIO_ClrBit
    mpu6050.o(i.MPU_Get_Accelerometer) refers to mpu6050.o(i.MPU_Read_Len) for MPU_Read_Len
    mpu6050.o(i.MPU_Get_Gyroscope) refers to mpu6050.o(i.MPU_Read_Len) for MPU_Read_Len
    mpu6050.o(i.MPU_Get_Temperature) refers to mpu6050.o(i.MPU_Read_Len) for MPU_Read_Len
    mpu6050.o(i.MPU_Get_Temperature) refers to dflti.o(.text) for __aeabi_i2d
    mpu6050.o(i.MPU_Get_Temperature) refers to ddiv.o(.text) for __aeabi_ddiv
[...]
    i.switchToRC12MHz                        0x000071ec   Section        0  system_swm181.o(i.switchToRC12MHz)
    i.switchToRC24MHz                        0x00007214   Section        0  system_swm181.o(i.switchToRC24MHz)
    i.switchToRC32KHz                        0x00007238   Section        0  system_swm181.o(i.switchToRC32KHz)
    i.switchToRC48MHz                        0x00007260   Section        0  system_swm181.o(i.switchToRC48MHz)
    i.switchToRC6MHz                         0x00007288   Section        0  system_swm181.o(i.switchToRC6MHz)
    i.switchToXTAL                           0x000072ac   Section        0  system_swm181.o(i.switchToXTAL)
    locale$$code                             0x00007300   Section       44  lc_numeric_c.o(locale$$code)
    locale$$code                             0x0000732c   Section       44  lc_ctype_c.o(locale$$code)
    x$fpl$deqf                               0x00007358   Section      100  deqf.o(x$fpl$deqf)
    x$fpl$fadd                               0x000073bc   Section      140  faddsub.o(x$fpl$fadd)
    _fadd1                                   0x000073c9   Thumb Code     0  faddsub.o(x$fpl$fadd)
    x$fpl$feqf                               0x00007448   Section       84  feqf.o(x$fpl$feqf)
    x$fpl$fleqf                              0x0000749c   Section       84  flef.o(x$fpl$fleqf)
    x$fpl$fmul                               0x000074f0   Section      176  fmul.o(x$fpl$fmul)
    x$fpl$frleqf                             0x000075a0   Section       88  frlef.o(x$fpl$frleqf)
    x$fpl$fsub                               0x000075f8   Section      208  faddsub.o(x$fpl$fsub)
    _fsub1                                   0x00007605   Thumb Code     0  faddsub.o(x$fpl$fsub)
    x$fpl$printf1                            0x000076c8   Section       16  printf1.o(x$fpl$printf1)
    .constdata                               0x000076d8   Section     6080  oled.o(.constdata)
    x$fpl$usenofp                            0x000076d8   Section        0  usenofp.o(x$fpl$usenofp)
    .constdata                               0x00008e98   Section       80  inv_mpu.o(.constdata)
    .constdata                               0x00008ee8   Section     3062  inv_mpu_dmp_motion_driver.o(.constdata)
    dmp_memory                               0x00008ee8   Data        3062  inv_mpu_dmp_motion_driver.o(.constdata)
    .constdata                               0x00009ade   Section      128  ddiv.o(.constdata)
    ddiv_reciptbl                            0x00009ade   Data         128  ddiv.o(.constdata)
    .constdata                               0x00009b5e   Section       64  fdiv.o(.constdata)
    fdiv_tab                                 0x00009b5e   Data          64  fdiv.o(.constdata)
    .constdata                               0x00009ba0   Section       80  asin.o(.constdata)
    pS                                       0x00009ba0   Data          48  asin.o(.constdata)
    qS                                       0x00009bd0   Data          32  asin.o(.constdata)
    .constdata                               0x00009bf0   Section        8  _printf_wctomb.o(.constdata)
    initial_mbstate                          0x00009bf0   Data           8  _printf_wctomb.o(.constdata)
    .constdata                               0x00009bf8   Section       40  _printf_hex_int_ll_ptr.o(.constdata)
    uc_hextab                                0x00009bf8   Data          20  _printf_hex_int_ll_ptr.o(.constdata)
    lc_hextab                                0x00009c0c   Data          20  _printf_hex_int_ll_ptr.o(.constdata)
    .constdata                               0x00009c20   Section       17  __printf_flags_ss_wp.o(.constdata)
    maptable                                 0x00009c20   Data          17  __printf_flags_ss_wp.o(.constdata)
    .constdata                               0x00009c38   Section      152  atan.o(.constdata)
    atanhi                                   0x00009c38   Data          32  atan.o(.constdata)
    atanlo                                   0x00009c58   Data          32  atan.o(.constdata)
    aTodd                                    0x00009c78   Data          40  atan.o(.constdata)
    aTeven                                   0x00009ca0   Data          48  atan.o(.constdata)
    .constdata                               0x00009cd0   Section        8  qnan.o(.constdata)
    .constdata                               0x00009cd8   Section      148  bigflt0.o(.constdata)
    tenpwrs_x                                0x00009cd8   Data          60  bigflt0.o(.constdata)
    tenpwrs_i                                0x00009d14   Data          64  bigflt0.o(.constdata)
    .conststring                             0x00009d6c   Section       77  inv_mpu.o(.conststring)
    locale$$data                             0x00009ddc   Section       28  lc_numeric_c.o(locale$$data)
    __lcnum_c_name                           0x00009de0   Data           2  lc_numeric_c.o(locale$$data)
    __lcnum_c_start                          0x00009de8   Data           0  lc_numeric_c.o(locale$$data)
    __lcnum_c_point                          0x00009df4   Data           0  lc_numeric_c.o(locale$$data)
    __lcnum_c_thousands                      0x00009df6   Data           0  lc_numeric_c.o(locale$$data)
    __lcnum_c_grouping                       0x00009df7   Data           0  lc_numeric_c.o(locale$$data)
    locale$$data                             0x00009df8   Section      272  lc_ctype_c.o(locale$$data)
    __lcnum_c_end                            0x00009df8   Data           0  lc_numeric_c.o(locale$$data)
    __lcctype_c_name                         0x00009dfc   Data           2  lc_ctype_c.o(locale$$data)
    __lcctype_c_start                        0x00009e04   Data           0  lc_ctype_c.o(locale$$data)
    __lcctype_c_end                          0x00009f08   Data           0  lc_ctype_c.o(locale$$data)
    .data                                    0x20000000   Section       26  main.o(.data)
    .data                                    0x2000001c   Section       53  inv_mpu.o(.data)
    st                                       0x2000001c   Data          44  inv_mpu.o(.data)
    gyro_orientation                         0x20000048   Data           9  inv_mpu.o(.data)
    .data                                    0x20000054   Section        8  system_swm181.o(.data)
    .bss                                     0x2000005c   Section     1024  oled.o(.bss)
    .bss                                     0x2000045c   Section       16  inv_mpu_dmp_motion_driver.o(.bss)
    dmp                                      0x2000045c   Data          16  inv_mpu_dmp_motion_driver.o(.bss)
    .bss                                     0x2000046c   Section       96  libspace.o(.bss)
    HEAP                                     0x200004d0   Section        0  startup_swm181.o(HEAP)
    STACK                                    0x200004d0   Section     1024  startup_swm181.o(STACK)
    Heap_Mem                                 0x200004d0   Data           0  startup_swm181.o(HEAP)
    Stack_Mem                                0x200004d0   Data        1024  startup_swm181.o(STACK)

    Global Symbols

    Symbol Name                              Value     Ov Type        Size  Object(Section)

    BuildAttributes$$THM_ISAv3M$S$PE$A:L22$X:L11$S22$IEEE1$IW$USESV6$~STKCKD$USESV7$~SHL$OTIME$ROPI$IEEEX$EBA8$UX$STANDARDLIB$REQ8$PRES8$EABIv2 0x00000000   Number         0  anon$$obj.o ABSOLUTE
    __ARM_use_no_argv                        0x00000000   Number         0  main.o ABSOLUTE
    __Vectors                                0x00000000   Data           4  startup_swm181.o(RESET)
    _printf_flags                            0x00000000   Number         0  printf_stubs.o ABSOLUTE
    _printf_return_value                     0x00000000   Number         0  printf_stubs.o ABSOLUTE
    _printf_sizespec                         0x00000000   Number         0  printf_stubs.o ABSOLUTE
    _printf_widthprec                        0x00000000   Number         0  printf_stubs.o ABSOLUTE
    __ARM_exceptions_init                     - Undefined Weak Reference
    __alloca_initialize                       - Undefined Weak Reference
    __arm_fini_                               - Undefined Weak Reference
    __arm_preinit_                            - Undefined Weak Reference
    __cpp_initialize__aeabi_                  - Undefined Weak Reference
    __cxa_finalize                            - Undefined Weak Reference
    __sigvec_lookup                           - Undefined Weak Reference
    _atexit_init                              - Undefined Weak Reference
    _call_atexit_fns                          - Undefined Weak Reference
    _clock_init                               - Undefined Weak Reference
    _fp_trap_init                             - Undefined Weak Reference
    _fp_trap_shutdown                         - Undefined Weak Reference
    _get_lc_collate                           - Undefined Weak Reference
    _get_lc_monetary                          - Undefined Weak Reference
    _get_lc_time                              - Undefined Weak Reference
    _getenv_init                              - Undefined Weak Reference
    _handle_redirection                       - Undefined Weak Reference
    _init_alloc                               - Undefined Weak Reference
    _init_user_alloc                          - Undefined Weak Reference
    _initio                                   - Undefined Weak Reference
    _printf_fp_hex                            - Undefined Weak Reference
    _printf_mbtowc                            - Undefined Weak Reference
    _printf_wc                                - Undefined Weak Reference
    _rand_init                                - Undefined Weak Reference
    _signal_finish                            - Undefined Weak Reference
    _signal_init                              - Undefined Weak Reference
    _terminate_alloc                          - Undefined Weak Reference
    _terminate_user_alloc                     - Undefined Weak Reference
    _terminateio                              - Undefined Weak Reference
    __Vectors_End                            0x000000c0   Data           0  startup_swm181.o(RESET)
    __Vectors_Size                           0x000000c0   Number         0  startup_swm181.o ABSOLUTE
    __main                                   0x000000c1   Thumb Code     8  __main.o(!!!main)
    __scatterload                            0x000000c9   Thumb Code     0  __scatter.o(!!!scatter)
    __scatterload_rt2                        0x000000c9   Thumb Code    52  __scatter.o(!!!scatter)
    __scatterload_rt2_thumb_only             0x000000c9   Thumb Code     0  __scatter.o(!!!scatter)
    __scatterload_null                       0x000000d9   Thumb Code     0  __scatter.o(!!!scatter)
    __scatterload_copy                       0x00000105   Thumb Code    26  __scatter_copy.o(!!handler_copy)
    __scatterload_zeroinit                   0x00000121   Thumb Code    28  __scatter_zi.o(!!handler_zi)
    _printf_percent                          0x0000013d   Thumb Code     0  _printf_percent.o(.ARM.Collect$$_printf_percent$$00000000)
    _printf_n                                0x0000013f   Thumb Code     0  _printf_n.o(.ARM.Collect$$_printf_percent$$00000001)
    _printf_p                                0x00000149   Thumb Code     0  _printf_p.o(.ARM.Collect$$_printf_percent$$00000002)
    _printf_f                                0x00000153   Thumb Code     0  _printf_f.o(.ARM.Collect$$_printf_percent$$00000003)
    _printf_e                                0x0000015d   Thumb Code     0  _printf_e.o(.ARM.Collect$$_printf_percent$$00000004)
    _printf_g                                0x00000167   Thumb Code     0  _printf_g.o(.ARM.Collect$$_printf_percent$$00000005)
    _printf_a                                0x00000171   Thumb Code     0  _printf_a.o(.ARM.Collect$$_printf_percent$$00000006)
    _printf_ll                               0x0000017b   Thumb Code     0  _printf_ll.o(.ARM.Collect$$_printf_percent$$00000007)
    _printf_i                                0x00000185   Thumb Code     0  _printf_i.o(.ARM.Collect$$_printf_percent$$00000008)
    _printf_d                                0x0000018f   Thumb Code     0  _printf_d.o(.ARM.Collect$$_printf_percent$$00000009)
    _printf_u                                0x00000199   Thumb Code     0  _printf_u.o(.ARM.Collect$$_printf_percent$$0000000A)
    _printf_o                                0x000001a3   Thumb Code     0  _printf_o.o(.ARM.Collect$$_printf_percent$$0000000B)
    _printf_x                                0x000001ad   Thumb Code     0  _printf_x.o(.ARM.Collect$$_printf_percent$$0000000C)
    _printf_lli                              0x000001b7   Thumb Code     0  _printf_lli.o(.ARM.Collect$$_printf_percent$$0000000D)
    _printf_lld                              0x000001c1   Thumb Code     0  _printf_lld.o(.ARM.Collect$$_printf_percent$$0000000E)
    _printf_llu                              0x000001cb   Thumb Code     0  _printf_llu.o(.ARM.Collect$$_printf_percent$$0000000F)
    _printf_llo                              0x000001d5   Thumb Code     0  _printf_llo.o(.ARM.Collect$$_printf_percent$$00000010)
    _printf_llx                              0x000001df   Thumb Code     0  _printf_llx.o(.ARM.Collect$$_printf_percent$$00000011)
    _printf_l                                0x000001e9   Thumb Code     0  _printf_l.o(.ARM.Collect$$_printf_percent$$00000012)
    _printf_c                                0x000001f3   Thumb Code     0  _printf_c.o(.ARM.Collect$$_printf_percent$$00000013)
    _printf_s                                0x000001fd   Thumb Code     0  _printf_s.o(.ARM.Collect$$_printf_percent$$00000014)
    _printf_lc                               0x00000207   Thumb Code     0  _printf_lc.o(.ARM.Collect$$_printf_percent$$00000015)
    _printf_ls                               0x00000211   Thumb Code     0  _printf_ls.o(.ARM.Collect$$_printf_percent$$00000016)
    _printf_percent_end                      0x0000021b   Thumb Code     0  _printf_percent_end.o(.ARM.Collect$$_printf_percent$$00000017)
    __rt_lib_init                            0x0000021f   Thumb Code     0  libinit.o(.ARM.Collect$$libinit$$00000000)
    __rt_lib_init_fp_1                       0x00000221   Thumb Code     0  libinit2.o(.ARM.Collect$$libinit$$00000002)
    __rt_lib_init_heap_1                     0x00000221   Thumb Code     0  libinit2.o(.ARM.Collect$$libinit$$0000000A)
    __rt_lib_init_lc_common                  0x00000221   Thumb Code     0  libinit2.o(.ARM.Collect$$libinit$$0000000F)
    __rt_lib_init_preinit_1                  0x00000221   Thumb Code     0  libinit2.o(.ARM.Collect$$libinit$$00000004)
    __rt_lib_init_rand_1                     0x00000221   Thumb Code     0  libinit2.o(.ARM.Collect$$libinit$$0000000E)
    __rt_lib_init_user_alloc_1               0x00000221   Thumb Code     0  libinit2.o(.ARM.Collect$$libinit$$0000000C)
    __rt_lib_init_lc_collate_1               0x00000227   Thumb Code     0  libinit2.o(.ARM.Collect$$libinit$$00000011)
    __rt_lib_init_lc_ctype_2                 0x00000227   Thumb Code     0  libinit2.o(.ARM.Collect$$libinit$$00000012)
    __rt_lib_init_lc_ctype_1                 0x00000233   Thumb Code     0  libinit2.o(.ARM.Collect$$libinit$$00000013)
    __rt_lib_init_lc_monetary_1              0x00000233   Thumb Code     0  libinit2.o(.ARM.Collect$$libinit$$00000015)
    __rt_lib_init_lc_numeric_2               0x00000233   Thumb Code     0  libinit2.o(.ARM.Collect$$libinit$$00000016)
    __rt_lib_init_alloca_1                   0x0000023d   Thumb Code     0  libinit2.o(.ARM.Collect$$libinit$$0000002E)
    __rt_lib_init_argv_1                     0x0000023d   Thumb Code     0  libinit2.o(.ARM.Collect$$libinit$$0000002C)
    __rt_lib_init_atexit_1                   0x0000023d   Thumb Code     0  libinit2.o(.ARM.Collect$$libinit$$0000001B)
    __rt_lib_init_clock_1                    0x0000023d   Thumb Code     0  libinit2.o(.ARM.Collect$$libinit$$00000021)
    __rt_lib_init_cpp_1                      0x0000023d   Thumb Code     0  libinit2.o(.ARM.Collect$$libinit$$00000032)
    __rt_lib_init_exceptions_1               0x0000023d   Thumb Code     0  libinit2.o(.ARM.Collect$$libinit$$00000030)
    __rt_lib_init_fp_trap_1                  0x0000023d   Thumb Code     0  libinit2.o(.ARM.Collect$$libinit$$0000001F)
    __rt_lib_init_getenv_1                   0x0000023d   Thumb Code     0  libinit2.o(.ARM.Collect$$libinit$$00000023)
    __rt_lib_init_lc_numeric_1               0x0000023d   Thumb Code     0  libinit2.o(.ARM.Collect$$libinit$$00000017)
    __rt_lib_init_lc_time_1                  0x0000023d   Thumb Code     0  libinit2.o(.ARM.Collect$$libinit$$00000019)
    __rt_lib_init_return                     0x0000023d   Thumb Code     0  libinit2.o(.ARM.Collect$$libinit$$00000033)
    __rt_lib_init_signal_1                   0x0000023d   Thumb Code     0  libinit2.o(.ARM.Collect$$libinit$$0000001D)
    __rt_lib_init_stdio_1                    0x0000023d   Thumb Code     0  libinit2.o(.ARM.Collect$$libinit$$00000025)
    __rt_lib_shutdown                        0x0000023f   Thumb Code     0  libshutdown.o(.ARM.Collect$$libshutdown$$00000000)
    __rt_lib_shutdown_cpp_1                  0x00000241   Thumb Code     0  libshutdown2.o(.ARM.Collect$$libshutdown$$00000004)
    __rt_lib_shutdown_fini_1                 0x00000241   Thumb Code     0  libshutdown2.o(.ARM.Collect$$libshutdown$$00000002)
    __rt_lib_shutdown_fp_trap_1              0x00000241   Thumb Code     0  libshutdown2.o(.ARM.Collect$$libshutdown$$00000009)
    __rt_lib_shutdown_heap_1                 0x00000241   Thumb Code     0  libshutdown2.o(.ARM.Collect$$libshutdown$$00000011)
    __rt_lib_shutdown_return                 0x00000241   Thumb Code     0  libshutdown2.o(.ARM.Collect$$libshutdown$$00000012)
    __rt_lib_shutdown_signal_1               0x00000241   Thumb Code     0  libshutdown2.o(.ARM.Collect$$libshutdown$$0000000C)
    __rt_lib_shutdown_stdio_1                0x00000241   Thumb Code     0  libshutdown2.o(.ARM.Collect$$libshutdown$$00000006)
    __rt_lib_shutdown_user_alloc_1           0x00000241   Thumb Code     0  libshutdown2.o(.ARM.Collect$$libshutdown$$0000000E)
    __rt_entry                               0x00000243   Thumb Code     0  __rtentry.o(.ARM.Collect$$rtentry$$00000000)
    __rt_entry_presh_1                       0x00000243   Thumb Code     0  __rtentry2.o(.ARM.Collect$$rtentry$$00000002)
    __rt_entry_sh                            0x00000243   Thumb Code     0  __rtentry4.o(.ARM.Collect$$rtentry$$00000004)
    __rt_entry_li                            0x00000249   Thumb Code     0  __rtentry2.o(.ARM.Collect$$rtentry$$0000000A)
    __rt_entry_postsh_1                      0x00000249   Thumb Code     0  __rtentry2.o(.ARM.Collect$$rtentry$$00000009)
    __rt_entry_main                          0x0000024d   Thumb Code     0  __rtentry2.o(.ARM.Collect$$rtentry$$0000000D)
    __rt_entry_postli_1                      0x0000024d   Thumb Code     0  __rtentry2.o(.ARM.Collect$$rtentry$$0000000C)
    __rt_exit                                0x00000255   Thumb Code     0  rtexit.o(.ARM.Collect$$rtexit$$00000000)
    __rt_exit_ls                             0x00000257   Thumb Code     0  rtexit2.o(.ARM.Collect$$rtexit$$00000003)
    __rt_exit_prels_1                        0x00000257   Thumb Code     0  rtexit2.o(.ARM.Collect$$rtexit$$00000002)
    __rt_exit_exit                           0x0000025b   Thumb Code     0  rtexit2.o(.ARM.Collect$$rtexit$$00000004)
    Reset_Handler                            0x00000261   Thumb Code     4  startup_swm181.o(.text)
    NMI_Handler                              0x00000265   Thumb Code     2  startup_swm181.o(.text)
    HardFault_Handler                        0x00000267   Thumb Code     2  startup_swm181.o(.text)
    SVC_Handler                              0x00000269   Thumb Code     2  startup_swm181.o(.text)
    PendSV_Handler                           0x0000026b   Thumb Code     2  startup_swm181.o(.text)
    IRQ0_Handler                             0x0000026f   Thumb Code     2  startup_swm181.o(.text)
    IRQ1_Handler                             0x00000271   Thumb Code     2  startup_swm181.o(.text)
    IRQ2_Handler                             0x00000273   Thumb Code     2  startup_swm181.o(.text)
    IRQ3_Handler                             0x00000275   Thumb Code     2  startup_swm181.o(.text)
    IRQ4_Handler                             0x00000277   Thumb Code     2  startup_swm181.o(.text)
    IRQ5_Handler                             0x00000279   Thumb Code     2  startup_swm181.o(.text)
    IRQ6_Handler                             0x0000027b   Thumb Code     2  startup_swm181.o(.text)
    IRQ7_Handler                             0x0000027d   Thumb Code     2  startup_swm181.o(.text)
    IRQ8_Handler                             0x0000027f   Thumb Code     2  startup_swm181.o(.text)
    IRQ9_Handler                             0x00000281   Thumb Code     2  startup_swm181.o(.text)
    IRQ10_Handler                            0x00000283   Thumb Code     2  startup_swm181.o(.text)
    IRQ11_Handler                            0x00000285   Thumb Code     2  startup_swm181.o(.text)
    IRQ12_Handler                            0x00000287   Thumb Code     2  startup_swm181.o(.text)
    IRQ13_Handler                            0x00000289   Thumb Code     2  startup_swm181.o(.text)
    IRQ14_Handler                            0x0000028b   Thumb Code     2  startup_swm181.o(.text)
    IRQ15_Handler                            0x0000028d   Thumb Code     2  startup_swm181.o(.text)
    IRQ16_Handler                            0x0000028f   Thumb Code     2  startup_swm181.o(.text)
    IRQ17_Handler                            0x00000291   Thumb Code     2  startup_swm181.o(.text)
    IRQ18_Handler                            0x00000293   Thumb Code     2  startup_swm181.o(.text)
    IRQ19_Handler                            0x00000295   Thumb Code     2  startup_swm181.o(.text)
    IRQ20_Handler                            0x00000297   Thumb Code     2  startup_swm181.o(.text)
    IRQ21_Handler                            0x00000299   Thumb Code     2  startup_swm181.o(.text)
    IRQ22_Handler                            0x0000029b   Thumb Code     2  startup_swm181.o(.text)
    IRQ23_Handler                            0x0000029d   Thumb Code     2  startup_swm181.o(.text)
    IRQ24_Handler                            0x0000029f   Thumb Code     2  startup_swm181.o(.text)
    IRQ25_Handler                            0x000002a1   Thumb Code     2  startup_swm181.o(.text)
    IRQ26_Handler                            0x000002a3   Thumb Code     2  startup_swm181.o(.text)
    IRQ27_Handler                            0x000002a5   Thumb Code     2  startup_swm181.o(.text)
    IRQ28_Handler                            0x000002a9   Thumb Code     2  startup_swm181.o(.text)
    IRQ29_Handler                            0x000002ad   Thumb Code     2  startup_swm181.o(.text)
    IRQ30_Handler                            0x000002af   Thumb Code     2  startup_swm181.o(.text)
    IRQ31_Handler                            0x000002b1   Thumb Code     2  startup_swm181.o(.text)
    __user_initial_stackheap                 0x000002b5   Thumb Code     0  startup_swm181.o(.text)
    __aeabi_lmul                             0x000002d1   Thumb Code    48  llmul.o(.text)
    _ll_mul                                  0x000002d1   Thumb Code     0  llmul.o(.text)
    __aeabi_ldivmod                          0x00000301   Thumb Code   112  llsdiv.o(.text)
    _ll_sdiv                                 0x00000301   Thumb Code     0  llsdiv.o(.text)
    __c89vsnprintf                           0x00000371   Thumb Code    50  c89vsnprintf.o(.text)
    memcmp                                   0x000003a9   Thumb Code    90  memcmp.o(.text)
    strlen                                   0x00000405   Thumb Code    62  strlen.o(.text)
    __aeabi_memset                           0x00000449   Thumb Code    18  aeabi_memset.o(.text)
    _memset_w                                0x0000045b   Thumb Code    26  rt_memclr.o(.text)
    _memset                                  0x00000475   Thumb Code    30  rt_memclr.o(.text)
    __aeabi_memclr                           0x00000493   Thumb Code     4  rt_memclr.o(.text)
    __rt_memclr                              0x00000493   Thumb Code     0  rt_memclr.o(.text)
    __aeabi_memclr4                          0x00000497   Thumb Code     0  rt_memclr.o(.text)
    __aeabi_memclr8                          0x00000497   Thumb Code     0  rt_memclr.o(.text)
    __rt_memclr_w                            0x00000497   Thumb Code     4  rt_memclr.o(.text)
    __aeabi_uidiv                            0x0000049b   Thumb Code     0  aeabi_sdiv.o(.text)
    __aeabi_uidivmod                         0x0000049b   Thumb Code    20  aeabi_sdiv.o(.text)
    __aeabi_idiv                             0x000004af   Thumb Code     0  aeabi_sdiv.o(.text)
    __aeabi_idivmod                          0x000004af   Thumb Code   326  aeabi_sdiv.o(.text)
    __use_two_region_memory                  0x000005f5   Thumb Code     2  heapauxi.o(.text)
    __rt_heap_escrow$2region                 0x000005f7   Thumb Code     2  heapauxi.o(.text)
    __rt_heap_expand$2region                 0x000005f9   Thumb Code     2  heapauxi.o(.text)
    __aeabi_d2f                              0x000005fd   Thumb Code     0  d2f.o(.text)
    _d2f                                     0x000005fd   Thumb Code   120  d2f.o(.text)
    __aeabi_dadd                             0x00000971   Thumb Code     0  daddsub.o(.text)
    _dadd                                    0x00000971   Thumb Code    26  daddsub.o(.text)
    __aeabi_dsub                             0x0000098b   Thumb Code     0  daddsub.o(.text)
    _dsub                                    0x0000098b   Thumb Code    22  daddsub.o(.text)
    __aeabi_drsub                            0x000009a1   Thumb Code     0  daddsub.o(.text)
    _drsb                                    0x000009a1   Thumb Code    28  daddsub.o(.text)
    __aeabi_ddiv                             0x000009d1   Thumb Code     0  ddiv.o(.text)
    _ddiv                                    0x000009d1   Thumb Code  1072  ddiv.o(.text)
    _drdiv                                   0x00000e01   Thumb Code    20  ddiv.o(.text)
    __aeabi_dmul                             0x00000e19   Thumb Code     0  dmul.o(.text)
    _dmul                                    0x00000e19   Thumb Code   558  dmul.o(.text)
    __aeabi_f2d                              0x00001061   Thumb Code     0  f2d.o(.text)
    _f2d                                     0x00001061   Thumb Code    80  f2d.o(.text)
    __aeabi_fdiv                             0x000010b5   Thumb Code     0  fdiv.o(.text)
    _fdiv                                    0x000010b5   Thumb Code   334  fdiv.o(.text)
    _frdiv                                   0x00001203   Thumb Code     8  fdiv.o(.text)
    __aeabi_f2iz                             0x00001215   Thumb Code     0  ffixi.o(.text)
    _ffix                                    0x00001215   Thumb Code    76  ffixi.o(.text)
    __aeabi_f2uiz                            0x00001261   Thumb Code     0  ffixui.o(.text)
    _ffixu                                   0x00001261   Thumb Code    48  ffixui.o(.text)
    __aeabi_i2f_normalise                    0x00001291   Thumb Code    72  fflti.o(.text)
    __aeabi_i2f                              0x000012d9   Thumb Code    16  fflti.o(.text)
    _fflt                                    0x000012d9   Thumb Code     0  fflti.o(.text)
    __aeabi_ui2f                             0x000012e9   Thumb Code     6  fflti.o(.text)
    _ffltu                                   0x000012e9   Thumb Code     0  fflti.o(.text)
    __aeabi_uldivmod                         0x000012ef   Thumb Code   258  lludiv.o(.text)
    _ll_udiv                                 0x000012ef   Thumb Code     0  lludiv.o(.text)
    __read_errno                             0x000013f1   Thumb Code    10  _rserrno.o(.text)
    __set_errno                              0x000013fb   Thumb Code    12  _rserrno.o(.text)
    _printf_pre_padding                      0x00001407   Thumb Code    44  _printf_pad.o(.text)
    _printf_post_padding                     0x00001433   Thumb Code    34  _printf_pad.o(.text)
    _printf_truncate_signed                  0x00001455   Thumb Code    18  _printf_truncate.o(.text)
    _printf_truncate_unsigned                0x00001467   Thumb Code    18  _printf_truncate.o(.text)
    _printf_str                              0x00001479   Thumb Code    82  _printf_str.o(.text)
    _printf_int_dec                          0x000014cd   Thumb Code    90  _printf_dec.o(.text)
    _printf_charcount                        0x00001539   Thumb Code    38  _printf_charcount.o(.text)
    _printf_char_common                      0x0000156b   Thumb Code    32  _printf_char_common.o(.text)
    _sputc                                   0x00001591   Thumb Code    10  _sputc.o(.text)
    _snputc                                  0x0000159b   Thumb Code    16  _snputc.o(.text)
    _printf_wctomb                           0x000015ad   Thumb Code   182  _printf_wctomb.o(.text)
    _printf_longlong_dec                     0x00001669   Thumb Code    94  _printf_longlong_dec.o(.text)
    _printf_longlong_oct                     0x000016d9   Thumb Code    68  _printf_oct_int_ll.o(.text)
    _printf_int_oct                          0x0000171d   Thumb Code    24  _printf_oct_int_ll.o(.text)
    _printf_ll_oct                           0x00001735   Thumb Code    10  _printf_oct_int_ll.o(.text)
    _printf_longlong_hex                     0x00001749   Thumb Code    88  _printf_hex_int_ll_ptr.o(.text)
    _printf_int_hex                          0x000017a1   Thumb Code    28  _printf_hex_int_ll_ptr.o(.text)
    _printf_ll_hex                           0x000017bd   Thumb Code    10  _printf_hex_int_ll_ptr.o(.text)
    _printf_hex_ptr                          0x000017c7   Thumb Code    22  _printf_hex_int_ll_ptr.o(.text)
    __printf                                 0x000017e1   Thumb Code   386  __printf_flags_ss_wp.o(.text)
    __ARM_scalbn                             0x00001969   Thumb Code    84  dscalbn.o(.text)
    __fpl_fcmp_InfNaN                        0x000019c9   Thumb Code    96  fcmpin.o(.text)
    __aeabi_errno_addr                       0x00001a2d   Thumb Code     8  rt_errno_addr_intlibspace.o(.text)
    __errno$intlibspace                      0x00001a2d   Thumb Code     0  rt_errno_addr_intlibspace.o(.text)
    __rt_errno_addr$intlibspace              0x00001a2d   Thumb Code     0  rt_errno_addr_intlibspace.o(.text)
    _ll_udiv10                               0x00001a35   Thumb Code   122  lludiv10.o(.text)
    _printf_int_common                       0x00001aaf   Thumb Code   176  _printf_intcommon.o(.text)
    __lib_sel_fp_printf                      0x00001b61   Thumb Code     2  _printf_fp_dec.o(.text)
    _printf_fp_dec_real                      0x00001cff   Thumb Code   620  _printf_fp_dec.o(.text)
    _printf_cs_common                        0x00001f79   Thumb Code    22  _printf_char.o(.text)
    _printf_char                             0x00001f8f   Thumb Code    16  _printf_char.o(.text)
    _printf_string                           0x00001f9f   Thumb Code     8  _printf_char.o(.text)
    _printf_lcs_common                       0x00001fa7   Thumb Code    22  _printf_wchar.o(.text)
    _printf_wchar                            0x00001fbd   Thumb Code    16  _printf_wchar.o(.text)
    _printf_wstring                          0x00001fcd   Thumb Code     8  _printf_wchar.o(.text)
    _wcrtomb                                 0x00001fd5   Thumb Code    64  _wcrtomb.o(.text)
    __rt_udiv10                              0x00002015   Thumb Code    40  rtudiv10.o(.text)
    __fpl_cmpreturn                          0x0000203d   Thumb Code    46  cmpret.o(.text)
    __fpl_dcmp_InfNaN                        0x0000206d   Thumb Code   140  dcmpin.o(.text)
    _dsqrt                                   0x000020fd   Thumb Code   248  dsqrt.o(.text)
    __fpl_fcheck_NaN2                        0x000021fd   Thumb Code    10  fnan2.o(.text)
    __user_libspace                          0x0000220d   Thumb Code     8  libspace.o(.text)
    __user_perproc_libspace                  0x0000220d   Thumb Code     0  libspace.o(.text)
    __user_perthread_libspace                0x0000220d   Thumb Code     0  libspace.o(.text)
    __user_setup_stackheap                   0x00002215   Thumb Code    62  sys_stackheap_outer.o(.text)
    __rt_ctype_table                         0x00002255   Thumb Code    16  rt_ctype_table.o(.text)
    __rt_locale                              0x00002265   Thumb Code     8  rt_locale_intlibspace.o(.text)
    _printf_fp_infnan                        0x0000226d   Thumb Code   120  _printf_fp_infnan.o(.text)
    _btod_etento                             0x000022f5   Thumb Code   210  bigflt0.o(.text)
    _btod_d2e                                0x000023cd   Thumb Code    64  btod.o(.text)
    _btod_emul                               0x00002801   Thumb Code    28  btod.o(.text)
    _btod_emuld                              0x0000281d   Thumb Code   144  btod.o(.text)
    _btod_ediv                               0x000028ad   Thumb Code    26  btod.o(.text)
    _btod_edivd                              0x000028c7   Thumb Code   124  btod.o(.text)
    exit                                     0x0000294d   Thumb Code    16  exit.o(.text)
    __fpl_dcheck_NaN2                        0x0000295d   Thumb Code    14  dnan2.o(.text)
    __fpl_return_NaN                         0x00002971   Thumb Code    94  retnan.o(.text)
    strcmp                                   0x000029d1   Thumb Code   132  strcmp.o(.text)
    _sys_exit                                0x00002a59   Thumb Code     8  sys_exit.o(.text)
    __I$use$semihosting                      0x00002a65   Thumb Code     0  use_no_semi.o(.text)
    __use_no_semihosting_swi                 0x00002a65   Thumb Code     2  use_no_semi.o(.text)
    GPIO_ClrBit                              0x00002a67   Thumb Code    12  swm181_gpio.o(i.GPIO_ClrBit)
    __semihosting_library_function           0x00002a67   Thumb Code     0  indicate_semi.o(.text)
    GPIO_GetBit                              0x00002a73   Thumb Code    12  swm181_gpio.o(i.GPIO_GetBit)
    GPIO_Init                                0x00002a81   Thumb Code   332  swm181_gpio.o(i.GPIO_Init)
    GPIO_InvBit                              0x00002bd9   Thumb Code    12  swm181_gpio.o(i.GPIO_InvBit)
    GPIO_SetBit                              0x00002be5   Thumb Code    12  swm181_gpio.o(i.GPIO_SetBit)
    I2C_WaitAck                              0x00002bf1   Thumb Code    20  oled.o(i.I2C_WaitAck)
    I2c_Start                                0x00002c09   Thumb Code    36  oled.o(i.I2c_Start)
    I2c_Stop                                 0x00002c31   Thumb Code    28  oled.o(i.I2c_Stop)
    IRQ_Connect                              0x00002c51   Thumb Code   142  swm181_irqmux.o(i.IRQ_Connect)
    Led_Init                                 0x00002ce5   Thumb Code    56  led.o(i.Led_Init)
    MPU_IIC_Ack                              0x00002d25   Thumb Code    62  mpuiic.o(i.MPU_IIC_Ack)
    MPU_IIC_Delay                            0x00002d69   Thumb Code    10  mpuiic.o(i.MPU_IIC_Delay)
    MPU_IIC_Init                             0x00002d75   Thumb Code    40  mpuiic.o(i.MPU_IIC_Init)
    MPU_IIC_NAck                             0x00002da1   Thumb Code    62  mpuiic.o(i.MPU_IIC_NAck)
    MPU_IIC_Read_Byte                        0x00002de5   Thumb Code    98  mpuiic.o(i.MPU_IIC_Read_Byte)
    MPU_IIC_Send_Byte                        0x00002e4d   Thumb Code   100  mpuiic.o(i.MPU_IIC_Send_Byte)
    MPU_IIC_Start                            0x00002eb5   Thumb Code    62  mpuiic.o(i.MPU_IIC_Start)
    MPU_IIC_Stop                             0x00002ef9   Thumb Code    62  mpuiic.o(i.MPU_IIC_Stop)
    MPU_IIC_Wait_Ack                         0x00002f3d   Thumb Code    88  mpuiic.o(i.MPU_IIC_Wait_Ack)
    MPU_Init                                 0x00002f99   Thumb Code   122  mpu6050.o(i.MPU_Init)
    MPU_Read_Byte                            0x00003013   Thumb Code    58  mpu6050.o(i.MPU_Read_Byte)
    MPU_Read_Len                             0x0000304d   Thumb Code   108  mpu6050.o(i.MPU_Read_Len)
    MPU_Set_Accel_Fsr                        0x000030b9   Thumb Code    16  mpu6050.o(i.MPU_Set_Accel_Fsr)
    MPU_Set_Gyro_Fsr                         0x000030c9   Thumb Code    16  mpu6050.o(i.MPU_Set_Gyro_Fsr)
    MPU_Set_LPF                              0x000030d9   Thumb Code    58  mpu6050.o(i.MPU_Set_LPF)
    MPU_Set_Rate                             0x00003113   Thumb Code    60  mpu6050.o(i.MPU_Set_Rate)
    MPU_Write_Byte                           0x0000314f   Thumb Code    72  mpu6050.o(i.MPU_Write_Byte)
    MPU_Write_Len                            0x00003197   Thumb Code    94  mpu6050.o(i.MPU_Write_Len)
    OLED_Clear                               0x000031f5   Thumb Code    42  oled.o(i.OLED_Clear)
    OLED_DrawPoint                           0x00003225   Thumb Code   102  oled.o(i.OLED_DrawPoint)
    OLED_Init                                0x00003291   Thumb Code   244  oled.o(i.OLED_Init)
    OLED_Pow                                 0x00003389   Thumb Code    26  oled.o(i.OLED_Pow)
    OLED_Refresh_Gram                        0x000033a5   Thumb Code    70  oled.o(i.OLED_Refresh_Gram)
    OLED_ShowChar                            0x000033f1   Thumb Code   238  oled.o(i.OLED_ShowChar)
    OLED_ShowNum                             0x000034ed   Thumb Code   154  oled.o(i.OLED_ShowNum)
    OLED_ShowString                          0x00003587   Thumb Code    94  oled.o(i.OLED_ShowString)
    OLED_WR_Byte                             0x000035e5   Thumb Code    58  oled.o(i.OLED_WR_Byte)
    PORT_Init                                0x00003621   Thumb Code   678  swm181_port.o(i.PORT_Init)
    Send_Byte                                0x000038d1   Thumb Code    72  oled.o(i.Send_Byte)
    SysTick_Handler                          0x0000391d   Thumb Code    26  main.o(i.SysTick_Handler)
    SystemCoreClockUpdate                    0x00003949   Thumb Code   128  system_swm181.o(i.SystemCoreClockUpdate)
    SystemInit                               0x000039e9   Thumb Code   198  system_swm181.o(i.SystemInit)
    UART0_printf                             0x00003ab5   Thumb Code    82  uart.o(i.UART0_printf)
    UART_Close                               0x00003b0d   Thumb Code    12  swm181_uart.o(i.UART_Close)
    UART_Init                                0x00003b19   Thumb Code   254  swm181_uart.o(i.UART_Init)
    UART_IsTXBusy                            0x00003c25   Thumb Code    14  swm181_uart.o(i.UART_IsTXBusy)
    UART_Open                                0x00003c33   Thumb Code    12  swm181_uart.o(i.UART_Open)
    UART_WriteByte                           0x00003c3f   Thumb Code     4  swm181_uart.o(i.UART_WriteByte)
    Uart_Init                                0x00003c45   Thumb Code    90  uart.o(i.Uart_Init)
    __ARM_common_ll_mulss                    0x00003ca9   Thumb Code    48  inv_mpu_dmp_motion_driver.o(i.__ARM_common_ll_mulss)
    __ARM_common_ll_muluu                    0x00003cd9   Thumb Code    48  btod.o(i.__ARM_common_ll_muluu)
    __ARM_common_switch8                     0x00003d09   Thumb Code    28  inv_mpu.o(i.__ARM_common_switch8)
    __ARM_fpclassify                         0x00003d25   Thumb Code    40  fpclassify.o(i.__ARM_fpclassify)
    __kernel_poly                            0x00003e41   Thumb Code   172  poly.o(i.__kernel_poly)
    __mathlib_dbl_infnan                     0x00003eed   Thumb Code    10  dunder.o(i.__mathlib_dbl_infnan)
    __mathlib_dbl_infnan2                    0x00003ef7   Thumb Code     8  dunder.o(i.__mathlib_dbl_infnan2)
    __mathlib_dbl_invalid                    0x00003eff   Thumb Code    16  dunder.o(i.__mathlib_dbl_invalid)
    __mathlib_dbl_underflow                  0x00003f11   Thumb Code    14  dunder.o(i.__mathlib_dbl_underflow)
    _is_digit                                0x00003f25   Thumb Code    14  __printf_wp.o(i._is_digit)
    asin                                     0x00003fe5   Thumb Code   574  asin.o(i.asin)
    atan                                     0x00004259   Thumb Code   472  atan.o(i.atan)
    atan2                                    0x00004475   Thumb Code   372  atan2.o(i.atan2)
    delay_ms                                 0x00004679   Thumb Code    26  delay.o(i.delay_ms)
    delay_us                                 0x00004695   Thumb Code    64  delay.o(i.delay_us)
    dmp_enable_6x_lp_quat                    0x000046e1   Thumb Code    54  inv_mpu_dmp_motion_driver.o(i.dmp_enable_6x_lp_quat)
    dmp_enable_feature                       0x0000471d   Thumb Code   524  inv_mpu_dmp_motion_driver.o(i.dmp_enable_feature)
    dmp_enable_gyro_cal                      0x00004939   Thumb Code    64  inv_mpu_dmp_motion_driver.o(i.dmp_enable_gyro_cal)
    dmp_enable_lp_quat                       0x00004991   Thumb Code    54  inv_mpu_dmp_motion_driver.o(i.dmp_enable_lp_quat)
    dmp_load_motion_driver_firmware          0x000049cd   Thumb Code    18  inv_mpu_dmp_motion_driver.o(i.dmp_load_motion_driver_firmware)
    dmp_read_fifo                            0x000049e9   Thumb Code   460  inv_mpu_dmp_motion_driver.o(i.dmp_read_fifo)
    dmp_set_accel_bias                       0x00004bb9   Thumb Code   346  inv_mpu_dmp_motion_driver.o(i.dmp_set_accel_bias)
    dmp_set_fifo_rate                        0x00004d19   Thumb Code    94  inv_mpu_dmp_motion_driver.o(i.dmp_set_fifo_rate)
    dmp_set_gyro_bias                        0x00004d91   Thumb Code   316  inv_mpu_dmp_motion_driver.o(i.dmp_set_gyro_bias)
    dmp_set_orientation                      0x00004ed5   Thumb Code   298  inv_mpu_dmp_motion_driver.o(i.dmp_set_orientation)
    dmp_set_shake_reject_thresh              0x00005019   Thumb Code    58  inv_mpu_dmp_motion_driver.o(i.dmp_set_shake_reject_thresh)
    dmp_set_shake_reject_time                0x00005053   Thumb Code    36  inv_mpu_dmp_motion_driver.o(i.dmp_set_shake_reject_time)
    dmp_set_shake_reject_timeout             0x00005077   Thumb Code    36  inv_mpu_dmp_motion_driver.o(i.dmp_set_shake_reject_timeout)
    dmp_set_tap_axes                         0x0000509b   Thumb Code    76  inv_mpu_dmp_motion_driver.o(i.dmp_set_tap_axes)
    dmp_set_tap_count                        0x000050e7   Thumb Code    38  inv_mpu_dmp_motion_driver.o(i.dmp_set_tap_count)
    dmp_set_tap_thresh                       0x0000510d   Thumb Code   408  inv_mpu_dmp_motion_driver.o(i.dmp_set_tap_thresh)
    dmp_set_tap_time                         0x000052b9   Thumb Code    36  inv_mpu_dmp_motion_driver.o(i.dmp_set_tap_time)
    dmp_set_tap_time_multi                   0x000052dd   Thumb Code    36  inv_mpu_dmp_motion_driver.o(i.dmp_set_tap_time_multi)
    inv_orientation_matrix_to_scalar         0x00005989   Thumb Code    40  inv_mpu.o(i.inv_orientation_matrix_to_scalar)
    inv_row_2_scale                          0x000059b1   Thumb Code    78  inv_mpu.o(i.inv_row_2_scale)
    main                                     0x00005a01   Thumb Code   698  main.o(i.main)
    mget_ms                                  0x00005d55   Thumb Code     2  inv_mpu.o(i.mget_ms)
    mpu_configure_fifo                       0x00005d59   Thumb Code   124  inv_mpu.o(i.mpu_configure_fifo)
    mpu_dmp_get_data                         0x00005dd9   Thumb Code   536  inv_mpu.o(i.mpu_dmp_get_data)
    mpu_dmp_init                             0x00005ff9   Thumb Code   172  inv_mpu.o(i.mpu_dmp_init)
    mpu_get_accel_fsr                        0x000060a9   Thumb Code    76  inv_mpu.o(i.mpu_get_accel_fsr)
    mpu_get_accel_sens                       0x000060f9   Thumb Code    80  inv_mpu.o(i.mpu_get_accel_sens)
    mpu_get_fifo_config                      0x00006151   Thumb Code    12  inv_mpu.o(i.mpu_get_fifo_config)
    mpu_get_gyro_fsr                         0x00006161   Thumb Code    66  inv_mpu.o(i.mpu_get_gyro_fsr)
    mpu_get_gyro_sens                        0x000061a9   Thumb Code    60  inv_mpu.o(i.mpu_get_gyro_sens)
    mpu_get_lpf                              0x000061f9   Thumb Code    76  inv_mpu.o(i.mpu_get_lpf)
    mpu_get_sample_rate                      0x00006249   Thumb Code    28  inv_mpu.o(i.mpu_get_sample_rate)
    mpu_init                                 0x00006269   Thumb Code   438  inv_mpu.o(i.mpu_init)
    mpu_load_firmware                        0x00006471   Thumb Code   188  inv_mpu.o(i.mpu_load_firmware)
    mpu_lp_accel_mode                        0x00006531   Thumb Code   216  inv_mpu.o(i.mpu_lp_accel_mode)
    mpu_read_fifo_stream                     0x0000660d   Thumb Code   210  inv_mpu.o(i.mpu_read_fifo_stream)
    mpu_read_mem                             0x000066e5   Thumb Code   120  inv_mpu.o(i.mpu_read_mem)
    mpu_reset_fifo                           0x00006761   Thumb Code   480  inv_mpu.o(i.mpu_reset_fifo)
    mpu_run_self_test                        0x00006945   Thumb Code   278  inv_mpu.o(i.mpu_run_self_test)
    mpu_set_accel_fsr                        0x00006a61   Thumb Code   128  inv_mpu.o(i.mpu_set_accel_fsr)
    mpu_set_bypass                           0x00006ae5   Thumb Code   348  inv_mpu.o(i.mpu_set_bypass)
    mpu_set_dmp_state                        0x00006c45   Thumb Code   140  inv_mpu.o(i.mpu_set_dmp_state)
    mpu_set_gyro_fsr                         0x00006cd5   Thumb Code   142  inv_mpu.o(i.mpu_set_gyro_fsr)
    mpu_set_int_latched                      0x00006d69   Thumb Code   110  inv_mpu.o(i.mpu_set_int_latched)
    mpu_set_lpf                              0x00006ddd   Thumb Code   128  inv_mpu.o(i.mpu_set_lpf)
    mpu_set_sample_rate                      0x00006e61   Thumb Code   162  inv_mpu.o(i.mpu_set_sample_rate)
    mpu_set_sensors                          0x00006f09   Thumb Code   220  inv_mpu.o(i.mpu_set_sensors)
    mpu_write_mem                            0x00006fe9   Thumb Code   120  inv_mpu.o(i.mpu_write_mem)
    run_self_test                            0x00007065   Thumb Code   148  inv_mpu.o(i.run_self_test)
    sqrt                                     0x000071a5   Thumb Code    66  sqrt.o(i.sqrt)
    switchToRC12MHz                          0x000071ed   Thumb Code    34  system_swm181.o(i.switchToRC12MHz)
    switchToRC24MHz                          0x00007215   Thumb Code    32  system_swm181.o(i.switchToRC24MHz)
    switchToRC32KHz                          0x00007239   Thumb Code    34  system_swm181.o(i.switchToRC32KHz)
    switchToRC48MHz                          0x00007261   Thumb Code    34  system_swm181.o(i.switchToRC48MHz)
    switchToRC6MHz                           0x00007289   Thumb Code    32  system_swm181.o(i.switchToRC6MHz)
    switchToXTAL                             0x000072ad   Thumb Code    72  system_swm181.o(i.switchToXTAL)
    _get_lc_numeric                          0x00007301   Thumb Code    44  lc_numeric_c.o(locale$$code)
    _get_lc_ctype                            0x0000732d   Thumb Code    44  lc_ctype_c.o(locale$$code)
    __aeabi_cdcmpeq                          0x00007359   Thumb Code     0  deqf.o(x$fpl$deqf)
    _dcmpeq                                  0x00007359   Thumb Code    94  deqf.o(x$fpl$deqf)
    __aeabi_fadd                             0x000073bd   Thumb Code     0  faddsub.o(x$fpl$fadd)
    _fadd                                    0x000073bd   Thumb Code   134  faddsub.o(x$fpl$fadd)
    __aeabi_cfcmpeq                          0x00007449   Thumb Code     0  feqf.o(x$fpl$feqf)
    _fcmpeq                                  0x00007449   Thumb Code    78  feqf.o(x$fpl$feqf)
    __aeabi_cfcmple                          0x0000749d   Thumb Code     0  flef.o(x$fpl$fleqf)
    _fcmple                                  0x0000749d   Thumb Code    78  flef.o(x$fpl$fleqf)
    __aeabi_fmul                             0x000074f1   Thumb Code     0  fmul.o(x$fpl$fmul)
    _fmul                                    0x000074f1   Thumb Code   172  fmul.o(x$fpl$fmul)
    __aeabi_cfrcmple                         0x000075a1   Thumb Code     0  frlef.o(x$fpl$frleqf)
    _frcmple                                 0x000075a1   Thumb Code    84  frlef.o(x$fpl$frleqf)
    __aeabi_fsub                             0x000075f9   Thumb Code     0  faddsub.o(x$fpl$fsub)
    _fsub                                    0x000075f9   Thumb Code   204  faddsub.o(x$fpl$fsub)
    _printf_fp_dec                           0x000076c9   Thumb Code    16  printf1.o(x$fpl$printf1)
    __I$use$fp                               0x000076d8   Number         0  usenofp.o(x$fpl$usenofp)
    asc2_1206                                0x000076d8   Data        1140  oled.o(.constdata)
    asc2_1608                                0x00007b4c   Data        1520  oled.o(.constdata)
    asc2_2412                                0x0000813c   Data        3420  oled.o(.constdata)
    reg                                      0x00008e98   Data          27  inv_mpu.o(.constdata)
    hw                                       0x00008eb4   Data          12  inv_mpu.o(.constdata)
    test                                     0x00008ec0   Data          40  inv_mpu.o(.constdata)
    __mathlib_zero                           0x00009cd0   Data           8  qnan.o(.constdata)
    Region$$Table$$Base                      0x00009dbc   Number         0  anon$$obj.o(Region$$Table)
    Region$$Table$$Limit                     0x00009ddc   Number         0  anon$$obj.o(Region$$Table)
    __ctype                                  0x00009e05   Data           0  lc_ctype_c.o(locale$$data)
    pitch                                    0x20000000   Data           4  main.o(.data)
    roll                                     0x20000004   Data           4  main.o(.data)
    yaw                                      0x20000008   Data           4  main.o(.data)
    aacx                                     0x2000000c   Data           2  main.o(.data)
    aacy                                     0x2000000e   Data           2  main.o(.data)
    aacz                                     0x20000010   Data           2  main.o(.data)
    gyrox                                    0x20000012   Data           2  main.o(.data)
    gyroy                                    0x20000014   Data           2  main.o(.data)
    gyroz                                    0x20000016   Data           2  main.o(.data)
    temp                                     0x20000018   Data           2  main.o(.data)
    SystemCoreClock                          0x20000054   Data           4  system_swm181.o(.data)
    CyclesPerUs                              0x20000058   Data           4  system_swm181.o(.data)
    OLED_GRAM                                0x2000005c   Data        1024  oled.o(.bss)
    __libspace_start                         0x2000046c   Data          96  libspace.o(.bss)
    __temporary_stack_top$libspace           0x200004cc   Data           0  libspace.o(.bss)



==============================================================================

Memory Map of the image

  Image Entry point : 0x000000c1

  Load Region LR_IROM1 (Base: 0x00000000, Size: 0x00009f64, Max: 0x0003e000, ABSOLUTE)

    Execution Region ER_IROM1 (Base: 0x00000000, Size: 0x00009f08, Max: 0x0003e000, ABSOLUTE)

    Base Addr    Size         Type   Attr      Idx    E Section Name        Object

    0x00000000   0x000000c0   Data   RO         2346    RESET               startup_swm181.o
    0x000000c0   0x00000008   Code   RO         2441  * !!!main             c_p.l(__main.o)
    0x000000c8   0x0000003c   Code   RO         2875    !!!scatter          c_p.l(__scatter.o)
    0x00000104   0x0000001a   Code   RO         2877    !!handler_copy      c_p.l(__scatter_copy.o)
    0x0000011e   0x00000002   PAD
    0x00000120   0x0000001c   Code   RO         2879    !!handler_zi        c_p.l(__scatter_zi.o)
    0x0000013c   0x00000002   Code   RO         2589    .ARM.Collect$$_printf_percent$$00000000  c_p.l(_printf_percent.o)
    0x0000013e   0x0000000a   Code   RO         2578    .ARM.Collect$$_printf_percent$$00000001  c_p.l(_printf_n.o)
    0x00000148   0x0000000a   Code   RO         2580    .ARM.Collect$$_printf_percent$$00000002  c_p.l(_printf_p.o)
    0x00000152   0x0000000a   Code   RO         2585    .ARM.Collect$$_printf_percent$$00000003  c_p.l(_printf_f.o)
    0x0000015c   0x0000000a   Code   RO         2586    .ARM.Collect$$_printf_percent$$00000004  c_p.l(_printf_e.o)
    0x00000166   0x0000000a   Code   RO         2587    .ARM.Collect$$_printf_percent$$00000005  c_p.l(_printf_g.o)
    0x00000170   0x0000000a   Code   RO         2588    .ARM.Collect$$_printf_percent$$00000006  c_p.l(_printf_a.o)
    0x0000017a   0x0000000a   Code   RO         2593    .ARM.Collect$$_printf_percent$$00000007  c_p.l(_printf_ll.o)
    0x00000184   0x0000000a   Code   RO         2582    .ARM.Collect$$_printf_percent$$00000008  c_p.l(_printf_i.o)
    0x0000018e   0x0000000a   Code   RO         2583    .ARM.Collect$$_printf_percent$$00000009  c_p.l(_printf_d.o)
    0x00000198   0x0000000a   Code   RO         2584    .ARM.Collect$$_printf_percent$$0000000A  c_p.l(_printf_u.o)
    0x000001a2   0x0000000a   Code   RO         2581    .ARM.Collect$$_printf_percent$$0000000B  c_p.l(_printf_o.o)
    0x000001ac   0x0000000a   Code   RO         2579    .ARM.Collect$$_printf_percent$$0000000C  c_p.l(_printf_x.o)
    0x000001b6   0x0000000a   Code   RO         2590    .ARM.Collect$$_printf_percent$$0000000D  c_p.l(_printf_lli.o)
    0x000001c0   0x0000000a   Code   RO         2591    .ARM.Collect$$_printf_percent$$0000000E  c_p.l(_printf_lld.o)
    0x000001ca   0x0000000a   Code   RO         2592    .ARM.Collect$$_printf_percent$$0000000F  c_p.l(_printf_llu.o)
    0x000001d4   0x0000000a   Code   RO         2597    .ARM.Collect$$_printf_percent$$00000010  c_p.l(_printf_llo.o)
    0x000001de   0x0000000a   Code   RO         2598    .ARM.Collect$$_printf_percent$$00000011  c_p.l(_printf_llx.o)
    0x000001e8   0x0000000a   Code   RO         2594    .ARM.Collect$$_printf_percent$$00000012  c_p.l(_printf_l.o)
    0x000001f2   0x0000000a   Code   RO         2576    .ARM.Collect$$_printf_percent$$00000013  c_p.l(_printf_c.o)
    0x000001fc   0x0000000a   Code   RO         2577    .ARM.Collect$$_printf_percent$$00000014  c_p.l(_printf_s.o)
    0x00000206   0x0000000a   Code   RO         2595    .ARM.Collect$$_printf_percent$$00000015  c_p.l(_printf_lc.o)
    0x00000210   0x0000000a   Code   RO         2596    .ARM.Collect$$_printf_percent$$00000016  c_p.l(_printf_ls.o)
    0x0000021a   0x00000004   Code   RO         2683    .ARM.Collect$$_printf_percent$$00000017  c_p.l(_printf_percent_end.o)
    0x0000021e   0x00000002   Code   RO         2734    .ARM.Collect$$libinit$$00000000  c_p.l(libinit.o)
    0x00000220   0x00000000   Code   RO         2756    .ARM.Collect$$libinit$$00000002  c_p.l(libinit2.o)
    0x00000220   0x00000000   Code   RO         2758    .ARM.Collect$$libinit$$00000004  c_p.l(libinit2.o)
    0x00000220   0x00000000   Code   RO         2761    .ARM.Collect$$libinit$$0000000A  c_p.l(libinit2.o)
    0x00000220   0x00000000   Code   RO         2763    .ARM.Collect$$libinit$$0000000C  c_p.l(libinit2.o)
    0x00000220   0x00000000   Code   RO         2765    .ARM.Collect$$libinit$$0000000E  c_p.l(libinit2.o)
    0x00000220   0x00000006   Code   RO         2766    .ARM.Collect$$libinit$$0000000F  c_p.l(libinit2.o)
    0x00000226   0x00000000   Code   RO         2768    .ARM.Collect$$libinit$$00000011  c_p.l(libinit2.o)
    0x00000226   0x0000000c   Code   RO         2769    .ARM.Collect$$libinit$$00000012  c_p.l(libinit2.o)
    0x00000232   0x00000000   Code   RO         2770    .ARM.Collect$$libinit$$00000013  c_p.l(libinit2.o)
    0x00000232   0x00000000   Code   RO         2772    .ARM.Collect$$libinit$$00000015  c_p.l(libinit2.o)
    0x00000232   0x0000000a   Code   RO         2773    .ARM.Collect$$libinit$$00000016  c_p.l(libinit2.o)
    0x0000023c   0x00000000   Code   RO         2774    .ARM.Collect$$libinit$$00000017  c_p.l(libinit2.o)
    0x0000023c   0x00000000   Code   RO         2776    .ARM.Collect$$libinit$$00000019  c_p.l(libinit2.o)
    0x0000023c   0x00000000   Code   RO         2778    .ARM.Collect$$libinit$$0000001B  c_p.l(libinit2.o)
    0x0000023c   0x00000000   Code   RO         2780    .ARM.Collect$$libinit$$0000001D  c_p.l(libinit2.o)
    0x0000023c   0x00000000   Code   RO         2782    .ARM.Collect$$libinit$$0000001F  c_p.l(libinit2.o)
    0x0000023c   0x00000000   Code   RO         2784    .ARM.Collect$$libinit$$00000021  c_p.l(libinit2.o)
    0x0000023c   0x00000000   Code   RO         2786    .ARM.Collect$$libinit$$00000023  c_p.l(libinit2.o)
    0x0000023c   0x00000000   Code   RO         2788    .ARM.Collect$$libinit$$00000025  c_p.l(libinit2.o)
    0x0000023c   0x00000000   Code   RO         2792    .ARM.Collect$$libinit$$0000002C  c_p.l(libinit2.o)
    0x0000023c   0x00000000   Code   RO         2794    .ARM.Collect$$libinit$$0000002E  c_p.l(libinit2.o)
    0x0000023c   0x00000000   Code   RO         2796    .ARM.Collect$$libinit$$00000030  c_p.l(libinit2.o)
    0x0000023c   0x00000000   Code   RO         2798    .ARM.Collect$$libinit$$00000032  c_p.l(libinit2.o)
    0x0000023c   0x00000002   Code   RO         2799    .ARM.Collect$$libinit$$00000033  c_p.l(libinit2.o)
    0x0000023e   0x00000002   Code   RO         2830    .ARM.Collect$$libshutdown$$00000000  c_p.l(libshutdown.o)
    0x00000240   0x00000000   Code   RO         2856    .ARM.Collect$$libshutdown$$00000002  c_p.l(libshutdown2.o)
    0x00000240   0x00000000   Code   RO         2858    .ARM.Collect$$libshutdown$$00000004  c_p.l(libshutdown2.o)
    0x00000240   0x00000000   Code   RO         2860    .ARM.Collect$$libshutdown$$00000006  c_p.l(libshutdown2.o)
    0x00000240   0x00000000   Code   RO         2863    .ARM.Collect$$libshutdown$$00000009  c_p.l(libshutdown2.o)
    0x00000240   0x00000000   Code   RO         2866    .ARM.Collect$$libshutdown$$0000000C  c_p.l(libshutdown2.o)
    0x00000240   0x00000000   Code   RO         2868    .ARM.Collect$$libshutdown$$0000000E  c_p.l(libshutdown2.o)
    0x00000240   0x00000000   Code   RO         2871    .ARM.Collect$$libshutdown$$00000011  c_p.l(libshutdown2.o)
    0x00000240   0x00000002   Code   RO         2872    .ARM.Collect$$libshutdown$$00000012  c_p.l(libshutdown2.o)
    0x00000242   0x00000000   Code   RO         2497    .ARM.Collect$$rtentry$$00000000  c_p.l(__rtentry.o)
    0x00000242   0x00000000   Code   RO         2646    .ARM.Collect$$rtentry$$00000002  c_p.l(__rtentry2.o)
    0x00000242   0x00000006   Code   RO         2658    .ARM.Collect$$rtentry$$00000004  c_p.l(__rtentry4.o)
    0x00000248   0x00000000   Code   RO         2648    .ARM.Collect$$rtentry$$00000009  c_p.l(__rtentry2.o)
    0x00000248   0x00000004   Code   RO         2649    .ARM.Collect$$rtentry$$0000000A  c_p.l(__rtentry2.o)
    0x0000024c   0x00000000   Code   RO         2651    .ARM.Collect$$rtentry$$0000000C  c_p.l(__rtentry2.o)
    0x0000024c   0x00000008   Code   RO         2652    .ARM.Collect$$rtentry$$0000000D  c_p.l(__rtentry2.o)
    0x00000254   0x00000002   Code   RO         2742    .ARM.Collect$$rtexit$$00000000  c_p.l(rtexit.o)
    0x00000256   0x00000000   Code   RO         2803    .ARM.Collect$$rtexit$$00000002  c_p.l(rtexit2.o)
    0x00000256   0x00000004   Code   RO         2804    .ARM.Collect$$rtexit$$00000003  c_p.l(rtexit2.o)
    0x0000025a   0x00000006   Code   RO         2805    .ARM.Collect$$rtexit$$00000004  c_p.l(rtexit2.o)
    0x00000260   0x00000070   Code   RO         2347    .text               startup_swm181.o
    0x000002d0   0x00000030   Code   RO         2421    .text               c_p.l(llmul.o)
    0x00000300   0x00000070   Code   RO         2423    .text               c_p.l(llsdiv.o)
    0x00000370   0x00000038   Code   RO         2425    .text               c_p.l(c89vsnprintf.o)
    0x000003a8   0x0000005a   Code   RO         2427    .text               c_p.l(memcmp.o)
    0x00000402   0x00000002   PAD
    0x00000404   0x00000044   Code   RO         2429    .text               c_p.l(strlen.o)
    0x00000448   0x00000012   Code   RO         2431    .text               c_p.l(aeabi_memset.o)
    0x0000045a   0x00000040   Code   RO         2433    .text               c_p.l(rt_memclr.o)
    0x0000049a   0x0000015a   Code   RO         2435    .text               c_p.l(aeabi_sdiv.o)
    0x000005f4   0x00000006   Code   RO         2439    .text               c_p.l(heapauxi.o)
    0x000005fa   0x00000002   PAD
    0x000005fc   0x0000007c   Code   RO         2443    .text               fz_ps.l(d2f.o)
    0x00000678   0x00000358   Code   RO         2445    .text               fz_ps.l(daddsub.o)
    0x000009d0   0x00000448   Code   RO         2447    .text               fz_ps.l(ddiv.o)
    0x00000e18   0x00000248   Code   RO         2452    .text               fz_ps.l(dmul.o)
    0x00001060   0x00000054   Code   RO         2454    .text               fz_ps.l(f2d.o)
    0x000010b4   0x00000160   Code   RO         2462    .text               fz_ps.l(fdiv.o)
    0x00001214   0x0000004c   Code   RO         2467    .text               fz_ps.l(ffixi.o)
    0x00001260   0x00000030   Code   RO         2469    .text               fz_ps.l(ffixui.o)
    0x00001290   0x0000005e   Code   RO         2471    .text               fz_ps.l(fflti.o)
    0x000012ee   0x00000102   Code   RO         2502    .text               c_p.l(lludiv.o)
    0x000013f0   0x00000016   Code   RO         2504    .text               c_p.l(_rserrno.o)
    0x00001406   0x0000004e   Code   RO         2508    .text               c_p.l(_printf_pad.o)
    0x00001454   0x00000024   Code   RO         2510    .text               c_p.l(_printf_truncate.o)
    0x00001478   0x00000052   Code   RO         2512    .text               c_p.l(_printf_str.o)
    0x000014ca   0x00000002   PAD
    0x000014cc   0x0000006c   Code   RO         2514    .text               c_p.l(_printf_dec.o)
    0x00001538   0x00000026   Code   RO         2516    .text               c_p.l(_printf_charcount.o)
    0x0000155e   0x00000002   PAD
    0x00001560   0x00000030   Code   RO         2518    .text               c_p.l(_printf_char_common.o)
    0x00001590   0x0000000a   Code   RO         2520    .text               c_p.l(_sputc.o)
    0x0000159a   0x00000010   Code   RO         2522    .text               c_p.l(_snputc.o)
    0x000015aa   0x00000002   PAD
    0x000015ac   0x000000bc   Code   RO         2524    .text               c_p.l(_printf_wctomb.o)
    0x00001668   0x00000070   Code   RO         2527    .text               c_p.l(_printf_longlong_dec.o)
    0x000016d8   0x00000070   Code   RO         2533    .text               c_p.l(_printf_oct_int_ll.o)
    0x00001748   0x00000098   Code   RO         2553    .text               c_p.l(_printf_hex_int_ll_ptr.o)
    0x000017e0   0x00000188   Code   RO         2573    .text               c_p.l(__printf_flags_ss_wp.o)
    0x00001968   0x00000060   Code   RO         2601    .text               fz_ps.l(dscalbn.o)
    0x000019c8   0x00000064   Code   RO         2603    .text               fz_ps.l(fcmpin.o)
    0x00001a2c   0x00000008   Code   RO         2669    .text               c_p.l(rt_errno_addr_intlibspace.o)
    0x00001a34   0x0000007a   Code   RO         2671    .text               c_p.l(lludiv10.o)
    0x00001aae   0x000000b0   Code   RO         2673    .text               c_p.l(_printf_intcommon.o)
    0x00001b5e   0x00000002   PAD
    0x00001b60   0x00000418   Code   RO         2675    .text               c_p.l(_printf_fp_dec.o)
    0x00001f78   0x0000002e   Code   RO         2679    .text               c_p.l(_printf_char.o)
    0x00001fa6   0x0000002e   Code   RO         2681    .text               c_p.l(_printf_wchar.o)
    0x00001fd4   0x00000040   Code   RO         2684    .text               c_p.l(_wcrtomb.o)
    0x00002014   0x00000028   Code   RO         2686    .text               c_p.l(rtudiv10.o)
    0x0000203c   0x0000002e   Code   RO         2688    .text               fz_ps.l(cmpret.o)
    0x0000206a   0x00000002   PAD
    0x0000206c   0x00000090   Code   RO         2690    .text               fz_ps.l(dcmpin.o)
    0x000020fc   0x00000100   Code   RO         2694    .text               fz_ps.l(dsqrt.o)
    0x000021fc   0x00000010   Code   RO         2696    .text               fz_ps.l(fnan2.o)
    0x0000220c   0x00000008   Code   RO         2698    .text               c_p.l(libspace.o)
    0x00002214   0x0000003e   Code   RO         2701    .text               c_p.l(sys_stackheap_outer.o)
    0x00002252   0x00000002   PAD
    0x00002254   0x00000010   Code   RO         2704    .text               c_p.l(rt_ctype_table.o)
    0x00002264   0x00000008   Code   RO         2709    .text               c_p.l(rt_locale_intlibspace.o)
    0x0000226c   0x00000088   Code   RO         2711    .text               c_p.l(_printf_fp_infnan.o)
    0x000022f4   0x000000d8   Code   RO         2713    .text               c_p.l(bigflt0.o)
    0x000023cc   0x00000580   Code   RO         2716    .text               c_p.l(btod.o)
    0x0000294c   0x00000010   Code   RO         2723    .text               c_p.l(exit.o)
    0x0000295c   0x00000014   Code   RO         2735    .text               fz_ps.l(dnan2.o)
    0x00002970   0x0000005e   Code   RO         2739    .text               fz_ps.l(retnan.o)
    0x000029ce   0x00000002   PAD
    0x000029d0   0x00000088   Code   RO         2753    .text               c_p.l(strcmp.o)
    0x00002a58   0x0000000c   Code   RO         2800    .text               c_p.l(sys_exit.o)
    0x00002a64   0x00000002   Code   RO         2819    .text               c_p.l(use_no_semi.o)
    0x00002a66   0x00000000   Code   RO         2821    .text               c_p.l(indicate_semi.o)
    0x00002a66   0x0000000c   Code   RO         1286    i.GPIO_ClrBit       swm181_gpio.o
    0x00002a72   0x0000000c   Code   RO         1288    i.GPIO_GetBit       swm181_gpio.o
    0x00002a7e   0x00000002   PAD
    0x00002a80   0x00000158   Code   RO         1290    i.GPIO_Init         swm181_gpio.o
    0x00002bd8   0x0000000c   Code   RO         1291    i.GPIO_InvBit       swm181_gpio.o
    0x00002be4   0x0000000c   Code   RO         1293    i.GPIO_SetBit       swm181_gpio.o
    0x00002bf0   0x00000018   Code   RO          163    i.I2C_WaitAck       oled.o
    0x00002c08   0x00000028   Code   RO          164    i.I2c_Start         oled.o
    0x00002c30   0x00000020   Code   RO          165    i.I2c_Stop          oled.o
    0x00002c50   0x00000094   Code   RO         1464    i.IRQ_Connect       swm181_irqmux.o
    0x00002ce4   0x00000040   Code   RO          308    i.Led_Init          led.o
    0x00002d24   0x00000044   Code   RO          423    i.MPU_IIC_Ack       mpuiic.o
    0x00002d68   0x0000000a   Code   RO          424    i.MPU_IIC_Delay     mpuiic.o
    0x00002d72   0x00000002   PAD
    0x00002d74   0x0000002c   Code   RO          425    i.MPU_IIC_Init      mpuiic.o
    0x00002da0   0x00000044   Code   RO          426    i.MPU_IIC_NAck      mpuiic.o
    0x00002de4   0x00000068   Code   RO          427    i.MPU_IIC_Read_Byte  mpuiic.o
    0x00002e4c   0x00000068   Code   RO          428    i.MPU_IIC_Send_Byte  mpuiic.o
    0x00002eb4   0x00000044   Code   RO          429    i.MPU_IIC_Start     mpuiic.o
    0x00002ef8   0x00000044   Code   RO          430    i.MPU_IIC_Stop      mpuiic.o
    0x00002f3c   0x0000005c   Code   RO          431    i.MPU_IIC_Wait_Ack  mpuiic.o
    0x00002f98   0x0000007a   Code   RO          334    i.MPU_Init          mpu6050.o
    0x00003012   0x0000003a   Code   RO          335    i.MPU_Read_Byte     mpu6050.o
    0x0000304c   0x0000006c   Code   RO          336    i.MPU_Read_Len      mpu6050.o
    0x000030b8   0x00000010   Code   RO          337    i.MPU_Set_Accel_Fsr  mpu6050.o
    0x000030c8   0x00000010   Code   RO          338    i.MPU_Set_Gyro_Fsr  mpu6050.o
    0x000030d8   0x0000003a   Code   RO          339    i.MPU_Set_LPF       mpu6050.o
    0x00003112   0x0000003c   Code   RO          340    i.MPU_Set_Rate      mpu6050.o
    0x0000314e   0x00000048   Code   RO          341    i.MPU_Write_Byte    mpu6050.o
    0x00003196   0x0000005e   Code   RO          342    i.MPU_Write_Len     mpu6050.o
    0x000031f4   0x00000030   Code   RO          166    i.OLED_Clear        oled.o
    0x00003224   0x0000006c   Code   RO          172    i.OLED_DrawPoint    oled.o
    0x00003290   0x000000f8   Code   RO          173    i.OLED_Init         oled.o
    0x00003388   0x0000001a   Code   RO          174    i.OLED_Pow          oled.o
    0x000033a2   0x00000002   PAD
    0x000033a4   0x0000004c   Code   RO          175    i.OLED_Refresh_Gram  oled.o
    0x000033f0   0x000000fc   Code   RO          176    i.OLED_ShowChar     oled.o
    0x000034ec   0x0000009a   Code   RO          177    i.OLED_ShowNum      oled.o
    0x00003586   0x0000005e   Code   RO          178    i.OLED_ShowString   oled.o
    0x000035e4   0x0000003a   Code   RO          180    i.OLED_WR_Byte      oled.o
    0x0000361e   0x00000002   PAD
    0x00003620   0x000002b0   Code   RO         1498    i.PORT_Init         swm181_port.o
    0x000038d0   0x0000004c   Code   RO          181    i.Send_Byte         oled.o
    0x0000391c   0x0000002c   Code   RO            3    i.SysTick_Handler   main.o
    0x00003948   0x000000a0   Code   RO         2353    i.SystemCoreClockUpdate  system_swm181.o
    0x000039e8   0x000000cc   Code   RO         2354    i.SystemInit        system_swm181.o
    0x00003ab4   0x00000058   Code   RO         1063    i.UART0_printf      uart.o
    0x00003b0c   0x0000000c   Code   RO         2144    i.UART_Close        swm181_uart.o
    0x00003b18   0x0000010c   Code   RO         2158    i.UART_Init         swm181_uart.o
    0x00003c24   0x0000000e   Code   RO         2160    i.UART_IsTXBusy     swm181_uart.o
    0x00003c32   0x0000000c   Code   RO         2166    i.UART_Open         swm181_uart.o
    0x00003c3e   0x00000004   Code   RO         2171    i.UART_WriteByte    swm181_uart.o
    0x00003c42   0x00000002   PAD
    0x00003c44   0x00000064   Code   RO         1064    i.Uart_Init         uart.o
    0x00003ca8   0x00000030   Code   RO         1011    i.__ARM_common_ll_mulss  inv_mpu_dmp_motion_driver.o
    0x00003cd8   0x00000030   Code   RO         2718    i.__ARM_common_ll_muluu  c_p.l(btod.o)
    0x00003d08   0x0000001c   Code   RO          812    i.__ARM_common_switch8  inv_mpu.o
    0x00003d24   0x0000002c   Code   RO         2632    i.__ARM_fpclassify  m_ps.l(fpclassify.o)
    0x00003d50   0x00000078   Code   RO            4    i.__NVIC_SetPriority  main.o
    0x00003dc8   0x00000078   Code   RO         1466    i.__NVIC_SetPriority  swm181_irqmux.o
    0x00003e40   0x000000ac   Code   RO         2634    i.__kernel_poly     m_ps.l(poly.o)
    0x00003eec   0x0000000a   Code   RO         2619    i.__mathlib_dbl_infnan  m_ps.l(dunder.o)
    0x00003ef6   0x00000008   Code   RO         2620    i.__mathlib_dbl_infnan2  m_ps.l(dunder.o)
    0x00003efe   0x00000010   Code   RO         2621    i.__mathlib_dbl_invalid  m_ps.l(dunder.o)
    0x00003f0e   0x00000002   PAD
    0x00003f10   0x00000014   Code   RO         2624    i.__mathlib_dbl_underflow  m_ps.l(dunder.o)
    0x00003f24   0x0000000e   Code   RO         2566    i._is_digit         c_p.l(__printf_wp.o)
    0x00003f32   0x00000002   PAD
    0x00003f34   0x000000b0   Code   RO          491    i.accel_self_test   inv_mpu.o
    0x00003fe4   0x00000274   Code   RO         2480    i.asin              m_ps.l(asin.o)
    0x00004258   0x0000021c   Code   RO         2609    i.atan              m_ps.l(atan.o)
    0x00004474   0x0000019c   Code   RO         2490    i.atan2             m_ps.l(atan2.o)
    0x00004610   0x00000068   Code   RO          832    i.decode_gesture    inv_mpu_dmp_motion_driver.o
    0x00004678   0x0000001a   Code   RO         1028    i.delay_ms          delay.o
    0x00004692   0x00000002   PAD
    0x00004694   0x0000004c   Code   RO         1030    i.delay_us          delay.o
    0x000046e0   0x0000003c   Code   RO          833    i.dmp_enable_6x_lp_quat  inv_mpu_dmp_motion_driver.o
    0x0000471c   0x0000021c   Code   RO          834    i.dmp_enable_feature  inv_mpu_dmp_motion_driver.o
    0x00004938   0x00000058   Code   RO          835    i.dmp_enable_gyro_cal  inv_mpu_dmp_motion_driver.o
    0x00004990   0x0000003c   Code   RO          836    i.dmp_enable_lp_quat  inv_mpu_dmp_motion_driver.o
    0x000049cc   0x0000001c   Code   RO          841    i.dmp_load_motion_driver_firmware  inv_mpu_dmp_motion_driver.o
    0x000049e8   0x000001d0   Code   RO          842    i.dmp_read_fifo     inv_mpu_dmp_motion_driver.o
    0x00004bb8   0x00000160   Code   RO          845    i.dmp_set_accel_bias  inv_mpu_dmp_motion_driver.o
    0x00004d18   0x00000078   Code   RO          846    i.dmp_set_fifo_rate  inv_mpu_dmp_motion_driver.o
    0x00004d90   0x00000144   Code   RO          847    i.dmp_set_gyro_bias  inv_mpu_dmp_motion_driver.o
    0x00004ed4   0x00000144   Code   RO          849    i.dmp_set_orientation  inv_mpu_dmp_motion_driver.o
    0x00005018   0x0000003a   Code   RO          852    i.dmp_set_shake_reject_thresh  inv_mpu_dmp_motion_driver.o
    0x00005052   0x00000024   Code   RO          853    i.dmp_set_shake_reject_time  inv_mpu_dmp_motion_driver.o
    0x00005076   0x00000024   Code   RO          854    i.dmp_set_shake_reject_timeout  inv_mpu_dmp_motion_driver.o
    0x0000509a   0x0000004c   Code   RO          855    i.dmp_set_tap_axes  inv_mpu_dmp_motion_driver.o
    0x000050e6   0x00000026   Code   RO          856    i.dmp_set_tap_count  inv_mpu_dmp_motion_driver.o
    0x0000510c   0x000001ac   Code   RO          857    i.dmp_set_tap_thresh  inv_mpu_dmp_motion_driver.o
    0x000052b8   0x00000024   Code   RO          858    i.dmp_set_tap_time  inv_mpu_dmp_motion_driver.o
    0x000052dc   0x00000024   Code   RO          859    i.dmp_set_tap_time_multi  inv_mpu_dmp_motion_driver.o
    0x00005300   0x000000b8   Code   RO          492    i.get_accel_prod_shift  inv_mpu.o
    0x000053b8   0x000004bc   Code   RO          493    i.get_st_biases     inv_mpu.o
    0x00005874   0x00000114   Code   RO          494    i.gyro_self_test    inv_mpu.o
    0x00005988   0x00000028   Code   RO          495    i.inv_orientation_matrix_to_scalar  inv_mpu.o
    0x000059b0   0x0000004e   Code   RO          496    i.inv_row_2_scale   inv_mpu.o
    0x000059fe   0x00000002   PAD
    0x00005a00   0x00000354   Code   RO            5    i.main              main.o
    0x00005d54   0x00000002   Code   RO          497    i.mget_ms           inv_mpu.o
    0x00005d56   0x00000002   PAD
    0x00005d58   0x00000080   Code   RO          498    i.mpu_configure_fifo  inv_mpu.o
    0x00005dd8   0x00000220   Code   RO          499    i.mpu_dmp_get_data  inv_mpu.o
    0x00005ff8   0x000000b0   Code   RO          500    i.mpu_dmp_init      inv_mpu.o
    0x000060a8   0x00000050   Code   RO          501    i.mpu_get_accel_fsr  inv_mpu.o
    0x000060f8   0x00000058   Code   RO          503    i.mpu_get_accel_sens  inv_mpu.o
    0x00006150   0x00000010   Code   RO          508    i.mpu_get_fifo_config  inv_mpu.o
    0x00006160   0x00000048   Code   RO          509    i.mpu_get_gyro_fsr  inv_mpu.o
    0x000061a8   0x00000050   Code   RO          511    i.mpu_get_gyro_sens  inv_mpu.o
    0x000061f8   0x00000050   Code   RO          513    i.mpu_get_lpf       inv_mpu.o
    0x00006248   0x00000020   Code   RO          515    i.mpu_get_sample_rate  inv_mpu.o
    0x00006268   0x00000208   Code   RO          517    i.mpu_init          inv_mpu.o
    0x00006470   0x000000c0   Code   RO          518    i.mpu_load_firmware  inv_mpu.o
    0x00006530   0x000000dc   Code   RO          519    i.mpu_lp_accel_mode  inv_mpu.o
    0x0000660c   0x000000d8   Code   RO          522    i.mpu_read_fifo_stream  inv_mpu.o
    0x000066e4   0x0000007c   Code   RO          523    i.mpu_read_mem      inv_mpu.o
    0x00006760   0x000001e4   Code   RO          526    i.mpu_reset_fifo    inv_mpu.o
    0x00006944   0x0000011c   Code   RO          527    i.mpu_run_self_test  inv_mpu.o
    0x00006a60   0x00000084   Code   RO          529    i.mpu_set_accel_fsr  inv_mpu.o
    0x00006ae4   0x00000160   Code   RO          530    i.mpu_set_bypass    inv_mpu.o
    0x00006c44   0x00000090   Code   RO          532    i.mpu_set_dmp_state  inv_mpu.o
    0x00006cd4   0x00000094   Code   RO          533    i.mpu_set_gyro_fsr  inv_mpu.o
    0x00006d68   0x00000074   Code   RO          534    i.mpu_set_int_latched  inv_mpu.o
    0x00006ddc   0x00000084   Code   RO          536    i.mpu_set_lpf       inv_mpu.o
    0x00006e60   0x000000a8   Code   RO          537    i.mpu_set_sample_rate  inv_mpu.o
    0x00006f08   0x000000e0   Code   RO          538    i.mpu_set_sensors   inv_mpu.o
    0x00006fe8   0x0000007c   Code   RO          539    i.mpu_write_mem     inv_mpu.o
    0x00007064   0x00000094   Code   RO          540    i.run_self_test     inv_mpu.o
    0x000070f8   0x000000ac   Code   RO          541    i.set_int_enable    inv_mpu.o
    0x000071a4   0x00000048   Code   RO         2638    i.sqrt              m_ps.l(sqrt.o)
    0x000071ec   0x00000028   Code   RO         2355    i.switchToRC12MHz   system_swm181.o
    0x00007214   0x00000024   Code   RO         2356    i.switchToRC24MHz   system_swm181.o
    0x00007238   0x00000028   Code   RO         2357    i.switchToRC32KHz   system_swm181.o
    0x00007260   0x00000028   Code   RO         2358    i.switchToRC48MHz   system_swm181.o
    0x00007288   0x00000024   Code   RO         2359    i.switchToRC6MHz    system_swm181.o
    0x000072ac   0x00000054   Code   RO         2360    i.switchToXTAL      system_swm181.o
    0x00007300   0x0000002c   Code   RO         2721    locale$$code        c_p.l(lc_numeric_c.o)
    0x0000732c   0x0000002c   Code   RO         2747    locale$$code        c_p.l(lc_ctype_c.o)
    0x00007358   0x00000064   Code   RO         2599    x$fpl$deqf          fz_ps.l(deqf.o)
    0x000073bc   0x0000008c   Code   RO         2456    x$fpl$fadd          fz_ps.l(faddsub.o)
    0x00007448   0x00000054   Code   RO         2465    x$fpl$feqf          fz_ps.l(feqf.o)
    0x0000749c   0x00000054   Code   RO         2473    x$fpl$fleqf         fz_ps.l(flef.o)
    0x000074f0   0x000000b0   Code   RO         2475    x$fpl$fmul          fz_ps.l(fmul.o)
    0x000075a0   0x00000058   Code   RO         2477    x$fpl$frleqf        fz_ps.l(frlef.o)
    0x000075f8   0x000000d0   Code   RO         2458    x$fpl$fsub          fz_ps.l(faddsub.o)
    0x000076c8   0x00000010   Code   RO         2605    x$fpl$printf1       fz_ps.l(printf1.o)
    0x000076d8   0x00000000   Code   RO         2607    x$fpl$usenofp       fz_ps.l(usenofp.o)
    0x000076d8   0x000017c0   Data   RO          183    .constdata          oled.o
    0x00008e98   0x00000050   Data   RO          543    .constdata          inv_mpu.o
    0x00008ee8   0x00000bf6   Data   RO          861    .constdata          inv_mpu_dmp_motion_driver.o
    0x00009ade   0x00000080   Data   RO         2448    .constdata          fz_ps.l(ddiv.o)
    0x00009b5e   0x00000040   Data   RO         2463    .constdata          fz_ps.l(fdiv.o)
    0x00009b9e   0x00000002   PAD
    0x00009ba0   0x00000050   Data   RO         2481    .constdata          m_ps.l(asin.o)
    0x00009bf0   0x00000008   Data   RO         2525    .constdata          c_p.l(_printf_wctomb.o)
    0x00009bf8   0x00000028   Data   RO         2554    .constdata          c_p.l(_printf_hex_int_ll_ptr.o)
    0x00009c20   0x00000011   Data   RO         2574    .constdata          c_p.l(__printf_flags_ss_wp.o)
    0x00009c31   0x00000007   PAD
    0x00009c38   0x00000098   Data   RO         2610    .constdata          m_ps.l(atan.o)
    0x00009cd0   0x00000008   Data   RO         2636    .constdata          m_ps.l(qnan.o)
    0x00009cd8   0x00000094   Data   RO         2714    .constdata          c_p.l(bigflt0.o)
    0x00009d6c   0x0000004d   Data   RO          544    .conststring        inv_mpu.o
    0x00009db9   0x00000003   PAD
    0x00009dbc   0x00000020   Data   RO         2873    Region$$Table       anon$$obj.o
    0x00009ddc   0x0000001c   Data   RO         2720    locale$$data        c_p.l(lc_numeric_c.o)
    0x00009df8   0x00000110   Data   RO         2746    locale$$data        c_p.l(lc_ctype_c.o)


    Execution Region RW_IRAM1 (Base: 0x20000000, Size: 0x000008d0, Max: 0x00004000, ABSOLUTE)

    Base Addr    Size         Type   Attr      Idx    E Section Name        Object

    0x20000000   0x0000001a   Data   RW            6    .data               main.o
    0x2000001a   0x00000002   PAD
    0x2000001c   0x00000035   Data   RW          545    .data               inv_mpu.o
    0x20000051   0x00000003   PAD
    0x20000054   0x00000008   Data   RW         2361    .data               system_swm181.o
    0x2000005c   0x00000400   Zero   RW          182    .bss                oled.o
    0x2000045c   0x00000010   Zero   RW          860    .bss                inv_mpu_dmp_motion_driver.o
    0x2000046c   0x00000060   Zero   RW         2699    .bss                c_p.l(libspace.o)
    0x200004cc   0x00000004   PAD
    0x200004d0   0x00000000   Zero   RW         2345    HEAP                startup_swm181.o
    0x200004d0   0x00000400   Zero   RW         2344    STACK               startup_swm181.o


==============================================================================

Image component sizes


      Code (inc. data)   RO Data    RW Data    ZI Data      Debug   Object Name

       102         12          0          0          0        966   delay.o
      7192        282        157         53          0      29956   inv_mpu.o
      3256        156       3062          0         16      20018   inv_mpu_dmp_motion_driver.o
        64          8          0          0          0        407   led.o
      1016        182          0         26          0      94132   main.o
       604          0          0          0          0       5579   mpu6050.o
       626         42          0          0          0       4406   mpuiic.o
      1236         52       6080          0       1024       8696   oled.o
       112         24        192          0       1024       1876   startup_swm181.o
       392         12          0          0          0       4168   swm181_gpio.o
       268         16          0          0          0      10094   swm181_irqmux.o
       688         10          0          0          0       1652   swm181_port.o
       310         14          0          0          0       3810   swm181_uart.o
       640         84          0          8          0       4023   system_swm181.o
       188         16          0          0          0       1771   uart.o

    ----------------------------------------------------------------------
     16710        910       9526         92       2064     191554   Object Totals
         0          0         32          0          0          0   (incl. Generated)
        16          0          3          5          0          0   (incl. Padding)

    ----------------------------------------------------------------------

      Code (inc. data)   RO Data    RW Data    ZI Data      Debug   Library Member Name

         8          0          0          0          0         68   __main.o
       392          6         17          0          0         76   __printf_flags_ss_wp.o
        14          0          0          0          0         60   __printf_wp.o
         0          0          0          0          0          0   __rtentry.o
        12          0          0          0          0          0   __rtentry2.o
         6          0          0          0          0          0   __rtentry4.o
        60          8          0          0          0          0   __scatter.o
        26          0          0          0          0          0   __scatter_copy.o
        28          0          0          0          0          0   __scatter_zi.o
        10          0          0          0          0          0   _printf_a.o
        10          0          0          0          0          0   _printf_c.o
        46          0          0          0          0        100   _printf_char.o
        48          6          0          0          0         88   _printf_char_common.o
        38          0          0          0          0         60   _printf_charcount.o
        10          0          0          0          0          0   _printf_d.o
       108         18          0          0          0         76   _printf_dec.o
        10          0          0          0          0          0   _printf_e.o
        10          0          0          0          0          0   _printf_f.o
      1048         14          0          0          0        176   _printf_fp_dec.o
       136         16          0          0          0         76   _printf_fp_infnan.o
        10          0          0          0          0          0   _printf_g.o
       152          4         40          0          0        148   _printf_hex_int_ll_ptr.o
        10          0          0          0          0          0   _printf_i.o
       176          0          0          0          0         84   _printf_intcommon.o
        10          0          0          0          0          0   _printf_l.o
        10          0          0          0          0          0   _printf_lc.o
        10          0          0          0          0          0   _printf_ll.o
        10          0          0          0          0          0   _printf_lld.o
        10          0          0          0          0          0   _printf_lli.o
        10          0          0          0          0          0   _printf_llo.o
        10          0          0          0          0          0   _printf_llu.o
        10          0          0          0          0          0   _printf_llx.o
       112         18          0          0          0         76   _printf_longlong_dec.o
        10          0          0          0          0          0   _printf_ls.o
        10          0          0          0          0          0   _printf_n.o
        10          0          0          0          0          0   _printf_o.o
       112         10          0          0          0        112   _printf_oct_int_ll.o
        10          0          0          0          0          0   _printf_p.o
        78          0          0          0          0        100   _printf_pad.o
         2          0          0          0          0          0   _printf_percent.o
         4          0          0          0          0          0   _printf_percent_end.o
        10          0          0          0          0          0   _printf_s.o
        82          0          0          0          0         72   _printf_str.o
        36          0          0          0          0         76   _printf_truncate.o
        10          0          0          0          0          0   _printf_u.o
        46          0          0          0          0        100   _printf_wchar.o
       188          6          8          0          0         80   _printf_wctomb.o
        10          0          0          0          0          0   _printf_x.o
        22          0          0          0          0         92   _rserrno.o
        16          0          0          0          0         60   _snputc.o
        10          0          0          0          0         60   _sputc.o
        64          0          0          0          0         72   _wcrtomb.o
        18          0          0          0          0         68   aeabi_memset.o
       346          0          0          0          0         92   aeabi_sdiv.o
       216          6        148          0          0         80   bigflt0.o
      1456         30          0          0          0        336   btod.o
        56          6          0          0          0         72   c89vsnprintf.o
        16          0          0          0          0         68   exit.o
         6          0          0          0          0        136   heapauxi.o
         0          0          0          0          0          0   indicate_semi.o
        44         10        272          0          0         76   lc_ctype_c.o
        44         10         28          0          0         76   lc_numeric_c.o
         2          0          0          0          0          0   libinit.o
        30          0          0          0          0          0   libinit2.o
         2          0          0          0          0          0   libshutdown.o
         2          0          0          0          0          0   libshutdown2.o
         8          4          0          0         96         68   libspace.o
        48          0          0          0          0         72   llmul.o
       112          0          0          0          0         72   llsdiv.o
       258          0          0          0          0         88   lludiv.o
       122          0          0          0          0         72   lludiv10.o
        90          0          0          0          0         68   memcmp.o
        16          4          0          0          0         76   rt_ctype_table.o
         8          4          0          0          0         68   rt_errno_addr_intlibspace.o
         8          4          0          0          0         68   rt_locale_intlibspace.o
        64          0          0          0          0        108   rt_memclr.o
         2          0          0          0          0          0   rtexit.o
        10          0          0          0          0          0   rtexit2.o
        40          0          0          0          0         60   rtudiv10.o
       136          4          0          0          0         72   strcmp.o
        68          6          0          0          0         72   strlen.o
        12          4          0          0          0         60   sys_exit.o
        62          0          0          0          0         80   sys_stackheap_outer.o
         2          0          0          0          0         68   use_no_semi.o
        46          0          0          0          0         60   cmpret.o
       124          4          0          0          0         72   d2f.o
       856         20          0          0          0        208   daddsub.o
       144          4          0          0          0         76   dcmpin.o
      1096         26        128          0          0        112   ddiv.o
       100          4          0          0          0         92   deqf.o
       584         26          0          0          0         84   dmul.o
        20          6          0          0          0         68   dnan2.o
        96         12          0          0          0         72   dscalbn.o
       256          8          0          0          0         76   dsqrt.o
        84          4          0          0          0         60   f2d.o
       348          8          0          0          0        160   faddsub.o
       100          4          0          0          0         68   fcmpin.o
       352         10         64          0          0         92   fdiv.o
        84          4          0          0          0         76   feqf.o
        76          0          0          0          0         68   ffixi.o
        48          0          0          0          0         60   ffixui.o
        94          0          0          0          0         92   fflti.o
        84          4          0          0          0         76   flef.o
       176          4          0          0          0         80   fmul.o
        16          6          0          0          0         68   fnan2.o
        88          4          0          0          0         76   frlef.o
        16          4          0          0          0         76   printf1.o
        94          0          0          0          0         68   retnan.o
         0          0          0          0          0          0   usenofp.o
       628         54         80          0          0        104   asin.o
       540         68        152          0          0        112   atan.o
       412         40          0          0          0        144   atan2.o
        54          6          0          0          0        272   dunder.o
        44          4          0          0          0         60   fpclassify.o
       172          0          0          0          0         76   poly.o
         0          0          8          0          0          0   qnan.o
        72          6          0          0          0         76   sqrt.o

    ----------------------------------------------------------------------
     13522        538        954          0        100       6972   Library Totals
        24          0          9          0          4          0   (incl. Padding)

    ----------------------------------------------------------------------

      Code (inc. data)   RO Data    RW Data    ZI Data      Debug   Library Name

      6594        198        513          0         96       4088   c_p.l
      4982        162        192          0          0       2040   fz_ps.l
      1922        178        240          0          0        844   m_ps.l

    ----------------------------------------------------------------------
     13522        538        954          0        100       6972   Library Totals

    ----------------------------------------------------------------------

==============================================================================


      Code (inc. data)   RO Data    RW Data    ZI Data      Debug   

     30232       1448      10480         92       2164     190006   Grand Totals
     30232       1448      10480         92       2164     190006   ELF Image Totals
     30232       1448      10480         92          0          0   ROM Totals

==============================================================================

    Total RO  Size (Code + RO Data)                40712 (  39.76kB)
    Total RW  Size (RW Data + ZI Data)              2256 (   2.20kB)
    Total ROM Size (Code + RO Data + RW Data)      40804 (  39.85kB)

==============================================================================

