<html>
<body>
<pre>
<h1>µVision Build Log</h1>
<h2>Tool Versions:</h2>
IDE-Version: ¦ÌVision V5.18.0.0
Copyright (C) 2016 ARM Ltd and ARM Germany GmbH. All rights reserved.
License Information: raibkbb H8319H, adwfaf, LIC=FQQNN-YJISL-PHD89-4SYBR-3BTKQ-RDE0P
 
Tool Versions:
Toolchain:       MDK-ARM Professional  Version: 5.18
Toolchain Path:  D:\Keil uvision5 MDK\Keil uvision5 MDK\ARM\AC5\Bin
C Compiler:      Armcc.exe V5.06 update 7 (build 960)
Assembler:       Armasm.exe V5.06 update 7 (build 960)
Linker/Locator:  ArmLink.exe V5.06 update 7 (build 960)
Library Manager: ArmAr.exe V5.06 update 7 (build 960)
Hex Converter:   FromElf.exe V5.06 update 7 (build 960)
CPU DLL:         SARMCM3.DLL V5.18
Dialog DLL:      DARMCM1.DLL V1.12.0.0
Target DLL:      CMSIS_AGDI.dll V1.25.7.0
Dialog DLL:      TARMCM1.DLL V1.9.0.0
 
<h2>Project:</h2>
D:\MCU_Code\SWM181_Code\CBT6\MPU6050\MiaoA.uvprojx
Project File Date:  09/27/2022

<h2>Output:</h2>
*** Using Compiler 'V5.06 update 7 (build 960)', folder: 'D:\Keil uvision5 MDK\Keil uvision5 MDK\ARM\AC5\Bin'
Build target 'Target 1'
compiling mpuiic.c...
compiling main.c...
compiling mpu6050.c...
compiling inv_mpu.c...
linking...
Program Size: Code=30232 RO-data=10480 RW-data=92 ZI-data=2164  
FromELF: creating hex file...
".\Objects\MiaoA.axf" - 0 Error(s), 0 Warning(s).

<h2>Software Packages used:</h2>

Package Vendor: ARM
                http://www.keil.com/pack/ARM.CMSIS.5.7.0.pack
                ARM::CMSIS:CORE:5.4.0
                CMSIS (Cortex Microcontroller Software Interface Standard)
   * Component: CORE Version: 5.4.0

Package Vendor: Synwit
                http://www.synwit.com/pack/Synwit.SWM32_DFP.1.20.3.pack
                Synwit::Device:Startup:1.6.0
                Synwit 32bit MCU Device Support
   * Component: Startup Version: 1.6.0
   * Component: ADC Version: 1.6.0
   * Component: DMA Version: 1.6.0
   * Component: PWM Version: 1.6.0
   * Component: GPIO Version: 1.6.0
   * Component: I2C Version: 1.6.0
   * Component: IRQMux Version: 1.6.0
   * Component: SDADC Version: 1.6.0
   * Component: Port Version: 1.6.0
   * Component: SLCD Version: 1.6.0
   * Component: SPI Version: 1.6.0
   * Component: Timer Version: 1.6.0
   * Component: UART Version: 1.6.0

<h2>Collection of Component include folders:</h2>
  D:\MCU_Code\SWM181_Code\CBT6\MPU6050\RTE
  D:\Keil uvision5 MDK\Keil uvision5 MDK\ARM\PACK\ARM\CMSIS\5.7.0\CMSIS\Core\Include
  D:\Keil uvision5 MDK\Keil uvision5 MDK\ARM\PACK\Synwit\SWM32_DFP\1.20.3\CSL\SWM181\CMSIS\DeviceSupport
  D:\Keil uvision5 MDK\Keil uvision5 MDK\ARM\PACK\Synwit\SWM32_DFP\1.20.3\CSL\SWM181\SWM181_StdPeriph_Driver

<h2>Collection of Component Files used:</h2>

   * Component: ARM::CMSIS:CORE:5.4.0
      Source file:   CMSIS\Core\Template\ARMv8-M\tz_context.c
      Source file:   CMSIS\Core\Template\ARMv8-M\main_s.c
      Include file:  CMSIS\Core\Include\tz_context.h

   * Component: Synwit::Device:Startup:1.6.0
      Source file:   CSL\SWM181\CMSIS\DeviceSupport\startup\arm\startup_SWM181.s
      Source file:   CSL\SWM181\CMSIS\DeviceSupport\system_SWM181.c

   * Component: Synwit::Device:Driver:ADC:1.6.0
      Include file:  CSL\SWM181\SWM181_StdPeriph_Driver\SWM181_adc.h
      Source file:   CSL\SWM181\SWM181_StdPeriph_Driver\SWM181_adc.c

   * Component: Synwit::Device:Driver:DMA:1.6.0
      Source file:   CSL\SWM181\SWM181_StdPeriph_Driver\SWM181_dma.c
      Include file:  CSL\SWM181\SWM181_StdPeriph_Driver\SWM181_dma.h

   * Component: Synwit::Device:Driver:PWM:1.6.0
      Source file:   CSL\SWM181\SWM181_StdPeriph_Driver\SWM181_pwm.c
      Include file:  CSL\SWM181\SWM181_StdPeriph_Driver\SWM181_pwm.h

   * Component: Synwit::Device:Driver:GPIO:1.6.0
      Source file:   CSL\SWM181\SWM181_StdPeriph_Driver\SWM181_gpio.c
      Include file:  CSL\SWM181\SWM181_StdPeriph_Driver\SWM181_gpio.h

   * Component: Synwit::Device:Driver:I2C:1.6.0
      Include file:  CSL\SWM181\SWM181_StdPeriph_Driver\SWM181_i2c.h
      Source file:   CSL\SWM181\SWM181_StdPeriph_Driver\SWM181_i2c.c

   * Component: Synwit::Device:Driver:IRQMux:1.6.0
      Include file:  CSL\SWM181\SWM181_StdPeriph_Driver\SWM181_irqmux.h
      Source file:   CSL\SWM181\SWM181_StdPeriph_Driver\SWM181_irqmux.c

   * Component: Synwit::Device:Driver:SDADC:1.6.0
      Include file:  CSL\SWM181\SWM181_StdPeriph_Driver\SWM181_sdadc.h
      Source file:   CSL\SWM181\SWM181_StdPeriph_Driver\SWM181_sdadc.c

   * Component: Synwit::Device:Driver:Port:1.6.0
      Include file:  CSL\SWM181\SWM181_StdPeriph_Driver\SWM181_port.h
      Source file:   CSL\SWM181\SWM181_StdPeriph_Driver\SWM181_port.c

   * Component: Synwit::Device:Driver:SLCD:1.6.0
      Include file:  CSL\SWM181\SWM181_StdPeriph_Driver\SWM181_slcd.h
      Source file:   CSL\SWM181\SWM181_StdPeriph_Driver\SWM181_slcd.c

   * Component: Synwit::Device:Driver:SPI:1.6.0
      Source file:   CSL\SWM181\SWM181_StdPeriph_Driver\SWM181_spi.c
      Include file:  CSL\SWM181\SWM181_StdPeriph_Driver\SWM181_spi.h

   * Component: Synwit::Device:Driver:Timer:1.6.0
      Source file:   CSL\SWM181\SWM181_StdPeriph_Driver\SWM181_timr.c
      Include file:  CSL\SWM181\SWM181_StdPeriph_Driver\SWM181_timr.h

   * Component: Synwit::Device:Driver:UART:1.6.0
      Include file:  CSL\SWM181\SWM181_StdPeriph_Driver\SWM181_uart.h
      Source file:   CSL\SWM181\SWM181_StdPeriph_Driver\SWM181_uart.c
Build Time Elapsed:  00:00:01
</pre>
</body>
</html>
