Component: ARM Compiler 5.06 update 7 (build 960) Tool: armlink [4d3601]

==============================================================================

Section Cross References

    main.o(i.SysTick_Handler) refers to swm181_gpio.o(i.GPIO_InvBit) for GPIO_InvBit
    main.o(i.main) refers to system_swm181.o(i.SystemInit) for SystemInit
    main.o(i.main) refers to swm181_gpio.o(i.GPIO_Init) for GPIO_Init
    main.o(i.main) refers to swm181_gpio.o(i.GPIO_InvBit) for GPIO_InvBit
    main.o(i.main) refers to delay.o(i.delay_us) for delay_us
    main.o(i.main) refers to main.o(i.__NVIC_SetPriority) for __NVIC_SetPriority
    main.o(i.main) refers to system_swm181.o(.data) for SystemCoreClock
    delay.o(i.delay_ms) refers to delay.o(i.delay_us) for delay_us
    delay.o(i.delay_s) refers to delay.o(i.delay_ms) for delay_ms
    delay.o(i.delay_us) refers to system_swm181.o(.data) for SystemCoreClock
    swm181_adc.o(i.ADC_Init) refers to swm181_adc.o(i.ADC_Close) for ADC_Close
    swm181_adc.o(i.ADC_IntEOCClr) refers to swm181_adc.o(i.chn2idx) for chn2idx
    swm181_adc.o(i.ADC_IntEOCDis) refers to swm181_adc.o(i.chn2idx) for chn2idx
    swm181_adc.o(i.ADC_IntEOCEn) refers to swm181_adc.o(i.chn2idx) for chn2idx
    swm181_adc.o(i.ADC_IntEOCStat) refers to swm181_adc.o(i.chn2idx) for chn2idx
    swm181_adc.o(i.ADC_IntOVFClr) refers to swm181_adc.o(i.chn2idx) for chn2idx
    swm181_adc.o(i.ADC_IntOVFDis) refers to swm181_adc.o(i.chn2idx) for chn2idx
    swm181_adc.o(i.ADC_IntOVFEn) refers to swm181_adc.o(i.chn2idx) for chn2idx
    swm181_adc.o(i.ADC_IntOVFStat) refers to swm181_adc.o(i.chn2idx) for chn2idx
    swm181_adc.o(i.ADC_IsEOC) refers to swm181_adc.o(i.chn2idx) for chn2idx
    swm181_adc.o(i.ADC_Read) refers to swm181_adc.o(i.chn2idx) for chn2idx
    swm181_dma.o(i.DMA_CHM_Config) refers to swm181_dma.o(i.DMA_CH_Close) for DMA_CH_Close
    swm181_dma.o(i.DMA_CHM_Config) refers to swm181_dma.o(i.DMA_CH_INTClr) for DMA_CH_INTClr
    swm181_dma.o(i.DMA_CHM_Config) refers to swm181_dma.o(i.DMA_CH_INTEn) for DMA_CH_INTEn
    swm181_dma.o(i.DMA_CHM_Config) refers to swm181_dma.o(i.DMA_CH_INTDis) for DMA_CH_INTDis
    swm181_dma.o(i.DMA_CH_Close) refers to swm181_dma.o(i.__ARM_common_switch8) for __ARM_common_switch8
    swm181_dma.o(i.DMA_CH_Config) refers to swm181_dma.o(i.DMA_CH_Close) for DMA_CH_Close
    swm181_dma.o(i.DMA_CH_Config) refers to swm181_dma.o(i.DMA_CH_INTClr) for DMA_CH_INTClr
    swm181_dma.o(i.DMA_CH_Config) refers to swm181_dma.o(i.DMA_CH_INTEn) for DMA_CH_INTEn
    swm181_dma.o(i.DMA_CH_Config) refers to swm181_dma.o(i.DMA_CH_INTDis) for DMA_CH_INTDis
    swm181_dma.o(i.DMA_CH_INTClr) refers to swm181_dma.o(i.__ARM_common_switch8) for __ARM_common_switch8
    swm181_dma.o(i.DMA_CH_INTDis) refers to swm181_dma.o(i.__ARM_common_switch8) for __ARM_common_switch8
    swm181_dma.o(i.DMA_CH_INTEn) refers to swm181_dma.o(i.__ARM_common_switch8) for __ARM_common_switch8
    swm181_dma.o(i.DMA_CH_INTStat) refers to swm181_dma.o(i.__ARM_common_switch8) for __ARM_common_switch8
    swm181_dma.o(i.DMA_CH_Open) refers to swm181_dma.o(i.__ARM_common_switch8) for __ARM_common_switch8
    swm181_gpio.o(i.GPIO_Init) refers to swm181_port.o(i.PORT_Init) for PORT_Init
    swm181_i2c.o(i.I2C_Init) refers to swm181_i2c.o(i.I2C_Close) for I2C_Close
    swm181_i2c.o(i.I2C_Init) refers to aeabi_sdiv.o(.text) for __aeabi_uidivmod
    swm181_i2c.o(i.I2C_Init) refers to system_swm181.o(.data) for SystemCoreClock
    swm181_pwm.o(i.PWM_Init) refers to swm181_pwm.o(i.PWM_Stop) for PWM_Stop
    swm181_sdadc.o(i.SDADC_Config_Cali) refers to swm181_sdadc.o(i.SDADC_Start) for SDADC_Start
    swm181_sdadc.o(i.SDADC_Init) refers to swm181_port.o(i.PORT_Init) for PORT_Init
    swm181_slcd.o(i.SLCD_Init) refers to aeabi_sdiv.o(.text) for __aeabi_uidivmod
    swm181_slcd.o(i.SLCD_Init) refers to system_swm181.o(.data) for SystemCoreClock
    swm181_spi.o(i.SPI_Init) refers to swm181_spi.o(i.SPI_Close) for SPI_Close
    swm181_timr.o(i.TIMR_Init) refers to swm181_timr.o(i.TIMR_Stop) for TIMR_Stop
    swm181_timr.o(i.TIMR_Init) refers to swm181_timr.o(i.TIMR_INTClr) for TIMR_INTClr
    swm181_uart.o(i.UART_GetBaudrate) refers to aeabi_sdiv.o(.text) for __aeabi_uidivmod
    swm181_uart.o(i.UART_GetBaudrate) refers to system_swm181.o(.data) for SystemCoreClock
    swm181_uart.o(i.UART_Init) refers to swm181_uart.o(i.UART_Close) for UART_Close
    swm181_uart.o(i.UART_Init) refers to aeabi_sdiv.o(.text) for __aeabi_uidivmod
    swm181_uart.o(i.UART_Init) refers to system_swm181.o(.data) for SystemCoreClock
    swm181_uart.o(i.UART_SetBaudrate) refers to aeabi_sdiv.o(.text) for __aeabi_uidivmod
    swm181_uart.o(i.UART_SetBaudrate) refers to system_swm181.o(.data) for SystemCoreClock
    startup_swm181.o(STACK) refers (Special) to heapauxi.o(.text) for __use_two_region_memory
    startup_swm181.o(HEAP) refers (Special) to heapauxi.o(.text) for __use_two_region_memory
    startup_swm181.o(RESET) refers (Special) to heapauxi.o(.text) for __use_two_region_memory
    startup_swm181.o(RESET) refers to startup_swm181.o(STACK) for Stack_Mem
    startup_swm181.o(RESET) refers to startup_swm181.o(.text) for Reset_Handler
    startup_swm181.o(RESET) refers to main.o(i.SysTick_Handler) for SysTick_Handler
    startup_swm181.o(.text) refers (Special) to heapauxi.o(.text) for __use_two_region_memory
    startup_swm181.o(.text) refers to __main.o(!!!main) for __main
    startup_swm181.o(.text) refers to startup_swm181.o(HEAP) for Heap_Mem
    startup_swm181.o(.text) refers to startup_swm181.o(STACK) for Stack_Mem
    system_swm181.o(i.SystemCoreClockUpdate) refers to aeabi_sdiv.o(.text) for __aeabi_uidivmod
    system_swm181.o(i.SystemCoreClockUpdate) refers to system_swm181.o(.data) for SystemCoreClock
    system_swm181.o(i.SystemInit) refers to swm181_dma.o(i.__ARM_common_switch8) for __ARM_common_switch8
    system_swm181.o(i.SystemInit) refers to system_swm181.o(i.switchToRC32KHz) for switchToRC32KHz
    system_swm181.o(i.SystemInit) refers to system_swm181.o(i.switchToRC24MHz) for switchToRC24MHz
    system_swm181.o(i.SystemInit) refers to system_swm181.o(i.switchToRC6MHz) for switchToRC6MHz
    system_swm181.o(i.SystemInit) refers to system_swm181.o(i.switchToRC48MHz) for switchToRC48MHz
    system_swm181.o(i.SystemInit) refers to system_swm181.o(i.switchToRC12MHz) for switchToRC12MHz
    system_swm181.o(i.SystemInit) refers to system_swm181.o(i.switchToXTAL) for switchToXTAL
    system_swm181.o(i.SystemInit) refers to system_swm181.o(i.SystemCoreClockUpdate) for SystemCoreClockUpdate
    system_swm181.o(i.switchToXTAL) refers to swm181_port.o(i.PORT_Init) for PORT_Init
    __main.o(!!!main) refers to __rtentry.o(.ARM.Collect$$rtentry$$00000000) for __rt_entry
    __rtentry.o(.ARM.Collect$$rtentry$$00000000) refers (Special) to __rtentry2.o(.ARM.Collect$$rtentry$$0000000A) for __rt_entry_li
    __rtentry.o(.ARM.Collect$$rtentry$$00000000) refers (Special) to __rtentry2.o(.ARM.Collect$$rtentry$$0000000D) for __rt_entry_main
    __rtentry.o(.ARM.Collect$$rtentry$$00000000) refers (Special) to __rtentry2.o(.ARM.Collect$$rtentry$$0000000C) for __rt_entry_postli_1
    __rtentry.o(.ARM.Collect$$rtentry$$00000000) refers (Special) to __rtentry2.o(.ARM.Collect$$rtentry$$00000009) for __rt_entry_postsh_1
    __rtentry.o(.ARM.Collect$$rtentry$$00000000) refers (Special) to __rtentry2.o(.ARM.Collect$$rtentry$$00000002) for __rt_entry_presh_1
    __rtentry.o(.ARM.Collect$$rtentry$$00000000) refers (Special) to __rtentry4.o(.ARM.Collect$$rtentry$$00000004) for __rt_entry_sh
    aeabi_idiv0_sigfpe.o(.text) refers to rt_div0.o(.text) for __rt_div0
    __rtentry2.o(.ARM.Collect$$rtentry$$00000008) refers to boardinit2.o(.text) for _platform_post_stackheap_init
    __rtentry2.o(.ARM.Collect$$rtentry$$0000000A) refers to libinit.o(.ARM.Collect$$libinit$$00000000) for __rt_lib_init
    __rtentry2.o(.ARM.Collect$$rtentry$$0000000B) refers to boardinit3.o(.text) for _platform_post_lib_init
    __rtentry2.o(.ARM.Collect$$rtentry$$0000000D) refers to main.o(i.main) for main
    __rtentry2.o(.ARM.Collect$$rtentry$$0000000D) refers to exit.o(.text) for exit
    __rtentry2.o(.ARM.exidx) refers to __rtentry2.o(.ARM.Collect$$rtentry$$00000001) for .ARM.Collect$$rtentry$$00000001
    __rtentry2.o(.ARM.exidx) refers to __rtentry2.o(.ARM.Collect$$rtentry$$00000008) for .ARM.Collect$$rtentry$$00000008
    __rtentry2.o(.ARM.exidx) refers to __rtentry2.o(.ARM.Collect$$rtentry$$0000000A) for .ARM.Collect$$rtentry$$0000000A
    __rtentry2.o(.ARM.exidx) refers to __rtentry2.o(.ARM.Collect$$rtentry$$0000000B) for .ARM.Collect$$rtentry$$0000000B
    __rtentry2.o(.ARM.exidx) refers to __rtentry2.o(.ARM.Collect$$rtentry$$0000000D) for .ARM.Collect$$rtentry$$0000000D
    __rtentry4.o(.ARM.Collect$$rtentry$$00000004) refers to sys_stackheap_outer.o(.text) for __user_setup_stackheap
    __rtentry4.o(.ARM.exidx) refers to __rtentry4.o(.ARM.Collect$$rtentry$$00000004) for .ARM.Collect$$rtentry$$00000004
    rt_div0.o(.text) refers to defsig_fpe_outer.o(.text) for __rt_SIGFPE
    sys_stackheap_outer.o(.text) refers to libspace.o(.text) for __user_perproc_libspace
    sys_stackheap_outer.o(.text) refers to startup_swm181.o(.text) for __user_initial_stackheap
    sys_stackheap_outer.o(__vectab_stack_and_reset_area) refers to tempstk.o(.text) for __temporary_stack_top
    sys_stackheap_outer.o(__vectab_stack_and_reset_area) refers to __main.o(!!!main) for __main
    exit.o(.text) refers to rtexit.o(.ARM.Collect$$rtexit$$00000000) for __rt_exit
    defsig_fpe_outer.o(.text) refers to defsig_fpe_inner.o(.text) for __rt_SIGFPE_inner
    defsig_fpe_outer.o(.text) refers to defsig_exit.o(.text) for __sig_exit
    defsig_fpe_formal.o(.text) refers to rt_raise.o(.text) for __rt_raise
    libinit.o(.ARM.Collect$$libinit$$00000000) refers (Special) to libinit2.o(.ARM.Collect$$libinit$$0000002E) for __rt_lib_init_alloca_1
    libinit.o(.ARM.Collect$$libinit$$00000000) refers (Special) to libinit2.o(.ARM.Collect$$libinit$$0000002C) for __rt_lib_init_argv_1
    libinit.o(.ARM.Collect$$libinit$$00000000) refers (Special) to libinit2.o(.ARM.Collect$$libinit$$0000001B) for __rt_lib_init_atexit_1
    libinit.o(.ARM.Collect$$libinit$$00000000) refers (Special) to libinit2.o(.ARM.Collect$$libinit$$00000021) for __rt_lib_init_clock_1
    libinit.o(.ARM.Collect$$libinit$$00000000) refers (Special) to libinit2.o(.ARM.Collect$$libinit$$00000032) for __rt_lib_init_cpp_1
    libinit.o(.ARM.Collect$$libinit$$00000000) refers (Special) to libinit2.o(.ARM.Collect$$libinit$$00000030) for __rt_lib_init_exceptions_1
    libinit.o(.ARM.Collect$$libinit$$00000000) refers (Special) to libinit2.o(.ARM.Collect$$libinit$$00000002) for __rt_lib_init_fp_1
    libinit.o(.ARM.Collect$$libinit$$00000000) refers (Special) to libinit2.o(.ARM.Collect$$libinit$$0000001F) for __rt_lib_init_fp_trap_1
    libinit.o(.ARM.Collect$$libinit$$00000000) refers (Special) to libinit2.o(.ARM.Collect$$libinit$$00000023) for __rt_lib_init_getenv_1
    libinit.o(.ARM.Collect$$libinit$$00000000) refers (Special) to libinit2.o(.ARM.Collect$$libinit$$0000000A) for __rt_lib_init_heap_1
    libinit.o(.ARM.Collect$$libinit$$00000000) refers (Special) to libinit2.o(.ARM.Collect$$libinit$$00000011) for __rt_lib_init_lc_collate_1
    libinit.o(.ARM.Collect$$libinit$$00000000) refers (Special) to libinit2.o(.ARM.Collect$$libinit$$00000013) for __rt_lib_init_lc_ctype_1
    libinit.o(.ARM.Collect$$libinit$$00000000) refers (Special) to libinit2.o(.ARM.Collect$$libinit$$00000015) for __rt_lib_init_lc_monetary_1
    libinit.o(.ARM.Collect$$libinit$$00000000) refers (Special) to libinit2.o(.ARM.Collect$$libinit$$00000017) for __rt_lib_init_lc_numeric_1
    libinit.o(.ARM.Collect$$libinit$$00000000) refers (Special) to libinit2.o(.ARM.Collect$$libinit$$00000019) for __rt_lib_init_lc_time_1
    libinit.o(.ARM.Collect$$libinit$$00000000) refers (Special) to libinit2.o(.ARM.Collect$$libinit$$00000004) for __rt_lib_init_preinit_1
    libinit.o(.ARM.Collect$$libinit$$00000000) refers (Special) to libinit2.o(.ARM.Collect$$libinit$$0000000E) for __rt_lib_init_rand_1
    libinit.o(.ARM.Collect$$libinit$$00000000) refers (Special) to libinit2.o(.ARM.Collect$$libinit$$00000033) for __rt_lib_init_return
    libinit.o(.ARM.Collect$$libinit$$00000000) refers (Special) to libinit2.o(.ARM.Collect$$libinit$$0000001D) for __rt_lib_init_signal_1
    libinit.o(.ARM.Collect$$libinit$$00000000) refers (Special) to libinit2.o(.ARM.Collect$$libinit$$00000025) for __rt_lib_init_stdio_1
    libinit.o(.ARM.Collect$$libinit$$00000000) refers (Special) to libinit2.o(.ARM.Collect$$libinit$$0000000C) for __rt_lib_init_user_alloc_1
    libspace.o(.text) refers to libspace.o(.bss) for __libspace_start
    rtexit.o(.ARM.Collect$$rtexit$$00000000) refers (Special) to rtexit2.o(.ARM.Collect$$rtexit$$00000004) for __rt_exit_exit
    rtexit.o(.ARM.Collect$$rtexit$$00000000) refers (Special) to rtexit2.o(.ARM.Collect$$rtexit$$00000003) for __rt_exit_ls
    rtexit.o(.ARM.Collect$$rtexit$$00000000) refers (Special) to rtexit2.o(.ARM.Collect$$rtexit$$00000002) for __rt_exit_prels_1
    rtexit.o(.ARM.exidx) refers (Special) to rtexit2.o(.ARM.Collect$$rtexit$$00000004) for __rt_exit_exit
    rtexit.o(.ARM.exidx) refers (Special) to rtexit2.o(.ARM.Collect$$rtexit$$00000003) for __rt_exit_ls
    rtexit.o(.ARM.exidx) refers (Special) to rtexit2.o(.ARM.Collect$$rtexit$$00000002) for __rt_exit_prels_1
    rtexit.o(.ARM.exidx) refers to rtexit.o(.ARM.Collect$$rtexit$$00000000) for .ARM.Collect$$rtexit$$00000000
    rt_raise.o(.text) refers to __raise.o(.text) for __raise
    rt_raise.o(.text) refers to sys_exit.o(.text) for _sys_exit
    defsig_exit.o(.text) refers to sys_exit.o(.text) for _sys_exit
    defsig_fpe_inner.o(.text) refers to defsig_general.o(.text) for __default_signal_display
    libinit2.o(.ARM.Collect$$libinit$$00000010) refers to libinit2.o(.ARM.Collect$$libinit$$0000000F) for .ARM.Collect$$libinit$$0000000F
    libinit2.o(.ARM.Collect$$libinit$$00000012) refers to libinit2.o(.ARM.Collect$$libinit$$0000000F) for .ARM.Collect$$libinit$$0000000F
    libinit2.o(.ARM.Collect$$libinit$$00000014) refers to libinit2.o(.ARM.Collect$$libinit$$0000000F) for .ARM.Collect$$libinit$$0000000F
    libinit2.o(.ARM.Collect$$libinit$$00000016) refers to libinit2.o(.ARM.Collect$$libinit$$0000000F) for .ARM.Collect$$libinit$$0000000F
    libinit2.o(.ARM.Collect$$libinit$$00000018) refers to libinit2.o(.ARM.Collect$$libinit$$0000000F) for .ARM.Collect$$libinit$$0000000F
    libinit2.o(.ARM.Collect$$libinit$$00000026) refers to argv_veneer.o(.text) for __ARM_argv_veneer
    libinit2.o(.ARM.Collect$$libinit$$00000027) refers to argv_veneer.o(.text) for __ARM_argv_veneer
    sys_exit.o(.text) refers (Special) to use_no_semi.o(.text) for __I$use$semihosting
    sys_exit.o(.text) refers (Special) to indicate_semi.o(.text) for __semihosting_library_function
    rtexit2.o(.ARM.Collect$$rtexit$$00000003) refers to libshutdown.o(.ARM.Collect$$libshutdown$$00000000) for __rt_lib_shutdown
    rtexit2.o(.ARM.Collect$$rtexit$$00000004) refers to sys_exit.o(.text) for _sys_exit
    rtexit2.o(.ARM.exidx) refers to rtexit2.o(.ARM.Collect$$rtexit$$00000001) for .ARM.Collect$$rtexit$$00000001
    rtexit2.o(.ARM.exidx) refers to rtexit2.o(.ARM.Collect$$rtexit$$00000003) for .ARM.Collect$$rtexit$$00000003
    rtexit2.o(.ARM.exidx) refers to rtexit2.o(.ARM.Collect$$rtexit$$00000004) for .ARM.Collect$$rtexit$$00000004
    __raise.o(.text) refers to defsig.o(CL$$defsig) for __default_signal_handler
    defsig_general.o(.text) refers to sys_wrch.o(.text) for _ttywrch
    sys_wrch.o(.text) refers (Special) to use_no_semi.o(.text) for __I$use$semihosting
    sys_wrch.o(.text) refers (Special) to indicate_semi.o(.text) for __semihosting_library_function
    defsig.o(CL$$defsig) refers to defsig_fpe_inner.o(.text) for __rt_SIGFPE_inner
    defsig.o(CL$$defsig) refers to defsig_rtmem_inner.o(.text) for __rt_SIGRTMEM_inner
    _get_argv_nomalloc.o(.text) refers (Special) to hrguard.o(.text) for __heap_region$guard
    _get_argv_nomalloc.o(.text) refers to defsig_rtmem_outer.o(.text) for __rt_SIGRTMEM
    _get_argv_nomalloc.o(.text) refers to sys_command.o(.text) for _sys_command_string
    libshutdown.o(.ARM.Collect$$libshutdown$$00000000) refers (Special) to libshutdown2.o(.ARM.Collect$$libshutdown$$00000004) for __rt_lib_shutdown_cpp_1
    libshutdown.o(.ARM.Collect$$libshutdown$$00000000) refers (Special) to libshutdown2.o(.ARM.Collect$$libshutdown$$00000002) for __rt_lib_shutdown_fini_1
    libshutdown.o(.ARM.Collect$$libshutdown$$00000000) refers (Special) to libshutdown2.o(.ARM.Collect$$libshutdown$$00000009) for __rt_lib_shutdown_fp_trap_1
    libshutdown.o(.ARM.Collect$$libshutdown$$00000000) refers (Special) to libshutdown2.o(.ARM.Collect$$libshutdown$$00000011) for __rt_lib_shutdown_heap_1
    libshutdown.o(.ARM.Collect$$libshutdown$$00000000) refers (Special) to libshutdown2.o(.ARM.Collect$$libshutdown$$00000012) for __rt_lib_shutdown_return
    libshutdown.o(.ARM.Collect$$libshutdown$$00000000) refers (Special) to libshutdown2.o(.ARM.Collect$$libshutdown$$0000000C) for __rt_lib_shutdown_signal_1
    libshutdown.o(.ARM.Collect$$libshutdown$$00000000) refers (Special) to libshutdown2.o(.ARM.Collect$$libshutdown$$00000006) for __rt_lib_shutdown_stdio_1
    libshutdown.o(.ARM.Collect$$libshutdown$$00000000) refers (Special) to libshutdown2.o(.ARM.Collect$$libshutdown$$0000000E) for __rt_lib_shutdown_user_alloc_1
    sys_command.o(.text) refers (Special) to use_no_semi.o(.text) for __I$use$semihosting
    sys_command.o(.text) refers (Special) to indicate_semi.o(.text) for __semihosting_library_function
    defsig_abrt_inner.o(.text) refers to defsig_general.o(.text) for __default_signal_display
    defsig_rtred_inner.o(.text) refers to defsig_general.o(.text) for __default_signal_display
    defsig_rtmem_inner.o(.text) refers to defsig_general.o(.text) for __default_signal_display
    defsig_rtmem_outer.o(.text) refers to defsig_rtmem_inner.o(.text) for __rt_SIGRTMEM_inner
    defsig_rtmem_outer.o(.text) refers to defsig_exit.o(.text) for __sig_exit
    defsig_rtmem_formal.o(.text) refers to rt_raise.o(.text) for __rt_raise
    defsig_stak_inner.o(.text) refers to defsig_general.o(.text) for __default_signal_display
    defsig_pvfn_inner.o(.text) refers to defsig_general.o(.text) for __default_signal_display
    defsig_cppl_inner.o(.text) refers to defsig_general.o(.text) for __default_signal_display
    defsig_segv_inner.o(.text) refers to defsig_general.o(.text) for __default_signal_display
    defsig_other.o(.text) refers to defsig_general.o(.text) for __default_signal_display


==============================================================================

Removing Unused input sections from the image.

    Removing main.o(.rev16_text), (4 bytes).
    Removing main.o(.revsh_text), (4 bytes).
    Removing delay.o(.rev16_text), (4 bytes).
    Removing delay.o(.revsh_text), (4 bytes).
    Removing delay.o(i.delay_ms), (26 bytes).
    Removing delay.o(i.delay_s), (26 bytes).
    Removing swm181_adc.o(.rev16_text), (4 bytes).
    Removing swm181_adc.o(.revsh_text), (4 bytes).
    Removing swm181_adc.o(i.ADC_ChnSelect), (16 bytes).
    Removing swm181_adc.o(i.ADC_Close), (12 bytes).
    Removing swm181_adc.o(i.ADC_Init), (348 bytes).
    Removing swm181_adc.o(i.ADC_IntEOCClr), (24 bytes).
    Removing swm181_adc.o(i.ADC_IntEOCDis), (28 bytes).
    Removing swm181_adc.o(i.ADC_IntEOCEn), (28 bytes).
    Removing swm181_adc.o(i.ADC_IntEOCStat), (36 bytes).
    Removing swm181_adc.o(i.ADC_IntOVFClr), (26 bytes).
    Removing swm181_adc.o(i.ADC_IntOVFDis), (30 bytes).
    Removing swm181_adc.o(i.ADC_IntOVFEn), (30 bytes).
    Removing swm181_adc.o(i.ADC_IntOVFStat), (38 bytes).
    Removing swm181_adc.o(i.ADC_IsEOC), (28 bytes).
    Removing swm181_adc.o(i.ADC_Open), (12 bytes).
    Removing swm181_adc.o(i.ADC_Read), (30 bytes).
    Removing swm181_adc.o(i.ADC_Start), (6 bytes).
    Removing swm181_adc.o(i.ADC_Stop), (10 bytes).
    Removing swm181_adc.o(i.chn2idx), (78 bytes).
    Removing swm181_dma.o(.rev16_text), (4 bytes).
    Removing swm181_dma.o(.revsh_text), (4 bytes).
    Removing swm181_dma.o(i.DMA_CHM_Config), (124 bytes).
    Removing swm181_dma.o(i.DMA_CH_Close), (80 bytes).
    Removing swm181_dma.o(i.DMA_CH_Config), (220 bytes).
    Removing swm181_dma.o(i.DMA_CH_INTClr), (70 bytes).
    Removing swm181_dma.o(i.DMA_CH_INTDis), (110 bytes).
    Removing swm181_dma.o(i.DMA_CH_INTEn), (110 bytes).
    Removing swm181_dma.o(i.DMA_CH_INTStat), (92 bytes).
    Removing swm181_dma.o(i.DMA_CH_Open), (80 bytes).
    Removing swm181_gpio.o(.rev16_text), (4 bytes).
    Removing swm181_gpio.o(.revsh_text), (4 bytes).
    Removing swm181_gpio.o(i.GPIO_AtomicClrBit), (16 bytes).
    Removing swm181_gpio.o(i.GPIO_AtomicClrBits), (32 bytes).
    Removing swm181_gpio.o(i.GPIO_AtomicInvBit), (16 bytes).
    Removing swm181_gpio.o(i.GPIO_AtomicInvBits), (32 bytes).
    Removing swm181_gpio.o(i.GPIO_AtomicSetBit), (16 bytes).
    Removing swm181_gpio.o(i.GPIO_AtomicSetBits), (32 bytes).
    Removing swm181_gpio.o(i.GPIO_ClrBit), (12 bytes).
    Removing swm181_gpio.o(i.GPIO_ClrBits), (28 bytes).
    Removing swm181_gpio.o(i.GPIO_GetBit), (12 bytes).
    Removing swm181_gpio.o(i.GPIO_GetBits), (28 bytes).
    Removing swm181_gpio.o(i.GPIO_InvBits), (28 bytes).
    Removing swm181_gpio.o(i.GPIO_SetBit), (12 bytes).
    Removing swm181_gpio.o(i.GPIO_SetBits), (28 bytes).
    Removing swm181_i2c.o(.rev16_text), (4 bytes).
    Removing swm181_i2c.o(.revsh_text), (4 bytes).
    Removing swm181_i2c.o(i.I2C_Close), (10 bytes).
    Removing swm181_i2c.o(i.I2C_INTClr), (10 bytes).
    Removing swm181_i2c.o(i.I2C_INTDis), (10 bytes).
    Removing swm181_i2c.o(i.I2C_INTEn), (10 bytes).
    Removing swm181_i2c.o(i.I2C_INTStat), (10 bytes).
    Removing swm181_i2c.o(i.I2C_Init), (316 bytes).
    Removing swm181_i2c.o(i.I2C_Open), (10 bytes).
    Removing swm181_i2c.o(i.I2C_Read), (40 bytes).
    Removing swm181_i2c.o(i.I2C_Start), (32 bytes).
    Removing swm181_i2c.o(i.I2C_Stop), (20 bytes).
    Removing swm181_i2c.o(i.I2C_Write), (32 bytes).
    Removing swm181_port.o(.rev16_text), (4 bytes).
    Removing swm181_port.o(.revsh_text), (4 bytes).
    Removing swm181_pwm.o(.rev16_text), (4 bytes).
    Removing swm181_pwm.o(.revsh_text), (4 bytes).
    Removing swm181_pwm.o(i.PWM_GetCycle), (24 bytes).
    Removing swm181_pwm.o(i.PWM_GetDeadzone), (24 bytes).
    Removing swm181_pwm.o(i.PWM_GetHDuty), (24 bytes).
    Removing swm181_pwm.o(i.PWM_Init), (272 bytes).
    Removing swm181_pwm.o(i.PWM_IntHEndClr), (132 bytes).
    Removing swm181_pwm.o(i.PWM_IntHEndDis), (180 bytes).
    Removing swm181_pwm.o(i.PWM_IntHEndEn), (180 bytes).
    Removing swm181_pwm.o(i.PWM_IntHEndStat), (168 bytes).
    Removing swm181_pwm.o(i.PWM_IntNCycleClr), (116 bytes).
    Removing swm181_pwm.o(i.PWM_IntNCycleDis), (164 bytes).
    Removing swm181_pwm.o(i.PWM_IntNCycleEn), (164 bytes).
    Removing swm181_pwm.o(i.PWM_IntNCycleStat), (152 bytes).
    Removing swm181_pwm.o(i.PWM_SetCycle), (16 bytes).
    Removing swm181_pwm.o(i.PWM_SetDeadzone), (16 bytes).
    Removing swm181_pwm.o(i.PWM_SetHDuty), (16 bytes).
    Removing swm181_pwm.o(i.PWM_Start), (108 bytes).
    Removing swm181_pwm.o(i.PWM_Stop), (108 bytes).
    Removing swm181_sdadc.o(.rev16_text), (4 bytes).
    Removing swm181_sdadc.o(.revsh_text), (4 bytes).
    Removing swm181_sdadc.o(i.SDADC_ChnClose), (8 bytes).
    Removing swm181_sdadc.o(i.SDADC_ChnOpen), (8 bytes).
    Removing swm181_sdadc.o(i.SDADC_Close), (12 bytes).
    Removing swm181_sdadc.o(i.SDADC_Config_Cali), (88 bytes).
    Removing swm181_sdadc.o(i.SDADC_Config_Sel), (50 bytes).
    Removing swm181_sdadc.o(i.SDADC_Config_Set), (64 bytes).
    Removing swm181_sdadc.o(i.SDADC_Init), (188 bytes).
    Removing swm181_sdadc.o(i.SDADC_IntEOCClr), (6 bytes).
    Removing swm181_sdadc.o(i.SDADC_IntEOCDis), (10 bytes).
    Removing swm181_sdadc.o(i.SDADC_IntEOCEn), (10 bytes).
    Removing swm181_sdadc.o(i.SDADC_IntEOCStat), (10 bytes).
    Removing swm181_sdadc.o(i.SDADC_IntOVFClr), (6 bytes).
    Removing swm181_sdadc.o(i.SDADC_IntOVFDis), (10 bytes).
    Removing swm181_sdadc.o(i.SDADC_IntOVFEn), (10 bytes).
    Removing swm181_sdadc.o(i.SDADC_IntOVFStat), (12 bytes).
    Removing swm181_sdadc.o(i.SDADC_IsEOC), (10 bytes).
    Removing swm181_sdadc.o(i.SDADC_Open), (12 bytes).
    Removing swm181_sdadc.o(i.SDADC_Read), (18 bytes).
    Removing swm181_sdadc.o(i.SDADC_Start), (6 bytes).
    Removing swm181_sdadc.o(i.SDADC_Stop), (10 bytes).
    Removing swm181_slcd.o(.rev16_text), (4 bytes).
    Removing swm181_slcd.o(.revsh_text), (4 bytes).
    Removing swm181_slcd.o(i.SLCD_AllOn), (24 bytes).
    Removing swm181_slcd.o(i.SLCD_Clear), (24 bytes).
    Removing swm181_slcd.o(i.SLCD_Close), (18 bytes).
    Removing swm181_slcd.o(i.SLCD_Init), (92 bytes).
    Removing swm181_slcd.o(i.SLCD_Open), (14 bytes).
    Removing swm181_spi.o(.rev16_text), (4 bytes).
    Removing swm181_spi.o(.revsh_text), (4 bytes).
    Removing swm181_spi.o(i.SPI_Close), (10 bytes).
    Removing swm181_spi.o(i.SPI_INTRXFullClr), (6 bytes).
    Removing swm181_spi.o(i.SPI_INTRXFullDis), (10 bytes).
    Removing swm181_spi.o(i.SPI_INTRXFullEn), (10 bytes).
    Removing swm181_spi.o(i.SPI_INTRXFullStat), (12 bytes).
    Removing swm181_spi.o(i.SPI_INTRXHalfFullClr), (6 bytes).
    Removing swm181_spi.o(i.SPI_INTRXHalfFullDis), (10 bytes).
    Removing swm181_spi.o(i.SPI_INTRXHalfFullEn), (10 bytes).
    Removing swm181_spi.o(i.SPI_INTRXHalfFullStat), (12 bytes).
    Removing swm181_spi.o(i.SPI_INTRXOverflowClr), (6 bytes).
    Removing swm181_spi.o(i.SPI_INTRXOverflowDis), (10 bytes).
    Removing swm181_spi.o(i.SPI_INTRXOverflowEn), (10 bytes).
    Removing swm181_spi.o(i.SPI_INTRXOverflowStat), (10 bytes).
    Removing swm181_spi.o(i.SPI_INTTXCompleteClr), (8 bytes).
    Removing swm181_spi.o(i.SPI_INTTXCompleteDis), (12 bytes).
    Removing swm181_spi.o(i.SPI_INTTXCompleteEn), (12 bytes).
    Removing swm181_spi.o(i.SPI_INTTXCompleteStat), (14 bytes).
    Removing swm181_spi.o(i.SPI_INTTXEmptyClr), (6 bytes).
    Removing swm181_spi.o(i.SPI_INTTXEmptyDis), (10 bytes).
    Removing swm181_spi.o(i.SPI_INTTXEmptyEn), (10 bytes).
    Removing swm181_spi.o(i.SPI_INTTXEmptyStat), (12 bytes).
    Removing swm181_spi.o(i.SPI_INTTXHalfFullClr), (6 bytes).
    Removing swm181_spi.o(i.SPI_INTTXHalfFullDis), (10 bytes).
    Removing swm181_spi.o(i.SPI_INTTXHalfFullEn), (10 bytes).
    Removing swm181_spi.o(i.SPI_INTTXHalfFullStat), (12 bytes).
    Removing swm181_spi.o(i.SPI_INTTXWordCompleteClr), (8 bytes).
    Removing swm181_spi.o(i.SPI_INTTXWordCompleteDis), (12 bytes).
    Removing swm181_spi.o(i.SPI_INTTXWordCompleteEn), (12 bytes).
    Removing swm181_spi.o(i.SPI_INTTXWordCompleteStat), (14 bytes).
    Removing swm181_spi.o(i.SPI_Init), (176 bytes).
    Removing swm181_spi.o(i.SPI_IsRXEmpty), (12 bytes).
    Removing swm181_spi.o(i.SPI_IsTXEmpty), (12 bytes).
    Removing swm181_spi.o(i.SPI_IsTXFull), (12 bytes).
    Removing swm181_spi.o(i.SPI_Open), (10 bytes).
    Removing swm181_spi.o(i.SPI_Read), (6 bytes).
    Removing swm181_spi.o(i.SPI_ReadWrite), (20 bytes).
    Removing swm181_spi.o(i.SPI_Write), (4 bytes).
    Removing swm181_spi.o(i.SPI_WriteWithWait), (24 bytes).
    Removing swm181_timr.o(.rev16_text), (4 bytes).
    Removing swm181_timr.o(.revsh_text), (4 bytes).
    Removing swm181_timr.o(i.TIMR_GetCurValue), (6 bytes).
    Removing swm181_timr.o(i.TIMR_GetPeriod), (6 bytes).
    Removing swm181_timr.o(i.TIMR_Halt), (92 bytes).
    Removing swm181_timr.o(i.TIMR_INTClr), (68 bytes).
    Removing swm181_timr.o(i.TIMR_INTDis), (92 bytes).
    Removing swm181_timr.o(i.TIMR_INTEn), (92 bytes).
    Removing swm181_timr.o(i.TIMR_INTStat), (84 bytes).
    Removing swm181_timr.o(i.TIMR_Init), (212 bytes).
    Removing swm181_timr.o(i.TIMR_Resume), (92 bytes).
    Removing swm181_timr.o(i.TIMR_SetPeriod), (4 bytes).
    Removing swm181_timr.o(i.TIMR_Start), (10 bytes).
    Removing swm181_timr.o(i.TIMR_Stop), (10 bytes).
    Removing swm181_uart.o(.rev16_text), (4 bytes).
    Removing swm181_uart.o(.revsh_text), (4 bytes).
    Removing swm181_uart.o(i.UART_ABRIsDone), (38 bytes).
    Removing swm181_uart.o(i.UART_ABRStart), (100 bytes).
    Removing swm181_uart.o(i.UART_CTSConfig), (22 bytes).
    Removing swm181_uart.o(i.UART_CTSLineState), (12 bytes).
    Removing swm181_uart.o(i.UART_Close), (12 bytes).
    Removing swm181_uart.o(i.UART_GetBaudrate), (28 bytes).
    Removing swm181_uart.o(i.UART_INTRXThresholdDis), (10 bytes).
    Removing swm181_uart.o(i.UART_INTRXThresholdEn), (10 bytes).
    Removing swm181_uart.o(i.UART_INTRXThresholdStat), (14 bytes).
    Removing swm181_uart.o(i.UART_INTTXDoneDis), (10 bytes).
    Removing swm181_uart.o(i.UART_INTTXDoneEn), (10 bytes).
    Removing swm181_uart.o(i.UART_INTTXDoneStat), (14 bytes).
    Removing swm181_uart.o(i.UART_INTTXThresholdDis), (10 bytes).
    Removing swm181_uart.o(i.UART_INTTXThresholdEn), (10 bytes).
    Removing swm181_uart.o(i.UART_INTTXThresholdStat), (14 bytes).
    Removing swm181_uart.o(i.UART_INTTimeoutDis), (12 bytes).
    Removing swm181_uart.o(i.UART_INTTimeoutEn), (12 bytes).
    Removing swm181_uart.o(i.UART_INTTimeoutStat), (14 bytes).
    Removing swm181_uart.o(i.UART_Init), (268 bytes).
    Removing swm181_uart.o(i.UART_IsRXFIFOEmpty), (12 bytes).
    Removing swm181_uart.o(i.UART_IsTXBusy), (14 bytes).
    Removing swm181_uart.o(i.UART_IsTXFIFOFull), (12 bytes).
    Removing swm181_uart.o(i.UART_LINConfig), (22 bytes).
    Removing swm181_uart.o(i.UART_LINGenerate), (10 bytes).
    Removing swm181_uart.o(i.UART_LINIsDetected), (12 bytes).
    Removing swm181_uart.o(i.UART_LINIsGenerated), (12 bytes).
    Removing swm181_uart.o(i.UART_Open), (12 bytes).
    Removing swm181_uart.o(i.UART_RTSConfig), (28 bytes).
    Removing swm181_uart.o(i.UART_RTSLineState), (14 bytes).
    Removing swm181_uart.o(i.UART_ReadByte), (28 bytes).
    Removing swm181_uart.o(i.UART_SetBaudrate), (40 bytes).
    Removing swm181_uart.o(i.UART_WriteByte), (4 bytes).
    Removing system_swm181.o(.rev16_text), (4 bytes).
    Removing system_swm181.o(.revsh_text), (4 bytes).

203 unused section(s) (total 7380 bytes) removed from the image.

==============================================================================

Image Symbol Table

    Local Symbols

    Symbol Name                              Value     Ov Type        Size  Object(Section)

    RESET                                    0x00000000   Section      192  startup_swm181.o(RESET)
    ../clib/angel/boardlib.s                 0x00000000   Number         0  boardinit2.o ABSOLUTE
    ../clib/angel/boardlib.s                 0x00000000   Number         0  boardinit3.o ABSOLUTE
    ../clib/angel/boardlib.s                 0x00000000   Number         0  boardshut.o ABSOLUTE
    ../clib/angel/boardlib.s                 0x00000000   Number         0  boardinit1.o ABSOLUTE
    ../clib/angel/handlers.s                 0x00000000   Number         0  __scatter_zi.o ABSOLUTE
    ../clib/angel/handlers.s                 0x00000000   Number         0  __scatter_copy.o ABSOLUTE
    ../clib/angel/kernel.s                   0x00000000   Number         0  __rtentry4.o ABSOLUTE
    ../clib/angel/kernel.s                   0x00000000   Number         0  rtexit.o ABSOLUTE
    ../clib/angel/kernel.s                   0x00000000   Number         0  __rtentry2.o ABSOLUTE
    ../clib/angel/kernel.s                   0x00000000   Number         0  __rtentry.o ABSOLUTE
    ../clib/angel/kernel.s                   0x00000000   Number         0  rtexit2.o ABSOLUTE
    ../clib/angel/rt.s                       0x00000000   Number         0  rt_div0.o ABSOLUTE
    ../clib/angel/rt.s                       0x00000000   Number         0  rt_raise.o ABSOLUTE
    ../clib/angel/rt.s                       0x00000000   Number         0  aeabi_idiv0_sigfpe.o ABSOLUTE
    ../clib/angel/rt.s                       0x00000000   Number         0  aeabi_idiv0.o ABSOLUTE
    ../clib/angel/scatterp.s                 0x00000000   Number         0  __scatter.o ABSOLUTE
    ../clib/angel/startup.s                  0x00000000   Number         0  __main.o ABSOLUTE
    ../clib/angel/sys.s                      0x00000000   Number         0  sys_stackheap_outer.o ABSOLUTE
    ../clib/angel/sys.s                      0x00000000   Number         0  libspace.o ABSOLUTE
    ../clib/angel/sys.s                      0x00000000   Number         0  tempstk.o ABSOLUTE
    ../clib/angel/sys.s                      0x00000000   Number         0  use_no_semi.o ABSOLUTE
    ../clib/angel/sys.s                      0x00000000   Number         0  indicate_semi.o ABSOLUTE
    ../clib/angel/sysapp.c                   0x00000000   Number         0  sys_command.o ABSOLUTE
    ../clib/angel/sysapp.c                   0x00000000   Number         0  sys_wrch.o ABSOLUTE
    ../clib/angel/sysapp.c                   0x00000000   Number         0  sys_exit.o ABSOLUTE
    ../clib/armsys.c                         0x00000000   Number         0  no_argv.o ABSOLUTE
    ../clib/armsys.c                         0x00000000   Number         0  _get_argv_nomalloc.o ABSOLUTE
    ../clib/armsys.c                         0x00000000   Number         0  argv_veneer.o ABSOLUTE
    ../clib/division.s                       0x00000000   Number         0  aeabi_sdiv.o ABSOLUTE
    ../clib/division.s                       0x00000000   Number         0  aeabi_sdiv_div0.o ABSOLUTE
    ../clib/heapalloc.c                      0x00000000   Number         0  hrguard.o ABSOLUTE
    ../clib/heapaux.c                        0x00000000   Number         0  heapauxi.o ABSOLUTE
    ../clib/libinit.s                        0x00000000   Number         0  libshutdown.o ABSOLUTE
    ../clib/libinit.s                        0x00000000   Number         0  libinit.o ABSOLUTE
    ../clib/libinit.s                        0x00000000   Number         0  libinit2.o ABSOLUTE
    ../clib/libinit.s                        0x00000000   Number         0  libshutdown2.o ABSOLUTE
    ../clib/signal.c                         0x00000000   Number         0  __raise.o ABSOLUTE
    ../clib/signal.c                         0x00000000   Number         0  defsig_rtmem_formal.o ABSOLUTE
    ../clib/signal.c                         0x00000000   Number         0  defsig_rtred_inner.o ABSOLUTE
    ../clib/signal.c                         0x00000000   Number         0  defsig_abrt_inner.o ABSOLUTE
    ../clib/signal.c                         0x00000000   Number         0  defsig_pvfn_inner.o ABSOLUTE
    ../clib/signal.c                         0x00000000   Number         0  defsig_fpe_outer.o ABSOLUTE
    ../clib/signal.c                         0x00000000   Number         0  defsig_rtmem_outer.o ABSOLUTE
    ../clib/signal.c                         0x00000000   Number         0  defsig_cppl_inner.o ABSOLUTE
    ../clib/signal.c                         0x00000000   Number         0  defsig_stak_inner.o ABSOLUTE
    ../clib/signal.c                         0x00000000   Number         0  defsig_exit.o ABSOLUTE
    ../clib/signal.c                         0x00000000   Number         0  defsig_segv_inner.o ABSOLUTE
    ../clib/signal.c                         0x00000000   Number         0  defsig_fpe_inner.o ABSOLUTE
    ../clib/signal.c                         0x00000000   Number         0  defsig_other.o ABSOLUTE
    ../clib/signal.c                         0x00000000   Number         0  defsig_rtmem_inner.o ABSOLUTE
    ../clib/signal.c                         0x00000000   Number         0  defsig_fpe_formal.o ABSOLUTE
    ../clib/signal.c                         0x00000000   Number         0  defsig_general.o ABSOLUTE
    ../clib/signal.s                         0x00000000   Number         0  defsig.o ABSOLUTE
    ../clib/stdlib.c                         0x00000000   Number         0  exit.o ABSOLUTE
    ../fplib/cfplib/fpinit.c                 0x00000000   Number         0  fpinit.o ABSOLUTE
    Basic\\delay\\delay.c                    0x00000000   Number         0  delay.o ABSOLUTE
    Basic\delay\delay.c                      0x00000000   Number         0  delay.o ABSOLUTE
    D:\Keil uvision5 MDK\Keil uvision5 MDK\ARM\PACK\Synwit\SWM32_DFP\1.20.3\CSL\SWM181\SWM181_StdPeriph_Driver\SWM181_adc.c 0x00000000   Number         0  swm181_adc.o ABSOLUTE
    D:\Keil uvision5 MDK\Keil uvision5 MDK\ARM\PACK\Synwit\SWM32_DFP\1.20.3\CSL\SWM181\SWM181_StdPeriph_Driver\SWM181_dma.c 0x00000000   Number         0  swm181_dma.o ABSOLUTE
    D:\Keil uvision5 MDK\Keil uvision5 MDK\ARM\PACK\Synwit\SWM32_DFP\1.20.3\CSL\SWM181\SWM181_StdPeriph_Driver\SWM181_gpio.c 0x00000000   Number         0  swm181_gpio.o ABSOLUTE
    D:\Keil uvision5 MDK\Keil uvision5 MDK\ARM\PACK\Synwit\SWM32_DFP\1.20.3\CSL\SWM181\SWM181_StdPeriph_Driver\SWM181_i2c.c 0x00000000   Number         0  swm181_i2c.o ABSOLUTE
    D:\Keil uvision5 MDK\Keil uvision5 MDK\ARM\PACK\Synwit\SWM32_DFP\1.20.3\CSL\SWM181\SWM181_StdPeriph_Driver\SWM181_port.c 0x00000000   Number         0  swm181_port.o ABSOLUTE
    D:\Keil uvision5 MDK\Keil uvision5 MDK\ARM\PACK\Synwit\SWM32_DFP\1.20.3\CSL\SWM181\SWM181_StdPeriph_Driver\SWM181_pwm.c 0x00000000   Number         0  swm181_pwm.o ABSOLUTE
    D:\Keil uvision5 MDK\Keil uvision5 MDK\ARM\PACK\Synwit\SWM32_DFP\1.20.3\CSL\SWM181\SWM181_StdPeriph_Driver\SWM181_sdadc.c 0x00000000   Number         0  swm181_sdadc.o ABSOLUTE
    D:\Keil uvision5 MDK\Keil uvision5 MDK\ARM\PACK\Synwit\SWM32_DFP\1.20.3\CSL\SWM181\SWM181_StdPeriph_Driver\SWM181_slcd.c 0x00000000   Number         0  swm181_slcd.o ABSOLUTE
    D:\Keil uvision5 MDK\Keil uvision5 MDK\ARM\PACK\Synwit\SWM32_DFP\1.20.3\CSL\SWM181\SWM181_StdPeriph_Driver\SWM181_spi.c 0x00000000   Number         0  swm181_spi.o ABSOLUTE
    D:\Keil uvision5 MDK\Keil uvision5 MDK\ARM\PACK\Synwit\SWM32_DFP\1.20.3\CSL\SWM181\SWM181_StdPeriph_Driver\SWM181_timr.c 0x00000000   Number         0  swm181_timr.o ABSOLUTE
    D:\Keil uvision5 MDK\Keil uvision5 MDK\ARM\PACK\Synwit\SWM32_DFP\1.20.3\CSL\SWM181\SWM181_StdPeriph_Driver\SWM181_uart.c 0x00000000   Number         0  swm181_uart.o ABSOLUTE
    D:\\Keil uvision5 MDK\\Keil uvision5 MDK\\ARM\\PACK\\Synwit\\SWM32_DFP\\1.20.3\\CSL\\SWM181\\SWM181_StdPeriph_Driver\\SWM181_adc.c 0x00000000   Number         0  swm181_adc.o ABSOLUTE
    D:\\Keil uvision5 MDK\\Keil uvision5 MDK\\ARM\\PACK\\Synwit\\SWM32_DFP\\1.20.3\\CSL\\SWM181\\SWM181_StdPeriph_Driver\\SWM181_dma.c 0x00000000   Number         0  swm181_dma.o ABSOLUTE
    D:\\Keil uvision5 MDK\\Keil uvision5 MDK\\ARM\\PACK\\Synwit\\SWM32_DFP\\1.20.3\\CSL\\SWM181\\SWM181_StdPeriph_Driver\\SWM181_gpio.c 0x00000000   Number         0  swm181_gpio.o ABSOLUTE
    D:\\Keil uvision5 MDK\\Keil uvision5 MDK\\ARM\\PACK\\Synwit\\SWM32_DFP\\1.20.3\\CSL\\SWM181\\SWM181_StdPeriph_Driver\\SWM181_i2c.c 0x00000000   Number         0  swm181_i2c.o ABSOLUTE
    D:\\Keil uvision5 MDK\\Keil uvision5 MDK\\ARM\\PACK\\Synwit\\SWM32_DFP\\1.20.3\\CSL\\SWM181\\SWM181_StdPeriph_Driver\\SWM181_port.c 0x00000000   Number         0  swm181_port.o ABSOLUTE
    D:\\Keil uvision5 MDK\\Keil uvision5 MDK\\ARM\\PACK\\Synwit\\SWM32_DFP\\1.20.3\\CSL\\SWM181\\SWM181_StdPeriph_Driver\\SWM181_pwm.c 0x00000000   Number         0  swm181_pwm.o ABSOLUTE
    D:\\Keil uvision5 MDK\\Keil uvision5 MDK\\ARM\\PACK\\Synwit\\SWM32_DFP\\1.20.3\\CSL\\SWM181\\SWM181_StdPeriph_Driver\\SWM181_sdadc.c 0x00000000   Number         0  swm181_sdadc.o ABSOLUTE
    D:\\Keil uvision5 MDK\\Keil uvision5 MDK\\ARM\\PACK\\Synwit\\SWM32_DFP\\1.20.3\\CSL\\SWM181\\SWM181_StdPeriph_Driver\\SWM181_slcd.c 0x00000000   Number         0  swm181_slcd.o ABSOLUTE
    D:\\Keil uvision5 MDK\\Keil uvision5 MDK\\ARM\\PACK\\Synwit\\SWM32_DFP\\1.20.3\\CSL\\SWM181\\SWM181_StdPeriph_Driver\\SWM181_spi.c 0x00000000   Number         0  swm181_spi.o ABSOLUTE
    D:\\Keil uvision5 MDK\\Keil uvision5 MDK\\ARM\\PACK\\Synwit\\SWM32_DFP\\1.20.3\\CSL\\SWM181\\SWM181_StdPeriph_Driver\\SWM181_timr.c 0x00000000   Number         0  swm181_timr.o ABSOLUTE
    D:\\Keil uvision5 MDK\\Keil uvision5 MDK\\ARM\\PACK\\Synwit\\SWM32_DFP\\1.20.3\\CSL\\SWM181\\SWM181_StdPeriph_Driver\\SWM181_uart.c 0x00000000   Number         0  swm181_uart.o ABSOLUTE
    RTE\Device\SWM181xC\startup_SWM181.s     0x00000000   Number         0  startup_swm181.o ABSOLUTE
    RTE\Device\SWM181xC\system_SWM181.c      0x00000000   Number         0  system_swm181.o ABSOLUTE
    RTE\\Device\\SWM181xC\\system_SWM181.c   0x00000000   Number         0  system_swm181.o ABSOLUTE
    dc.s                                     0x00000000   Number         0  dc.o ABSOLUTE
    main.c                                   0x00000000   Number         0  main.o ABSOLUTE
    main.c                                   0x00000000   Number         0  main.o ABSOLUTE
    !!!main                                  0x000000c0   Section        8  __main.o(!!!main)
    !!!scatter                               0x000000c8   Section       60  __scatter.o(!!!scatter)
    !!handler_copy                           0x00000104   Section       26  __scatter_copy.o(!!handler_copy)
    !!handler_zi                             0x00000120   Section       28  __scatter_zi.o(!!handler_zi)
    .ARM.Collect$$libinit$$00000000          0x0000013c   Section        2  libinit.o(.ARM.Collect$$libinit$$00000000)
    .ARM.Collect$$libinit$$00000002          0x0000013e   Section        0  libinit2.o(.ARM.Collect$$libinit$$00000002)
    .ARM.Collect$$libinit$$00000004          0x0000013e   Section        0  libinit2.o(.ARM.Collect$$libinit$$00000004)
    .ARM.Collect$$libinit$$0000000A          0x0000013e   Section        0  libinit2.o(.ARM.Collect$$libinit$$0000000A)
    .ARM.Collect$$libinit$$0000000C          0x0000013e   Section        0  libinit2.o(.ARM.Collect$$libinit$$0000000C)
    .ARM.Collect$$libinit$$0000000E          0x0000013e   Section        0  libinit2.o(.ARM.Collect$$libinit$$0000000E)
    .ARM.Collect$$libinit$$00000011          0x0000013e   Section        0  libinit2.o(.ARM.Collect$$libinit$$00000011)
    .ARM.Collect$$libinit$$00000013          0x0000013e   Section        0  libinit2.o(.ARM.Collect$$libinit$$00000013)
    .ARM.Collect$$libinit$$00000015          0x0000013e   Section        0  libinit2.o(.ARM.Collect$$libinit$$00000015)
    .ARM.Collect$$libinit$$00000017          0x0000013e   Section        0  libinit2.o(.ARM.Collect$$libinit$$00000017)
    .ARM.Collect$$libinit$$00000019          0x0000013e   Section        0  libinit2.o(.ARM.Collect$$libinit$$00000019)
    .ARM.Collect$$libinit$$0000001B          0x0000013e   Section        0  libinit2.o(.ARM.Collect$$libinit$$0000001B)
    .ARM.Collect$$libinit$$0000001D          0x0000013e   Section        0  libinit2.o(.ARM.Collect$$libinit$$0000001D)
    .ARM.Collect$$libinit$$0000001F          0x0000013e   Section        0  libinit2.o(.ARM.Collect$$libinit$$0000001F)
    .ARM.Collect$$libinit$$00000021          0x0000013e   Section        0  libinit2.o(.ARM.Collect$$libinit$$00000021)
    .ARM.Collect$$libinit$$00000023          0x0000013e   Section        0  libinit2.o(.ARM.Collect$$libinit$$00000023)
    .ARM.Collect$$libinit$$00000025          0x0000013e   Section        0  libinit2.o(.ARM.Collect$$libinit$$00000025)
    .ARM.Collect$$libinit$$0000002C          0x0000013e   Section        0  libinit2.o(.ARM.Collect$$libinit$$0000002C)
    .ARM.Collect$$libinit$$0000002E          0x0000013e   Section        0  libinit2.o(.ARM.Collect$$libinit$$0000002E)
    .ARM.Collect$$libinit$$00000030          0x0000013e   Section        0  libinit2.o(.ARM.Collect$$libinit$$00000030)
    .ARM.Collect$$libinit$$00000032          0x0000013e   Section        0  libinit2.o(.ARM.Collect$$libinit$$00000032)
    .ARM.Collect$$libinit$$00000033          0x0000013e   Section        2  libinit2.o(.ARM.Collect$$libinit$$00000033)
    .ARM.Collect$$libshutdown$$00000000      0x00000140   Section        2  libshutdown.o(.ARM.Collect$$libshutdown$$00000000)
    .ARM.Collect$$libshutdown$$00000002      0x00000142   Section        0  libshutdown2.o(.ARM.Collect$$libshutdown$$00000002)
    .ARM.Collect$$libshutdown$$00000004      0x00000142   Section        0  libshutdown2.o(.ARM.Collect$$libshutdown$$00000004)
    .ARM.Collect$$libshutdown$$00000006      0x00000142   Section        0  libshutdown2.o(.ARM.Collect$$libshutdown$$00000006)
    .ARM.Collect$$libshutdown$$00000009      0x00000142   Section        0  libshutdown2.o(.ARM.Collect$$libshutdown$$00000009)
    .ARM.Collect$$libshutdown$$0000000C      0x00000142   Section        0  libshutdown2.o(.ARM.Collect$$libshutdown$$0000000C)
    .ARM.Collect$$libshutdown$$0000000E      0x00000142   Section        0  libshutdown2.o(.ARM.Collect$$libshutdown$$0000000E)
    .ARM.Collect$$libshutdown$$00000011      0x00000142   Section        0  libshutdown2.o(.ARM.Collect$$libshutdown$$00000011)
    .ARM.Collect$$libshutdown$$00000012      0x00000142   Section        2  libshutdown2.o(.ARM.Collect$$libshutdown$$00000012)
    .ARM.Collect$$rtentry$$00000000          0x00000144   Section        0  __rtentry.o(.ARM.Collect$$rtentry$$00000000)
    .ARM.Collect$$rtentry$$00000002          0x00000144   Section        0  __rtentry2.o(.ARM.Collect$$rtentry$$00000002)
    .ARM.Collect$$rtentry$$00000004          0x00000144   Section        6  __rtentry4.o(.ARM.Collect$$rtentry$$00000004)
    .ARM.Collect$$rtentry$$00000009          0x0000014a   Section        0  __rtentry2.o(.ARM.Collect$$rtentry$$00000009)
    .ARM.Collect$$rtentry$$0000000A          0x0000014a   Section        4  __rtentry2.o(.ARM.Collect$$rtentry$$0000000A)
    .ARM.Collect$$rtentry$$0000000C          0x0000014e   Section        0  __rtentry2.o(.ARM.Collect$$rtentry$$0000000C)
    .ARM.Collect$$rtentry$$0000000D          0x0000014e   Section        8  __rtentry2.o(.ARM.Collect$$rtentry$$0000000D)
    .ARM.Collect$$rtexit$$00000000           0x00000156   Section        2  rtexit.o(.ARM.Collect$$rtexit$$00000000)
    .ARM.Collect$$rtexit$$00000002           0x00000158   Section        0  rtexit2.o(.ARM.Collect$$rtexit$$00000002)
    .ARM.Collect$$rtexit$$00000003           0x00000158   Section        4  rtexit2.o(.ARM.Collect$$rtexit$$00000003)
    .ARM.Collect$$rtexit$$00000004           0x0000015c   Section        6  rtexit2.o(.ARM.Collect$$rtexit$$00000004)
    .text                                    0x00000164   Section      112  startup_swm181.o(.text)
    .text                                    0x000001d4   Section      346  aeabi_sdiv.o(.text)
    .text                                    0x0000032e   Section        0  heapauxi.o(.text)
    .text                                    0x00000334   Section       62  sys_stackheap_outer.o(.text)
    .text                                    0x00000372   Section        0  exit.o(.text)
    .text                                    0x00000384   Section        8  libspace.o(.text)
    .text                                    0x0000038c   Section        0  sys_exit.o(.text)
    .text                                    0x00000398   Section        2  use_no_semi.o(.text)
    .text                                    0x0000039a   Section        0  indicate_semi.o(.text)
    i.GPIO_Init                              0x0000039c   Section        0  swm181_gpio.o(i.GPIO_Init)
    i.GPIO_InvBit                            0x000004f4   Section        0  swm181_gpio.o(i.GPIO_InvBit)
    i.PORT_Init                              0x00000500   Section        0  swm181_port.o(i.PORT_Init)
    i.SysTick_Handler                        0x000007b0   Section        0  main.o(i.SysTick_Handler)
    i.SystemCoreClockUpdate                  0x000007cc   Section        0  system_swm181.o(i.SystemCoreClockUpdate)
    i.SystemInit                             0x0000086c   Section        0  system_swm181.o(i.SystemInit)
    i.__ARM_common_switch8                   0x00000938   Section        0  swm181_dma.o(i.__ARM_common_switch8)
    i.__NVIC_SetPriority                     0x00000954   Section        0  main.o(i.__NVIC_SetPriority)
    __NVIC_SetPriority                       0x00000955   Thumb Code   110  main.o(i.__NVIC_SetPriority)
    i.delay_us                               0x000009cc   Section        0  delay.o(i.delay_us)
    i.main                                   0x00000a14   Section        0  main.o(i.main)
    i.switchToRC12MHz                        0x00000ad8   Section        0  system_swm181.o(i.switchToRC12MHz)
    i.switchToRC24MHz                        0x00000b00   Section        0  system_swm181.o(i.switchToRC24MHz)
    i.switchToRC32KHz                        0x00000b24   Section        0  system_swm181.o(i.switchToRC32KHz)
    i.switchToRC48MHz                        0x00000b4c   Section        0  system_swm181.o(i.switchToRC48MHz)
    i.switchToRC6MHz                         0x00000b74   Section        0  system_swm181.o(i.switchToRC6MHz)
    i.switchToXTAL                           0x00000b98   Section        0  system_swm181.o(i.switchToXTAL)
    .data                                    0x20000000   Section        8  system_swm181.o(.data)
    .bss                                     0x20000008   Section       96  libspace.o(.bss)
    HEAP                                     0x20000068   Section        0  startup_swm181.o(HEAP)
    STACK                                    0x20000068   Section     1024  startup_swm181.o(STACK)
    Heap_Mem                                 0x20000068   Data           0  startup_swm181.o(HEAP)
    Stack_Mem                                0x20000068   Data        1024  startup_swm181.o(STACK)

    Global Symbols

    Symbol Name                              Value     Ov Type        Size  Object(Section)

    BuildAttributes$$THM_ISAv3M$S$PE$A:L22$X:L11$S22$IEEE1$IW$USESV6$~STKCKD$USESV7$~SHL$OSPACE$ROPI$EBA8$UX$STANDARDLIB$REQ8$PRES8$EABIv2 0x00000000   Number         0  anon$$obj.o ABSOLUTE
    __ARM_use_no_argv                        0x00000000   Number         0  main.o ABSOLUTE
    __Vectors                                0x00000000   Data           4  startup_swm181.o(RESET)
    __ARM_exceptions_init                     - Undefined Weak Reference
    __alloca_initialize                       - Undefined Weak Reference
    __arm_fini_                               - Undefined Weak Reference
    __arm_preinit_                            - Undefined Weak Reference
    __cpp_initialize__aeabi_                  - Undefined Weak Reference
    __cxa_finalize                            - Undefined Weak Reference
    __rt_locale                               - Undefined Weak Reference
    __sigvec_lookup                           - Undefined Weak Reference
    _atexit_init                              - Undefined Weak Reference
    _call_atexit_fns                          - Undefined Weak Reference
    _clock_init                               - Undefined Weak Reference
    _fp_trap_init                             - Undefined Weak Reference
    _fp_trap_shutdown                         - Undefined Weak Reference
    _get_lc_collate                           - Undefined Weak Reference
    _get_lc_ctype                             - Undefined Weak Reference
    _get_lc_monetary                          - Undefined Weak Reference
    _get_lc_numeric                           - Undefined Weak Reference
    _get_lc_time                              - Undefined Weak Reference
    _getenv_init                              - Undefined Weak Reference
    _handle_redirection                       - Undefined Weak Reference
    _init_alloc                               - Undefined Weak Reference
    _init_user_alloc                          - Undefined Weak Reference
    _initio                                   - Undefined Weak Reference
    _rand_init                                - Undefined Weak Reference
    _signal_finish                            - Undefined Weak Reference
    _signal_init                              - Undefined Weak Reference
    _terminate_alloc                          - Undefined Weak Reference
    _terminate_user_alloc                     - Undefined Weak Reference
    _terminateio                              - Undefined Weak Reference
    __Vectors_End                            0x000000c0   Data           0  startup_swm181.o(RESET)
    __Vectors_Size                           0x000000c0   Number         0  startup_swm181.o ABSOLUTE
    __main                                   0x000000c1   Thumb Code     8  __main.o(!!!main)
    __scatterload                            0x000000c9   Thumb Code     0  __scatter.o(!!!scatter)
    __scatterload_rt2                        0x000000c9   Thumb Code    52  __scatter.o(!!!scatter)
    __scatterload_rt2_thumb_only             0x000000c9   Thumb Code     0  __scatter.o(!!!scatter)
    __scatterload_null                       0x000000d9   Thumb Code     0  __scatter.o(!!!scatter)
    __scatterload_copy                       0x00000105   Thumb Code    26  __scatter_copy.o(!!handler_copy)
    __scatterload_zeroinit                   0x00000121   Thumb Code    28  __scatter_zi.o(!!handler_zi)
    __rt_lib_init                            0x0000013d   Thumb Code     0  libinit.o(.ARM.Collect$$libinit$$00000000)
    __rt_lib_init_alloca_1                   0x0000013f   Thumb Code     0  libinit2.o(.ARM.Collect$$libinit$$0000002E)
    __rt_lib_init_argv_1                     0x0000013f   Thumb Code     0  libinit2.o(.ARM.Collect$$libinit$$0000002C)
    __rt_lib_init_atexit_1                   0x0000013f   Thumb Code     0  libinit2.o(.ARM.Collect$$libinit$$0000001B)
    __rt_lib_init_clock_1                    0x0000013f   Thumb Code     0  libinit2.o(.ARM.Collect$$libinit$$00000021)
    __rt_lib_init_cpp_1                      0x0000013f   Thumb Code     0  libinit2.o(.ARM.Collect$$libinit$$00000032)
    __rt_lib_init_exceptions_1               0x0000013f   Thumb Code     0  libinit2.o(.ARM.Collect$$libinit$$00000030)
    __rt_lib_init_fp_1                       0x0000013f   Thumb Code     0  libinit2.o(.ARM.Collect$$libinit$$00000002)
    __rt_lib_init_fp_trap_1                  0x0000013f   Thumb Code     0  libinit2.o(.ARM.Collect$$libinit$$0000001F)
    __rt_lib_init_getenv_1                   0x0000013f   Thumb Code     0  libinit2.o(.ARM.Collect$$libinit$$00000023)
    __rt_lib_init_heap_1                     0x0000013f   Thumb Code     0  libinit2.o(.ARM.Collect$$libinit$$0000000A)
    __rt_lib_init_lc_collate_1               0x0000013f   Thumb Code     0  libinit2.o(.ARM.Collect$$libinit$$00000011)
    __rt_lib_init_lc_ctype_1                 0x0000013f   Thumb Code     0  libinit2.o(.ARM.Collect$$libinit$$00000013)
    __rt_lib_init_lc_monetary_1              0x0000013f   Thumb Code     0  libinit2.o(.ARM.Collect$$libinit$$00000015)
    __rt_lib_init_lc_numeric_1               0x0000013f   Thumb Code     0  libinit2.o(.ARM.Collect$$libinit$$00000017)
    __rt_lib_init_lc_time_1                  0x0000013f   Thumb Code     0  libinit2.o(.ARM.Collect$$libinit$$00000019)
    __rt_lib_init_preinit_1                  0x0000013f   Thumb Code     0  libinit2.o(.ARM.Collect$$libinit$$00000004)
    __rt_lib_init_rand_1                     0x0000013f   Thumb Code     0  libinit2.o(.ARM.Collect$$libinit$$0000000E)
    __rt_lib_init_return                     0x0000013f   Thumb Code     0  libinit2.o(.ARM.Collect$$libinit$$00000033)
    __rt_lib_init_signal_1                   0x0000013f   Thumb Code     0  libinit2.o(.ARM.Collect$$libinit$$0000001D)
    __rt_lib_init_stdio_1                    0x0000013f   Thumb Code     0  libinit2.o(.ARM.Collect$$libinit$$00000025)
    __rt_lib_init_user_alloc_1               0x0000013f   Thumb Code     0  libinit2.o(.ARM.Collect$$libinit$$0000000C)
    __rt_lib_shutdown                        0x00000141   Thumb Code     0  libshutdown.o(.ARM.Collect$$libshutdown$$00000000)
    __rt_lib_shutdown_cpp_1                  0x00000143   Thumb Code     0  libshutdown2.o(.ARM.Collect$$libshutdown$$00000004)
    __rt_lib_shutdown_fini_1                 0x00000143   Thumb Code     0  libshutdown2.o(.ARM.Collect$$libshutdown$$00000002)
    __rt_lib_shutdown_fp_trap_1              0x00000143   Thumb Code     0  libshutdown2.o(.ARM.Collect$$libshutdown$$00000009)
    __rt_lib_shutdown_heap_1                 0x00000143   Thumb Code     0  libshutdown2.o(.ARM.Collect$$libshutdown$$00000011)
    __rt_lib_shutdown_return                 0x00000143   Thumb Code     0  libshutdown2.o(.ARM.Collect$$libshutdown$$00000012)
    __rt_lib_shutdown_signal_1               0x00000143   Thumb Code     0  libshutdown2.o(.ARM.Collect$$libshutdown$$0000000C)
    __rt_lib_shutdown_stdio_1                0x00000143   Thumb Code     0  libshutdown2.o(.ARM.Collect$$libshutdown$$00000006)
    __rt_lib_shutdown_user_alloc_1           0x00000143   Thumb Code     0  libshutdown2.o(.ARM.Collect$$libshutdown$$0000000E)
    __rt_entry                               0x00000145   Thumb Code     0  __rtentry.o(.ARM.Collect$$rtentry$$00000000)
    __rt_entry_presh_1                       0x00000145   Thumb Code     0  __rtentry2.o(.ARM.Collect$$rtentry$$00000002)
    __rt_entry_sh                            0x00000145   Thumb Code     0  __rtentry4.o(.ARM.Collect$$rtentry$$00000004)
    __rt_entry_li                            0x0000014b   Thumb Code     0  __rtentry2.o(.ARM.Collect$$rtentry$$0000000A)
    __rt_entry_postsh_1                      0x0000014b   Thumb Code     0  __rtentry2.o(.ARM.Collect$$rtentry$$00000009)
    __rt_entry_main                          0x0000014f   Thumb Code     0  __rtentry2.o(.ARM.Collect$$rtentry$$0000000D)
    __rt_entry_postli_1                      0x0000014f   Thumb Code     0  __rtentry2.o(.ARM.Collect$$rtentry$$0000000C)
    __rt_exit                                0x00000157   Thumb Code     0  rtexit.o(.ARM.Collect$$rtexit$$00000000)
    __rt_exit_ls                             0x00000159   Thumb Code     0  rtexit2.o(.ARM.Collect$$rtexit$$00000003)
    __rt_exit_prels_1                        0x00000159   Thumb Code     0  rtexit2.o(.ARM.Collect$$rtexit$$00000002)
    __rt_exit_exit                           0x0000015d   Thumb Code     0  rtexit2.o(.ARM.Collect$$rtexit$$00000004)
    Reset_Handler                            0x00000165   Thumb Code     4  startup_swm181.o(.text)
    NMI_Handler                              0x00000169   Thumb Code     2  startup_swm181.o(.text)
    HardFault_Handler                        0x0000016b   Thumb Code     2  startup_swm181.o(.text)
    SVC_Handler                              0x0000016d   Thumb Code     2  startup_swm181.o(.text)
    PendSV_Handler                           0x0000016f   Thumb Code     2  startup_swm181.o(.text)
    IRQ0_Handler                             0x00000173   Thumb Code     2  startup_swm181.o(.text)
    IRQ1_Handler                             0x00000175   Thumb Code     2  startup_swm181.o(.text)
    IRQ2_Handler                             0x00000177   Thumb Code     2  startup_swm181.o(.text)
    IRQ3_Handler                             0x00000179   Thumb Code     2  startup_swm181.o(.text)
    IRQ4_Handler                             0x0000017b   Thumb Code     2  startup_swm181.o(.text)
    IRQ5_Handler                             0x0000017d   Thumb Code     2  startup_swm181.o(.text)
    IRQ6_Handler                             0x0000017f   Thumb Code     2  startup_swm181.o(.text)
    IRQ7_Handler                             0x00000181   Thumb Code     2  startup_swm181.o(.text)
    IRQ8_Handler                             0x00000183   Thumb Code     2  startup_swm181.o(.text)
    IRQ9_Handler                             0x00000185   Thumb Code     2  startup_swm181.o(.text)
    IRQ10_Handler                            0x00000187   Thumb Code     2  startup_swm181.o(.text)
    IRQ11_Handler                            0x00000189   Thumb Code     2  startup_swm181.o(.text)
    IRQ12_Handler                            0x0000018b   Thumb Code     2  startup_swm181.o(.text)
    IRQ13_Handler                            0x0000018d   Thumb Code     2  startup_swm181.o(.text)
    IRQ14_Handler                            0x0000018f   Thumb Code     2  startup_swm181.o(.text)
    IRQ15_Handler                            0x00000191   Thumb Code     2  startup_swm181.o(.text)
    IRQ16_Handler                            0x00000193   Thumb Code     2  startup_swm181.o(.text)
    IRQ17_Handler                            0x00000195   Thumb Code     2  startup_swm181.o(.text)
    IRQ18_Handler                            0x00000197   Thumb Code     2  startup_swm181.o(.text)
    IRQ19_Handler                            0x00000199   Thumb Code     2  startup_swm181.o(.text)
    IRQ20_Handler                            0x0000019b   Thumb Code     2  startup_swm181.o(.text)
    IRQ21_Handler                            0x0000019d   Thumb Code     2  startup_swm181.o(.text)
    IRQ22_Handler                            0x0000019f   Thumb Code     2  startup_swm181.o(.text)
    IRQ23_Handler                            0x000001a1   Thumb Code     2  startup_swm181.o(.text)
    IRQ24_Handler                            0x000001a3   Thumb Code     2  startup_swm181.o(.text)
    IRQ25_Handler                            0x000001a5   Thumb Code     2  startup_swm181.o(.text)
    IRQ26_Handler                            0x000001a7   Thumb Code     2  startup_swm181.o(.text)
    IRQ27_Handler                            0x000001a9   Thumb Code     2  startup_swm181.o(.text)
    IRQ28_Handler                            0x000001ad   Thumb Code     2  startup_swm181.o(.text)
    IRQ29_Handler                            0x000001b1   Thumb Code     2  startup_swm181.o(.text)
    IRQ30_Handler                            0x000001b3   Thumb Code     2  startup_swm181.o(.text)
    IRQ31_Handler                            0x000001b5   Thumb Code     2  startup_swm181.o(.text)
    __user_initial_stackheap                 0x000001b9   Thumb Code     0  startup_swm181.o(.text)
    __aeabi_uidiv                            0x000001d5   Thumb Code     0  aeabi_sdiv.o(.text)
    __aeabi_uidivmod                         0x000001d5   Thumb Code    20  aeabi_sdiv.o(.text)
    __aeabi_idiv                             0x000001e9   Thumb Code     0  aeabi_sdiv.o(.text)
    __aeabi_idivmod                          0x000001e9   Thumb Code   326  aeabi_sdiv.o(.text)
    __use_two_region_memory                  0x0000032f   Thumb Code     2  heapauxi.o(.text)
    __rt_heap_escrow$2region                 0x00000331   Thumb Code     2  heapauxi.o(.text)
    __rt_heap_expand$2region                 0x00000333   Thumb Code     2  heapauxi.o(.text)
    __user_setup_stackheap                   0x00000335   Thumb Code    62  sys_stackheap_outer.o(.text)
    exit                                     0x00000373   Thumb Code    16  exit.o(.text)
    __user_libspace                          0x00000385   Thumb Code     8  libspace.o(.text)
    __user_perproc_libspace                  0x00000385   Thumb Code     0  libspace.o(.text)
    __user_perthread_libspace                0x00000385   Thumb Code     0  libspace.o(.text)
    _sys_exit                                0x0000038d   Thumb Code     8  sys_exit.o(.text)
    __I$use$semihosting                      0x00000399   Thumb Code     0  use_no_semi.o(.text)
    __use_no_semihosting_swi                 0x00000399   Thumb Code     2  use_no_semi.o(.text)
    __semihosting_library_function           0x0000039b   Thumb Code     0  indicate_semi.o(.text)
    GPIO_Init                                0x0000039d   Thumb Code   332  swm181_gpio.o(i.GPIO_Init)
    GPIO_InvBit                              0x000004f5   Thumb Code    12  swm181_gpio.o(i.GPIO_InvBit)
    PORT_Init                                0x00000501   Thumb Code   678  swm181_port.o(i.PORT_Init)
    SysTick_Handler                          0x000007b1   Thumb Code    20  main.o(i.SysTick_Handler)
    SystemCoreClockUpdate                    0x000007cd   Thumb Code   128  system_swm181.o(i.SystemCoreClockUpdate)
    SystemInit                               0x0000086d   Thumb Code   198  system_swm181.o(i.SystemInit)
    __ARM_common_switch8                     0x00000939   Thumb Code    28  swm181_dma.o(i.__ARM_common_switch8)
    delay_us                                 0x000009cd   Thumb Code    58  delay.o(i.delay_us)
    main                                     0x00000a15   Thumb Code   172  main.o(i.main)
    switchToRC12MHz                          0x00000ad9   Thumb Code    34  system_swm181.o(i.switchToRC12MHz)
    switchToRC24MHz                          0x00000b01   Thumb Code    32  system_swm181.o(i.switchToRC24MHz)
    switchToRC32KHz                          0x00000b25   Thumb Code    34  system_swm181.o(i.switchToRC32KHz)
    switchToRC48MHz                          0x00000b4d   Thumb Code    34  system_swm181.o(i.switchToRC48MHz)
    switchToRC6MHz                           0x00000b75   Thumb Code    32  system_swm181.o(i.switchToRC6MHz)
    switchToXTAL                             0x00000b99   Thumb Code    72  system_swm181.o(i.switchToXTAL)
    Region$$Table$$Base                      0x00000bec   Number         0  anon$$obj.o(Region$$Table)
    Region$$Table$$Limit                     0x00000c0c   Number         0  anon$$obj.o(Region$$Table)
    SystemCoreClock                          0x20000000   Data           4  system_swm181.o(.data)
    CyclesPerUs                              0x20000004   Data           4  system_swm181.o(.data)
    __libspace_start                         0x20000008   Data          96  libspace.o(.bss)
    __temporary_stack_top$libspace           0x20000068   Data           0  libspace.o(.bss)



==============================================================================

Memory Map of the image

  Image Entry point : 0x000000c1

  Load Region LR_IROM1 (Base: 0x00000000, Size: 0x00000c14, Max: 0x0003e000, ABSOLUTE)

    Execution Region ER_IROM1 (Base: 0x00000000, Size: 0x00000c0c, Max: 0x0003e000, ABSOLUTE)

    Base Addr    Size         Type   Attr      Idx    E Section Name        Object

    0x00000000   0x000000c0   Data   RO         1378    RESET               startup_swm181.o
    0x000000c0   0x00000008   Code   RO         1459  * !!!main             c_p.l(__main.o)
    0x000000c8   0x0000003c   Code   RO         1630    !!!scatter          c_p.l(__scatter.o)
    0x00000104   0x0000001a   Code   RO         1632    !!handler_copy      c_p.l(__scatter_copy.o)
    0x0000011e   0x00000002   PAD
    0x00000120   0x0000001c   Code   RO         1634    !!handler_zi        c_p.l(__scatter_zi.o)
    0x0000013c   0x00000002   Code   RO         1497    .ARM.Collect$$libinit$$00000000  c_p.l(libinit.o)
    0x0000013e   0x00000000   Code   RO         1511    .ARM.Collect$$libinit$$00000002  c_p.l(libinit2.o)
    0x0000013e   0x00000000   Code   RO         1513    .ARM.Collect$$libinit$$00000004  c_p.l(libinit2.o)
    0x0000013e   0x00000000   Code   RO         1516    .ARM.Collect$$libinit$$0000000A  c_p.l(libinit2.o)
    0x0000013e   0x00000000   Code   RO         1518    .ARM.Collect$$libinit$$0000000C  c_p.l(libinit2.o)
    0x0000013e   0x00000000   Code   RO         1520    .ARM.Collect$$libinit$$0000000E  c_p.l(libinit2.o)
    0x0000013e   0x00000000   Code   RO         1523    .ARM.Collect$$libinit$$00000011  c_p.l(libinit2.o)
    0x0000013e   0x00000000   Code   RO         1525    .ARM.Collect$$libinit$$00000013  c_p.l(libinit2.o)
    0x0000013e   0x00000000   Code   RO         1527    .ARM.Collect$$libinit$$00000015  c_p.l(libinit2.o)
    0x0000013e   0x00000000   Code   RO         1529    .ARM.Collect$$libinit$$00000017  c_p.l(libinit2.o)
    0x0000013e   0x00000000   Code   RO         1531    .ARM.Collect$$libinit$$00000019  c_p.l(libinit2.o)
    0x0000013e   0x00000000   Code   RO         1533    .ARM.Collect$$libinit$$0000001B  c_p.l(libinit2.o)
    0x0000013e   0x00000000   Code   RO         1535    .ARM.Collect$$libinit$$0000001D  c_p.l(libinit2.o)
    0x0000013e   0x00000000   Code   RO         1537    .ARM.Collect$$libinit$$0000001F  c_p.l(libinit2.o)
    0x0000013e   0x00000000   Code   RO         1539    .ARM.Collect$$libinit$$00000021  c_p.l(libinit2.o)
    0x0000013e   0x00000000   Code   RO         1541    .ARM.Collect$$libinit$$00000023  c_p.l(libinit2.o)
    0x0000013e   0x00000000   Code   RO         1543    .ARM.Collect$$libinit$$00000025  c_p.l(libinit2.o)
    0x0000013e   0x00000000   Code   RO         1547    .ARM.Collect$$libinit$$0000002C  c_p.l(libinit2.o)
    0x0000013e   0x00000000   Code   RO         1549    .ARM.Collect$$libinit$$0000002E  c_p.l(libinit2.o)
    0x0000013e   0x00000000   Code   RO         1551    .ARM.Collect$$libinit$$00000030  c_p.l(libinit2.o)
    0x0000013e   0x00000000   Code   RO         1553    .ARM.Collect$$libinit$$00000032  c_p.l(libinit2.o)
    0x0000013e   0x00000002   Code   RO         1554    .ARM.Collect$$libinit$$00000033  c_p.l(libinit2.o)
    0x00000140   0x00000002   Code   RO         1585    .ARM.Collect$$libshutdown$$00000000  c_p.l(libshutdown.o)
    0x00000142   0x00000000   Code   RO         1611    .ARM.Collect$$libshutdown$$00000002  c_p.l(libshutdown2.o)
    0x00000142   0x00000000   Code   RO         1613    .ARM.Collect$$libshutdown$$00000004  c_p.l(libshutdown2.o)
    0x00000142   0x00000000   Code   RO         1615    .ARM.Collect$$libshutdown$$00000006  c_p.l(libshutdown2.o)
    0x00000142   0x00000000   Code   RO         1618    .ARM.Collect$$libshutdown$$00000009  c_p.l(libshutdown2.o)
    0x00000142   0x00000000   Code   RO         1621    .ARM.Collect$$libshutdown$$0000000C  c_p.l(libshutdown2.o)
    0x00000142   0x00000000   Code   RO         1623    .ARM.Collect$$libshutdown$$0000000E  c_p.l(libshutdown2.o)
    0x00000142   0x00000000   Code   RO         1626    .ARM.Collect$$libshutdown$$00000011  c_p.l(libshutdown2.o)
    0x00000142   0x00000002   Code   RO         1627    .ARM.Collect$$libshutdown$$00000012  c_p.l(libshutdown2.o)
    0x00000144   0x00000000   Code   RO         1461    .ARM.Collect$$rtentry$$00000000  c_p.l(__rtentry.o)
    0x00000144   0x00000000   Code   RO         1467    .ARM.Collect$$rtentry$$00000002  c_p.l(__rtentry2.o)
    0x00000144   0x00000006   Code   RO         1479    .ARM.Collect$$rtentry$$00000004  c_p.l(__rtentry4.o)
    0x0000014a   0x00000000   Code   RO         1469    .ARM.Collect$$rtentry$$00000009  c_p.l(__rtentry2.o)
    0x0000014a   0x00000004   Code   RO         1470    .ARM.Collect$$rtentry$$0000000A  c_p.l(__rtentry2.o)
    0x0000014e   0x00000000   Code   RO         1472    .ARM.Collect$$rtentry$$0000000C  c_p.l(__rtentry2.o)
    0x0000014e   0x00000008   Code   RO         1473    .ARM.Collect$$rtentry$$0000000D  c_p.l(__rtentry2.o)
    0x00000156   0x00000002   Code   RO         1502    .ARM.Collect$$rtexit$$00000000  c_p.l(rtexit.o)
    0x00000158   0x00000000   Code   RO         1558    .ARM.Collect$$rtexit$$00000002  c_p.l(rtexit2.o)
    0x00000158   0x00000004   Code   RO         1559    .ARM.Collect$$rtexit$$00000003  c_p.l(rtexit2.o)
    0x0000015c   0x00000006   Code   RO         1560    .ARM.Collect$$rtexit$$00000004  c_p.l(rtexit2.o)
    0x00000162   0x00000002   PAD
    0x00000164   0x00000070   Code   RO         1379    .text               startup_swm181.o
    0x000001d4   0x0000015a   Code   RO         1453    .text               c_p.l(aeabi_sdiv.o)
    0x0000032e   0x00000006   Code   RO         1457    .text               c_p.l(heapauxi.o)
    0x00000334   0x0000003e   Code   RO         1483    .text               c_p.l(sys_stackheap_outer.o)
    0x00000372   0x00000010   Code   RO         1486    .text               c_p.l(exit.o)
    0x00000382   0x00000002   PAD
    0x00000384   0x00000008   Code   RO         1498    .text               c_p.l(libspace.o)
    0x0000038c   0x0000000c   Code   RO         1555    .text               c_p.l(sys_exit.o)
    0x00000398   0x00000002   Code   RO         1574    .text               c_p.l(use_no_semi.o)
    0x0000039a   0x00000000   Code   RO         1576    .text               c_p.l(indicate_semi.o)
    0x0000039a   0x00000002   PAD
    0x0000039c   0x00000158   Code   RO          356    i.GPIO_Init         swm181_gpio.o
    0x000004f4   0x0000000c   Code   RO          357    i.GPIO_InvBit       swm181_gpio.o
    0x00000500   0x000002b0   Code   RO          530    i.PORT_Init         swm181_port.o
    0x000007b0   0x0000001c   Code   RO            3    i.SysTick_Handler   main.o
    0x000007cc   0x000000a0   Code   RO         1385    i.SystemCoreClockUpdate  system_swm181.o
    0x0000086c   0x000000cc   Code   RO         1386    i.SystemInit        system_swm181.o
    0x00000938   0x0000001c   Code   RO          339    i.__ARM_common_switch8  swm181_dma.o
    0x00000954   0x00000078   Code   RO            4    i.__NVIC_SetPriority  main.o
    0x000009cc   0x00000048   Code   RO          131    i.delay_us          delay.o
    0x00000a14   0x000000c4   Code   RO            5    i.main              main.o
    0x00000ad8   0x00000028   Code   RO         1387    i.switchToRC12MHz   system_swm181.o
    0x00000b00   0x00000024   Code   RO         1388    i.switchToRC24MHz   system_swm181.o
    0x00000b24   0x00000028   Code   RO         1389    i.switchToRC32KHz   system_swm181.o
    0x00000b4c   0x00000028   Code   RO         1390    i.switchToRC48MHz   system_swm181.o
    0x00000b74   0x00000024   Code   RO         1391    i.switchToRC6MHz    system_swm181.o
    0x00000b98   0x00000054   Code   RO         1392    i.switchToXTAL      system_swm181.o
    0x00000bec   0x00000020   Data   RO         1628    Region$$Table       anon$$obj.o


    Execution Region RW_IRAM1 (Base: 0x20000000, Size: 0x00000468, Max: 0x00004000, ABSOLUTE)

    Base Addr    Size         Type   Attr      Idx    E Section Name        Object

    0x20000000   0x00000008   Data   RW         1393    .data               system_swm181.o
    0x20000008   0x00000060   Zero   RW         1499    .bss                c_p.l(libspace.o)
    0x20000068   0x00000000   Zero   RW         1377    HEAP                startup_swm181.o
    0x20000068   0x00000400   Zero   RW         1376    STACK               startup_swm181.o


==============================================================================

Image component sizes


      Code (inc. data)   RO Data    RW Data    ZI Data      Debug   Object Name

        72         14          0          0          0        507   delay.o
       344         42          0          0          0      92517   main.o
       112         24        192          0       1024       1876   startup_swm181.o
        28          0          0          0          0         76   swm181_dma.o
       356         12          0          0          0       2282   swm181_gpio.o
       688         10          0          0          0       1652   swm181_port.o
       640         84          0          8          0       3995   system_swm181.o

    ----------------------------------------------------------------------
      2240        186        224          8       1024     102905   Object Totals
         0          0         32          0          0          0   (incl. Generated)
         0          0          0          0          0          0   (incl. Padding)

    ----------------------------------------------------------------------

      Code (inc. data)   RO Data    RW Data    ZI Data      Debug   Library Member Name

         8          0          0          0          0         68   __main.o
         0          0          0          0          0          0   __rtentry.o
        12          0          0          0          0          0   __rtentry2.o
         6          0          0          0          0          0   __rtentry4.o
        60          8          0          0          0          0   __scatter.o
        26          0          0          0          0          0   __scatter_copy.o
        28          0          0          0          0          0   __scatter_zi.o
       346          0          0          0          0         92   aeabi_sdiv.o
        16          0          0          0          0         68   exit.o
         6          0          0          0          0        136   heapauxi.o
         0          0          0          0          0          0   indicate_semi.o
         2          0          0          0          0          0   libinit.o
         2          0          0          0          0          0   libinit2.o
         2          0          0          0          0          0   libshutdown.o
         2          0          0          0          0          0   libshutdown2.o
         8          4          0          0         96         68   libspace.o
         2          0          0          0          0          0   rtexit.o
        10          0          0          0          0          0   rtexit2.o
        12          4          0          0          0         60   sys_exit.o
        62          0          0          0          0         80   sys_stackheap_outer.o
         2          0          0          0          0         68   use_no_semi.o

    ----------------------------------------------------------------------
       620         16          0          0         96        640   Library Totals
         8          0          0          0          0          0   (incl. Padding)

    ----------------------------------------------------------------------

      Code (inc. data)   RO Data    RW Data    ZI Data      Debug   Library Name

       612         16          0          0         96        640   c_p.l

    ----------------------------------------------------------------------
       620         16          0          0         96        640   Library Totals

    ----------------------------------------------------------------------

==============================================================================


      Code (inc. data)   RO Data    RW Data    ZI Data      Debug   

      2860        202        224          8       1120     102785   Grand Totals
      2860        202        224          8       1120     102785   ELF Image Totals
      2860        202        224          8          0          0   ROM Totals

==============================================================================

    Total RO  Size (Code + RO Data)                 3084 (   3.01kB)
    Total RW  Size (RW Data + ZI Data)              1128 (   1.10kB)
    Total ROM Size (Code + RO Data + RW Data)       3092 (   3.02kB)

==============================================================================

