Component: ARM Compiler 5.06 update 7 (build 960) Tool: armlink [4d3601]

==============================================================================

Section Cross References

    main.o(i.SysTick_Handler) refers to swm181_gpio.o(i.GPIO_InvBit) for GPIO_InvBit
    main.o(i.main) refers to system_swm181.o(i.SystemInit) for SystemInit
    main.o(i.main) refers to led.o(i.Led_Init) for Led_Init
    main.o(i.main) refers to oled.o(i.OLED_Init) for OLED_Init
    main.o(i.main) refers to swm181_gpio.o(i.GPIO_InvBit) for GPIO_InvBit
    main.o(i.main) refers to delay.o(i.delay_s) for delay_s
    main.o(i.main) refers to main.o(i.__NVIC_SetPriority) for __NVIC_SetPriority
    main.o(i.main) refers to oled.o(i.OLED_ShowString) for OLED_ShowString
    main.o(i.main) refers to oled.o(i.OLED_Refresh_Gram) for OLED_Refresh_Gram
    main.o(i.main) refers to system_swm181.o(.data) for SystemCoreClock
    oled.o(i.I2C_WaitAck) refers to swm181_gpio.o(i.GPIO_SetBit) for GPIO_SetBit
    oled.o(i.I2C_WaitAck) refers to swm181_gpio.o(i.GPIO_ClrBit) for GPIO_ClrBit
    oled.o(i.I2c_Start) refers to swm181_gpio.o(i.GPIO_SetBit) for GPIO_SetBit
    oled.o(i.I2c_Start) refers to swm181_gpio.o(i.GPIO_ClrBit) for GPIO_ClrBit
    oled.o(i.I2c_Stop) refers to swm181_gpio.o(i.GPIO_SetBit) for GPIO_SetBit
    oled.o(i.I2c_Stop) refers to swm181_gpio.o(i.GPIO_ClrBit) for GPIO_ClrBit
    oled.o(i.OLED_Clear) refers to oled.o(i.OLED_Refresh_Gram) for OLED_Refresh_Gram
    oled.o(i.OLED_Clear) refers to oled.o(.bss) for OLED_GRAM
    oled.o(i.OLED_ClearPoint) refers to oled.o(.bss) for OLED_GRAM
    oled.o(i.OLED_ColorTurn) refers to oled.o(i.OLED_WR_Byte) for OLED_WR_Byte
    oled.o(i.OLED_DisPlay_Off) refers to oled.o(i.OLED_WR_Byte) for OLED_WR_Byte
    oled.o(i.OLED_DisPlay_On) refers to oled.o(i.OLED_WR_Byte) for OLED_WR_Byte
    oled.o(i.OLED_DisplayTurn) refers to oled.o(i.OLED_WR_Byte) for OLED_WR_Byte
    oled.o(i.OLED_DrawPoint) refers to oled.o(.bss) for OLED_GRAM
    oled.o(i.OLED_Init) refers to swm181_gpio.o(i.GPIO_Init) for GPIO_Init
    oled.o(i.OLED_Init) refers to oled.o(i.OLED_WR_Byte) for OLED_WR_Byte
    oled.o(i.OLED_Init) refers to oled.o(i.OLED_Clear) for OLED_Clear
    oled.o(i.OLED_Refresh_Gram) refers to oled.o(i.OLED_WR_Byte) for OLED_WR_Byte
    oled.o(i.OLED_Refresh_Gram) refers to oled.o(.bss) for OLED_GRAM
    oled.o(i.OLED_ShowChar) refers to oled.o(i.OLED_DrawPoint) for OLED_DrawPoint
    oled.o(i.OLED_ShowChar) refers to oled.o(.constdata) for asc2_1206
    oled.o(i.OLED_ShowNum) refers to oled.o(i.OLED_Pow) for OLED_Pow
    oled.o(i.OLED_ShowNum) refers to aeabi_sdiv.o(.text) for __aeabi_uidivmod
    oled.o(i.OLED_ShowNum) refers to oled.o(i.OLED_ShowChar) for OLED_ShowChar
    oled.o(i.OLED_ShowString) refers to oled.o(i.OLED_Clear) for OLED_Clear
    oled.o(i.OLED_ShowString) refers to oled.o(i.OLED_ShowChar) for OLED_ShowChar
    oled.o(i.OLED_WR_BP) refers to oled.o(i.OLED_WR_Byte) for OLED_WR_Byte
    oled.o(i.OLED_WR_Byte) refers to oled.o(i.I2c_Start) for I2c_Start
    oled.o(i.OLED_WR_Byte) refers to oled.o(i.Send_Byte) for Send_Byte
    oled.o(i.OLED_WR_Byte) refers to oled.o(i.I2C_WaitAck) for I2C_WaitAck
    oled.o(i.OLED_WR_Byte) refers to oled.o(i.I2c_Stop) for I2c_Stop
    oled.o(i.Send_Byte) refers to swm181_gpio.o(i.GPIO_ClrBit) for GPIO_ClrBit
    oled.o(i.Send_Byte) refers to swm181_gpio.o(i.GPIO_SetBit) for GPIO_SetBit
    led.o(i.Led_Init) refers to swm181_gpio.o(i.GPIO_Init) for GPIO_Init
    led.o(i.Led_Init) refers to swm181_gpio.o(i.GPIO_SetBit) for GPIO_SetBit
    led.o(i.Led_Init) refers to swm181_gpio.o(i.GPIO_ClrBit) for GPIO_ClrBit
    delay.o(i.delay_ms) refers to delay.o(i.delay_us) for delay_us
    delay.o(i.delay_s) refers to delay.o(i.delay_ms) for delay_ms
    delay.o(i.delay_us) refers to system_swm181.o(.data) for CyclesPerUs
    uart.o(i.UART0_printf) refers to c89vsnprintf.o(.text) for __c89vsnprintf
    uart.o(i.UART0_printf) refers to swm181_uart.o(i.UART_WriteByte) for UART_WriteByte
    uart.o(i.UART0_printf) refers to swm181_uart.o(i.UART_IsTXBusy) for UART_IsTXBusy
    uart.o(i.UART0_printf) refers to strlen.o(.text) for strlen
    uart.o(i.Uart_Init) refers to swm181_port.o(i.PORT_Init) for PORT_Init
    uart.o(i.Uart_Init) refers to swm181_uart.o(i.UART_Init) for UART_Init
    uart.o(i.Uart_Init) refers to swm181_irqmux.o(i.IRQ_Connect) for IRQ_Connect
    uart.o(i.Uart_Init) refers to swm181_uart.o(i.UART_Open) for UART_Open
    swm181_adc.o(i.ADC_Init) refers to swm181_adc.o(i.ADC_Close) for ADC_Close
    swm181_adc.o(i.ADC_IntEOCClr) refers to swm181_adc.o(i.chn2idx) for chn2idx
    swm181_adc.o(i.ADC_IntEOCDis) refers to swm181_adc.o(i.chn2idx) for chn2idx
    swm181_adc.o(i.ADC_IntEOCEn) refers to swm181_adc.o(i.chn2idx) for chn2idx
    swm181_adc.o(i.ADC_IntEOCStat) refers to swm181_adc.o(i.chn2idx) for chn2idx
    swm181_adc.o(i.ADC_IntOVFClr) refers to swm181_adc.o(i.chn2idx) for chn2idx
[...]
    __printf_flags_ss.o(.text) refers to __printf_flags_ss.o(.constdata) for .constdata
    __printf_wp.o(.text) refers to __printf_wp.o(i._is_digit) for _is_digit
    __printf_wp.o(.text) refers to _printf_percent.o(.ARM.Collect$$_printf_percent$$00000000) for _printf_percent
    __printf_flags_wp.o(.text) refers to __printf_wp.o(i._is_digit) for _is_digit
    __printf_flags_wp.o(.text) refers to _printf_percent.o(.ARM.Collect$$_printf_percent$$00000000) for _printf_percent
    __printf_flags_wp.o(.text) refers to __printf_flags_wp.o(.constdata) for .constdata
    __printf_ss_wp.o(.text) refers to __printf_wp.o(i._is_digit) for _is_digit
    __printf_ss_wp.o(.text) refers to _printf_percent.o(.ARM.Collect$$_printf_percent$$00000000) for _printf_percent
    __printf_flags_ss_wp.o(.text) refers to __printf_wp.o(i._is_digit) for _is_digit
    __printf_flags_ss_wp.o(.text) refers to _printf_percent.o(.ARM.Collect$$_printf_percent$$00000000) for _printf_percent
    __printf_flags_ss_wp.o(.text) refers to __printf_flags_ss_wp.o(.constdata) for .constdata
    _printf_c.o(.ARM.Collect$$_printf_percent$$00000013) refers (Weak) to _printf_char.o(.text) for _printf_char
    _printf_s.o(.ARM.Collect$$_printf_percent$$00000014) refers (Weak) to _printf_char.o(.text) for _printf_string
    _printf_n.o(.ARM.Collect$$_printf_percent$$00000001) refers (Weak) to _printf_charcount.o(.text) for _printf_charcount
    _printf_x.o(.ARM.Collect$$_printf_percent$$0000000C) refers (Weak) to _printf_hex_int_ll_ptr.o(.text) for _printf_int_hex
    _printf_p.o(.ARM.Collect$$_printf_percent$$00000002) refers (Weak) to _printf_hex_int_ll_ptr.o(.text) for _printf_hex_ptr
    _printf_o.o(.ARM.Collect$$_printf_percent$$0000000B) refers (Weak) to _printf_oct_int_ll.o(.text) for _printf_int_oct
    _printf_i.o(.ARM.Collect$$_printf_percent$$00000008) refers (Weak) to _printf_dec.o(.text) for _printf_int_dec
    _printf_d.o(.ARM.Collect$$_printf_percent$$00000009) refers (Weak) to _printf_dec.o(.text) for _printf_int_dec
    _printf_u.o(.ARM.Collect$$_printf_percent$$0000000A) refers (Weak) to _printf_dec.o(.text) for _printf_int_dec
    _printf_f.o(.ARM.Collect$$_printf_percent$$00000003) refers (Weak) to printf1.o(x$fpl$printf1) for _printf_fp_dec
    _printf_e.o(.ARM.Collect$$_printf_percent$$00000004) refers (Weak) to printf1.o(x$fpl$printf1) for _printf_fp_dec
    _printf_g.o(.ARM.Collect$$_printf_percent$$00000005) refers (Weak) to printf1.o(x$fpl$printf1) for _printf_fp_dec
    _printf_percent.o(.ARM.Collect$$_printf_percent$$00000000) refers (Special) to _printf_percent_end.o(.ARM.Collect$$_printf_percent$$00000017) for _printf_percent_end
    _printf_lli.o(.ARM.Collect$$_printf_percent$$0000000D) refers (Special) to _printf_ll.o(.ARM.Collect$$_printf_percent$$00000007) for _printf_ll
    _printf_lli.o(.ARM.Collect$$_printf_percent$$0000000D) refers (Weak) to _printf_longlong_dec.o(.text) for _printf_longlong_dec
    _printf_lld.o(.ARM.Collect$$_printf_percent$$0000000E) refers (Special) to _printf_ll.o(.ARM.Collect$$_printf_percent$$00000007) for _printf_ll
    _printf_lld.o(.ARM.Collect$$_printf_percent$$0000000E) refers (Weak) to _printf_longlong_dec.o(.text) for _printf_longlong_dec
    _printf_llu.o(.ARM.Collect$$_printf_percent$$0000000F) refers (Special) to _printf_ll.o(.ARM.Collect$$_printf_percent$$00000007) for _printf_ll
    _printf_llu.o(.ARM.Collect$$_printf_percent$$0000000F) refers (Weak) to _printf_longlong_dec.o(.text) for _printf_longlong_dec
    _printf_lc.o(.ARM.Collect$$_printf_percent$$00000015) refers (Special) to _printf_l.o(.ARM.Collect$$_printf_percent$$00000012) for _printf_l
    _printf_lc.o(.ARM.Collect$$_printf_percent$$00000015) refers (Weak) to _printf_wchar.o(.text) for _printf_wchar
    _printf_ls.o(.ARM.Collect$$_printf_percent$$00000016) refers (Special) to _printf_l.o(.ARM.Collect$$_printf_percent$$00000012) for _printf_l
    _printf_ls.o(.ARM.Collect$$_printf_percent$$00000016) refers (Weak) to _printf_wchar.o(.text) for _printf_wstring
    _printf_llo.o(.ARM.Collect$$_printf_percent$$00000010) refers (Special) to _printf_ll.o(.ARM.Collect$$_printf_percent$$00000007) for _printf_ll
    _printf_llo.o(.ARM.Collect$$_printf_percent$$00000010) refers (Weak) to _printf_oct_int_ll.o(.text) for _printf_ll_oct
    _printf_llx.o(.ARM.Collect$$_printf_percent$$00000011) refers (Special) to _printf_ll.o(.ARM.Collect$$_printf_percent$$00000007) for _printf_ll
    _printf_llx.o(.ARM.Collect$$_printf_percent$$00000011) refers (Weak) to _printf_hex_int_ll_ptr.o(.text) for _printf_ll_hex
    printf1.o(x$fpl$printf1) refers to _printf_fp_dec.o(.text) for _printf_fp_dec_real
    __rtentry2.o(.ARM.Collect$$rtentry$$00000008) refers to boardinit2.o(.text) for _platform_post_stackheap_init
    __rtentry2.o(.ARM.Collect$$rtentry$$0000000A) refers to libinit.o(.ARM.Collect$$libinit$$00000000) for __rt_lib_init
    __rtentry2.o(.ARM.Collect$$rtentry$$0000000B) refers to boardinit3.o(.text) for _platform_post_lib_init
    __rtentry2.o(.ARM.Collect$$rtentry$$0000000D) refers to main.o(i.main) for main
    __rtentry2.o(.ARM.Collect$$rtentry$$0000000D) refers to exit.o(.text) for exit
    __rtentry2.o(.ARM.exidx) refers to __rtentry2.o(.ARM.Collect$$rtentry$$00000001) for .ARM.Collect$$rtentry$$00000001
    __rtentry2.o(.ARM.exidx) refers to __rtentry2.o(.ARM.Collect$$rtentry$$00000008) for .ARM.Collect$$rtentry$$00000008
    __rtentry2.o(.ARM.exidx) refers to __rtentry2.o(.ARM.Collect$$rtentry$$0000000A) for .ARM.Collect$$rtentry$$0000000A
    __rtentry2.o(.ARM.exidx) refers to __rtentry2.o(.ARM.Collect$$rtentry$$0000000B) for .ARM.Collect$$rtentry$$0000000B
    __rtentry2.o(.ARM.exidx) refers to __rtentry2.o(.ARM.Collect$$rtentry$$0000000D) for .ARM.Collect$$rtentry$$0000000D
    __rtentry4.o(.ARM.Collect$$rtentry$$00000004) refers to sys_stackheap_outer.o(.text) for __user_setup_stackheap
    __rtentry4.o(.ARM.exidx) refers to __rtentry4.o(.ARM.Collect$$rtentry$$00000004) for .ARM.Collect$$rtentry$$00000004
    rt_div0.o(.text) refers to defsig_fpe_outer.o(.text) for __rt_SIGFPE
    _printf_intcommon.o(.text) refers (Weak) to _printf_pad.o(.text) for _printf_pre_padding
    _printf_intcommon.o(.text) refers (Weak) to _printf_pad.o(.text) for _printf_pre_padding
    _printf_intcommon.o(.text) refers (Weak) to _printf_pad.o(.text) for _printf_post_padding
    _printf_fp_dec.o(.text) refers (Special) to usenofp.o(x$fpl$usenofp) for __I$use$fp
    _printf_fp_dec.o(.text) refers (Special) to lc_numeric_c.o(locale$$code) for _get_lc_numeric
    _printf_fp_dec.o(.text) refers to bigflt0.o(.text) for _btod_etento
    _printf_fp_dec.o(.text) refers to btod.o(.text) for _btod_d2e
    _printf_fp_dec.o(.text) refers to lludiv10.o(.text) for _ll_udiv10
    _printf_fp_dec.o(.text) refers to fpclassify.o(i.__ARM_fpclassify) for __ARM_fpclassify
    _printf_fp_dec.o(.text) refers to _printf_fp_infnan.o(.text) for _printf_fp_infnan
    _printf_fp_dec.o(.text) refers to rtudiv10.o(.text) for __rt_udiv10
    _printf_fp_dec.o(.text) refers (Weak) to _printf_pad.o(.text) for _printf_pre_padding
    _printf_fp_dec.o(.text) refers (Weak) to _printf_pad.o(.text) for _printf_pre_padding
    _printf_fp_dec.o(.text) refers to rt_locale_intlibspace.o(.text) for __rt_locale
    _printf_fp_dec.o(.text) refers (Weak) to _printf_pad.o(.text) for _printf_post_padding
    _printf_char.o(.text) refers (Weak) to _printf_str.o(.text) for _printf_str
    _printf_wchar.o(.text) refers (Weak) to _printf_wctomb.o(.text) for _printf_wctomb
    _wcrtomb.o(.text) refers to rt_ctype_table.o(.text) for __rt_ctype_table
    sys_stackheap_outer.o(.text) refers to libspace.o(.text) for __user_perproc_libspace
    sys_stackheap_outer.o(.text) refers to startup_swm181.o(.text) for __user_initial_stackheap
    sys_stackheap_outer.o(__vectab_stack_and_reset_area) refers to tempstk.o(.text) for __temporary_stack_top
    sys_stackheap_outer.o(__vectab_stack_and_reset_area) refers to __main.o(!!!main) for __main
    rt_ctype_table.o(.text) refers to rt_locale_intlibspace.o(.text) for __rt_locale
    rt_ctype_table.o(.text) refers to lc_ctype_c.o(locale$$code) for _get_lc_ctype
    rt_locale.o(.text) refers to rt_locale.o(.bss) for __rt_locale_data
    rt_locale_intlibspace.o(.text) refers to libspace.o(.bss) for __libspace_start
    _printf_fp_infnan.o(.text) refers (Weak) to _printf_pad.o(.text) for _printf_pre_padding
    _printf_fp_infnan.o(.text) refers (Weak) to _printf_pad.o(.text) for _printf_post_padding
    bigflt0.o(.text) refers (Special) to usenofp.o(x$fpl$usenofp) for __I$use$fp
    bigflt0.o(.text) refers to aeabi_sdiv.o(.text) for __aeabi_idivmod
    bigflt0.o(.text) refers to btod.o(.text) for _btod_emul
    bigflt0.o(.text) refers to bigflt0.o(.constdata) for .constdata
    bigflt0.o(.constdata) refers (Special) to usenofp.o(x$fpl$usenofp) for __I$use$fp
    btod.o(.text) refers to btod.o(i.__ARM_common_ll_muluu) for __ARM_common_ll_muluu
    lc_numeric_c.o(locale$$data) refers (Special) to libinit2.o(.ARM.Collect$$libinit$$00000016) for __rt_lib_init_lc_numeric_2
    lc_numeric_c.o(locale$$code) refers (Special) to libinit2.o(.ARM.Collect$$libinit$$00000016) for __rt_lib_init_lc_numeric_2
    lc_numeric_c.o(locale$$code) refers to strcmp.o(.text) for strcmp
    lc_numeric_c.o(locale$$code) refers to lc_numeric_c.o(locale$$data) for __lcnum_c_name
    exit.o(.text) refers to rtexit.o(.ARM.Collect$$rtexit$$00000000) for __rt_exit
    defsig_fpe_outer.o(.text) refers to defsig_fpe_inner.o(.text) for __rt_SIGFPE_inner
    defsig_fpe_outer.o(.text) refers to defsig_exit.o(.text) for __sig_exit
    defsig_fpe_formal.o(.text) refers to rt_raise.o(.text) for __rt_raise
    libinit.o(.ARM.Collect$$libinit$$00000000) refers (Special) to libinit2.o(.ARM.Collect$$libinit$$0000002E) for __rt_lib_init_alloca_1
    libinit.o(.ARM.Collect$$libinit$$00000000) refers (Special) to libinit2.o(.ARM.Collect$$libinit$$0000002C) for __rt_lib_init_argv_1
    libinit.o(.ARM.Collect$$libinit$$00000000) refers (Special) to libinit2.o(.ARM.Collect$$libinit$$0000001B) for __rt_lib_init_atexit_1
    libinit.o(.ARM.Collect$$libinit$$00000000) refers (Special) to libinit2.o(.ARM.Collect$$libinit$$00000021) for __rt_lib_init_clock_1
    libinit.o(.ARM.Collect$$libinit$$00000000) refers (Special) to libinit2.o(.ARM.Collect$$libinit$$00000032) for __rt_lib_init_cpp_1
    libinit.o(.ARM.Collect$$libinit$$00000000) refers (Special) to libinit2.o(.ARM.Collect$$libinit$$00000030) for __rt_lib_init_exceptions_1
    libinit.o(.ARM.Collect$$libinit$$00000000) refers (Special) to libinit2.o(.ARM.Collect$$libinit$$00000002) for __rt_lib_init_fp_1
    libinit.o(.ARM.Collect$$libinit$$00000000) refers (Special) to libinit2.o(.ARM.Collect$$libinit$$0000001F) for __rt_lib_init_fp_trap_1
    libinit.o(.ARM.Collect$$libinit$$00000000) refers (Special) to libinit2.o(.ARM.Collect$$libinit$$00000023) for __rt_lib_init_getenv_1
    libinit.o(.ARM.Collect$$libinit$$00000000) refers (Special) to libinit2.o(.ARM.Collect$$libinit$$0000000A) for __rt_lib_init_heap_1
    libinit.o(.ARM.Collect$$libinit$$00000000) refers (Special) to libinit2.o(.ARM.Collect$$libinit$$00000011) for __rt_lib_init_lc_collate_1
    libinit.o(.ARM.Collect$$libinit$$00000000) refers (Special) to libinit2.o(.ARM.Collect$$libinit$$00000013) for __rt_lib_init_lc_ctype_1
    libinit.o(.ARM.Collect$$libinit$$00000000) refers (Special) to libinit2.o(.ARM.Collect$$libinit$$00000015) for __rt_lib_init_lc_monetary_1
    libinit.o(.ARM.Collect$$libinit$$00000000) refers (Special) to libinit2.o(.ARM.Collect$$libinit$$00000017) for __rt_lib_init_lc_numeric_1
    libinit.o(.ARM.Collect$$libinit$$00000000) refers (Special) to libinit2.o(.ARM.Collect$$libinit$$00000019) for __rt_lib_init_lc_time_1
    libinit.o(.ARM.Collect$$libinit$$00000000) refers (Special) to libinit2.o(.ARM.Collect$$libinit$$00000004) for __rt_lib_init_preinit_1
    libinit.o(.ARM.Collect$$libinit$$00000000) refers (Special) to libinit2.o(.ARM.Collect$$libinit$$0000000E) for __rt_lib_init_rand_1
    libinit.o(.ARM.Collect$$libinit$$00000000) refers (Special) to libinit2.o(.ARM.Collect$$libinit$$00000033) for __rt_lib_init_return
    libinit.o(.ARM.Collect$$libinit$$00000000) refers (Special) to libinit2.o(.ARM.Collect$$libinit$$0000001D) for __rt_lib_init_signal_1
    libinit.o(.ARM.Collect$$libinit$$00000000) refers (Special) to libinit2.o(.ARM.Collect$$libinit$$00000025) for __rt_lib_init_stdio_1
    libinit.o(.ARM.Collect$$libinit$$00000000) refers (Special) to libinit2.o(.ARM.Collect$$libinit$$0000000C) for __rt_lib_init_user_alloc_1
    ieee_status.o(.text) refers (Special) to usenofp.o(x$fpl$usenofp) for __I$use$fp
    fpclassify.o(i.__ARM_fpclassify) refers (Special) to usenofp.o(x$fpl$usenofp) for __I$use$fp
    libspace.o(.text) refers to libspace.o(.bss) for __libspace_start
    rtexit.o(.ARM.Collect$$rtexit$$00000000) refers (Special) to rtexit2.o(.ARM.Collect$$rtexit$$00000004) for __rt_exit_exit
    rtexit.o(.ARM.Collect$$rtexit$$00000000) refers (Special) to rtexit2.o(.ARM.Collect$$rtexit$$00000003) for __rt_exit_ls
    rtexit.o(.ARM.Collect$$rtexit$$00000000) refers (Special) to rtexit2.o(.ARM.Collect$$rtexit$$00000002) for __rt_exit_prels_1
    rtexit.o(.ARM.exidx) refers (Special) to rtexit2.o(.ARM.Collect$$rtexit$$00000004) for __rt_exit_exit
    rtexit.o(.ARM.exidx) refers (Special) to rtexit2.o(.ARM.Collect$$rtexit$$00000003) for __rt_exit_ls
    rtexit.o(.ARM.exidx) refers (Special) to rtexit2.o(.ARM.Collect$$rtexit$$00000002) for __rt_exit_prels_1
    rtexit.o(.ARM.exidx) refers to rtexit.o(.ARM.Collect$$rtexit$$00000000) for .ARM.Collect$$rtexit$$00000000
    rt_raise.o(.text) refers to __raise.o(.text) for __raise
    rt_raise.o(.text) refers to sys_exit.o(.text) for _sys_exit
    lc_ctype_c.o(locale$$data) refers (Special) to libinit2.o(.ARM.Collect$$libinit$$00000012) for __rt_lib_init_lc_ctype_2
    lc_ctype_c.o(locale$$code) refers (Special) to libinit2.o(.ARM.Collect$$libinit$$00000012) for __rt_lib_init_lc_ctype_2
    lc_ctype_c.o(locale$$code) refers to strcmp.o(.text) for strcmp
    lc_ctype_c.o(locale$$code) refers to lc_ctype_c.o(locale$$data) for __lcctype_c_name
    defsig_exit.o(.text) refers to sys_exit.o(.text) for _sys_exit
    defsig_fpe_inner.o(.text) refers to defsig_general.o(.text) for __default_signal_display
    libinit2.o(.ARM.Collect$$libinit$$0000000F) refers (Weak) to rt_locale_intlibspace.o(.text) for __rt_locale
    libinit2.o(.ARM.Collect$$libinit$$00000010) refers to libinit2.o(.ARM.Collect$$libinit$$0000000F) for .ARM.Collect$$libinit$$0000000F
    libinit2.o(.ARM.Collect$$libinit$$00000012) refers to libinit2.o(.ARM.Collect$$libinit$$0000000F) for .ARM.Collect$$libinit$$0000000F
    libinit2.o(.ARM.Collect$$libinit$$00000012) refers (Weak) to lc_ctype_c.o(locale$$code) for _get_lc_ctype
    libinit2.o(.ARM.Collect$$libinit$$00000014) refers to libinit2.o(.ARM.Collect$$libinit$$0000000F) for .ARM.Collect$$libinit$$0000000F
    libinit2.o(.ARM.Collect$$libinit$$00000016) refers to libinit2.o(.ARM.Collect$$libinit$$0000000F) for .ARM.Collect$$libinit$$0000000F
    libinit2.o(.ARM.Collect$$libinit$$00000016) refers (Weak) to lc_numeric_c.o(locale$$code) for _get_lc_numeric
    libinit2.o(.ARM.Collect$$libinit$$00000018) refers to libinit2.o(.ARM.Collect$$libinit$$0000000F) for .ARM.Collect$$libinit$$0000000F
    libinit2.o(.ARM.Collect$$libinit$$00000026) refers to argv_veneer.o(.text) for __ARM_argv_veneer
    libinit2.o(.ARM.Collect$$libinit$$00000027) refers to argv_veneer.o(.text) for __ARM_argv_veneer
    sys_exit.o(.text) refers (Special) to use_no_semi.o(.text) for __I$use$semihosting
    sys_exit.o(.text) refers (Special) to indicate_semi.o(.text) for __semihosting_library_function
    rtexit2.o(.ARM.Collect$$rtexit$$00000003) refers to libshutdown.o(.ARM.Collect$$libshutdown$$00000000) for __rt_lib_shutdown
    rtexit2.o(.ARM.Collect$$rtexit$$00000004) refers to sys_exit.o(.text) for _sys_exit
    rtexit2.o(.ARM.exidx) refers to rtexit2.o(.ARM.Collect$$rtexit$$00000001) for .ARM.Collect$$rtexit$$00000001
    rtexit2.o(.ARM.exidx) refers to rtexit2.o(.ARM.Collect$$rtexit$$00000003) for .ARM.Collect$$rtexit$$00000003
    rtexit2.o(.ARM.exidx) refers to rtexit2.o(.ARM.Collect$$rtexit$$00000004) for .ARM.Collect$$rtexit$$00000004
    __raise.o(.text) refers to defsig.o(CL$$defsig) for __default_signal_handler
    defsig_general.o(.text) refers to sys_wrch.o(.text) for _ttywrch
    sys_wrch.o(.text) refers (Special) to use_no_semi.o(.text) for __I$use$semihosting
    sys_wrch.o(.text) refers (Special) to indicate_semi.o(.text) for __semihosting_library_function
    defsig.o(CL$$defsig) refers to defsig_fpe_inner.o(.text) for __rt_SIGFPE_inner
    defsig.o(CL$$defsig) refers to defsig_rtmem_inner.o(.text) for __rt_SIGRTMEM_inner
    _get_argv_nomalloc.o(.text) refers (Special) to hrguard.o(.text) for __heap_region$guard
    _get_argv_nomalloc.o(.text) refers to defsig_rtmem_outer.o(.text) for __rt_SIGRTMEM
    _get_argv_nomalloc.o(.text) refers to sys_command.o(.text) for _sys_command_string
    libshutdown.o(.ARM.Collect$$libshutdown$$00000000) refers (Special) to libshutdown2.o(.ARM.Collect$$libshutdown$$00000004) for __rt_lib_shutdown_cpp_1
    libshutdown.o(.ARM.Collect$$libshutdown$$00000000) refers (Special) to libshutdown2.o(.ARM.Collect$$libshutdown$$00000002) for __rt_lib_shutdown_fini_1
    libshutdown.o(.ARM.Collect$$libshutdown$$00000000) refers (Special) to libshutdown2.o(.ARM.Collect$$libshutdown$$00000009) for __rt_lib_shutdown_fp_trap_1
    libshutdown.o(.ARM.Collect$$libshutdown$$00000000) refers (Special) to libshutdown2.o(.ARM.Collect$$libshutdown$$00000011) for __rt_lib_shutdown_heap_1
    libshutdown.o(.ARM.Collect$$libshutdown$$00000000) refers (Special) to libshutdown2.o(.ARM.Collect$$libshutdown$$00000012) for __rt_lib_shutdown_return
    libshutdown.o(.ARM.Collect$$libshutdown$$00000000) refers (Special) to libshutdown2.o(.ARM.Collect$$libshutdown$$0000000C) for __rt_lib_shutdown_signal_1
    libshutdown.o(.ARM.Collect$$libshutdown$$00000000) refers (Special) to libshutdown2.o(.ARM.Collect$$libshutdown$$00000006) for __rt_lib_shutdown_stdio_1
    libshutdown.o(.ARM.Collect$$libshutdown$$00000000) refers (Special) to libshutdown2.o(.ARM.Collect$$libshutdown$$0000000E) for __rt_lib_shutdown_user_alloc_1
    sys_command.o(.text) refers (Special) to use_no_semi.o(.text) for __I$use$semihosting
    sys_command.o(.text) refers (Special) to indicate_semi.o(.text) for __semihosting_library_function
    defsig_abrt_inner.o(.text) refers to defsig_general.o(.text) for __default_signal_display
    defsig_rtred_inner.o(.text) refers to defsig_general.o(.text) for __default_signal_display
    defsig_rtmem_inner.o(.text) refers to defsig_general.o(.text) for __default_signal_display
    defsig_rtmem_outer.o(.text) refers to defsig_rtmem_inner.o(.text) for __rt_SIGRTMEM_inner
    defsig_rtmem_outer.o(.text) refers to defsig_exit.o(.text) for __sig_exit
    defsig_rtmem_formal.o(.text) refers to rt_raise.o(.text) for __rt_raise
    defsig_stak_inner.o(.text) refers to defsig_general.o(.text) for __default_signal_display
    defsig_pvfn_inner.o(.text) refers to defsig_general.o(.text) for __default_signal_display
    defsig_cppl_inner.o(.text) refers to defsig_general.o(.text) for __default_signal_display
    defsig_segv_inner.o(.text) refers to defsig_general.o(.text) for __default_signal_display
    defsig_other.o(.text) refers to defsig_general.o(.text) for __default_signal_display


==============================================================================

Removing Unused input sections from the image.

    Removing main.o(.rev16_text), (4 bytes).
    Removing main.o(.revsh_text), (4 bytes).
    Removing oled.o(.rev16_text), (4 bytes).
    Removing oled.o(.revsh_text), (4 bytes).
    Removing oled.o(i.OLED_ClearPoint), (92 bytes).
    Removing oled.o(i.OLED_ColorTurn), (30 bytes).
    Removing oled.o(i.OLED_DisPlay_Off), (28 bytes).
    Removing oled.o(i.OLED_DisPlay_On), (28 bytes).
    Removing oled.o(i.OLED_DisplayTurn), (46 bytes).
    Removing oled.o(i.OLED_Pow), (26 bytes).
    Removing oled.o(i.OLED_ShowNum), (154 bytes).
    Removing oled.o(i.OLED_WR_BP), (52 bytes).
    Removing led.o(.rev16_text), (4 bytes).
    Removing led.o(.revsh_text), (4 bytes).
    Removing delay.o(.rev16_text), (4 bytes).
    Removing delay.o(.revsh_text), (4 bytes).
    Removing uart.o(.rev16_text), (4 bytes).
    Removing uart.o(.revsh_text), (4 bytes).
    Removing uart.o(i.UART0_printf), (88 bytes).
    Removing uart.o(i.Uart_Init), (100 bytes).
    Removing uart.o(.bss), (200 bytes).
    Removing uart.o(.data), (2 bytes).
    Removing swm181_adc.o(.rev16_text), (4 bytes).
    Removing swm181_adc.o(.revsh_text), (4 bytes).
    Removing swm181_adc.o(i.ADC_ChnSelect), (16 bytes).
    Removing swm181_adc.o(i.ADC_Close), (12 bytes).
    Removing swm181_adc.o(i.ADC_Init), (348 bytes).
    Removing swm181_adc.o(i.ADC_IntEOCClr), (24 bytes).
    Removing swm181_adc.o(i.ADC_IntEOCDis), (28 bytes).
    Removing swm181_adc.o(i.ADC_IntEOCEn), (28 bytes).
    Removing swm181_adc.o(i.ADC_IntEOCStat), (36 bytes).
    Removing swm181_adc.o(i.ADC_IntOVFClr), (26 bytes).
    Removing swm181_adc.o(i.ADC_IntOVFDis), (30 bytes).
    Removing swm181_adc.o(i.ADC_IntOVFEn), (30 bytes).
    Removing swm181_adc.o(i.ADC_IntOVFStat), (38 bytes).
    Removing swm181_adc.o(i.ADC_IsEOC), (28 bytes).
    Removing swm181_adc.o(i.ADC_Open), (12 bytes).
    Removing swm181_adc.o(i.ADC_Read), (30 bytes).
    Removing swm181_adc.o(i.ADC_Start), (6 bytes).
    Removing swm181_adc.o(i.ADC_Stop), (10 bytes).
    Removing swm181_adc.o(i.chn2idx), (78 bytes).
    Removing swm181_dma.o(.rev16_text), (4 bytes).
    Removing swm181_dma.o(.revsh_text), (4 bytes).
    Removing swm181_dma.o(i.DMA_CHM_Config), (124 bytes).
    Removing swm181_dma.o(i.DMA_CH_Close), (80 bytes).
    Removing swm181_dma.o(i.DMA_CH_Config), (220 bytes).
    Removing swm181_dma.o(i.DMA_CH_INTClr), (70 bytes).
    Removing swm181_dma.o(i.DMA_CH_INTDis), (110 bytes).
    Removing swm181_dma.o(i.DMA_CH_INTEn), (110 bytes).
    Removing swm181_dma.o(i.DMA_CH_INTStat), (92 bytes).
    Removing swm181_dma.o(i.DMA_CH_Open), (80 bytes).
    Removing swm181_gpio.o(.rev16_text), (4 bytes).
    Removing swm181_gpio.o(.revsh_text), (4 bytes).
    Removing swm181_gpio.o(i.GPIO_AtomicClrBit), (16 bytes).
    Removing swm181_gpio.o(i.GPIO_AtomicClrBits), (32 bytes).
    Removing swm181_gpio.o(i.GPIO_AtomicInvBit), (16 bytes).
    Removing swm181_gpio.o(i.GPIO_AtomicInvBits), (32 bytes).
    Removing swm181_gpio.o(i.GPIO_AtomicSetBit), (16 bytes).
    Removing swm181_gpio.o(i.GPIO_AtomicSetBits), (32 bytes).
    Removing swm181_gpio.o(i.GPIO_ClrBits), (28 bytes).
    Removing swm181_gpio.o(i.GPIO_GetBit), (12 bytes).
    Removing swm181_gpio.o(i.GPIO_GetBits), (28 bytes).
    Removing swm181_gpio.o(i.GPIO_InvBits), (28 bytes).
    Removing swm181_gpio.o(i.GPIO_SetBits), (28 bytes).
    Removing swm181_i2c.o(.rev16_text), (4 bytes).
    Removing swm181_i2c.o(.revsh_text), (4 bytes).
    Removing swm181_i2c.o(i.I2C_Close), (10 bytes).
    Removing swm181_i2c.o(i.I2C_INTClr), (10 bytes).
    Removing swm181_i2c.o(i.I2C_INTDis), (10 bytes).
    Removing swm181_i2c.o(i.I2C_INTEn), (10 bytes).
    Removing swm181_i2c.o(i.I2C_INTStat), (10 bytes).
    Removing swm181_i2c.o(i.I2C_Init), (316 bytes).
    Removing swm181_i2c.o(i.I2C_Open), (10 bytes).
    Removing swm181_i2c.o(i.I2C_Read), (40 bytes).
    Removing swm181_i2c.o(i.I2C_Start), (32 bytes).
    Removing swm181_i2c.o(i.I2C_Stop), (20 bytes).
    Removing swm181_i2c.o(i.I2C_Write), (32 bytes).
    Removing swm181_irqmux.o(.rev16_text), (4 bytes).
    Removing swm181_irqmux.o(.revsh_text), (4 bytes).
    Removing swm181_irqmux.o(i.IRQ_Connect), (148 bytes).
    Removing swm181_irqmux.o(i.IRQ_Which), (76 bytes).
    Removing swm181_irqmux.o(i.__NVIC_SetPriority), (120 bytes).
    Removing swm181_port.o(.rev16_text), (4 bytes).
    Removing swm181_port.o(.revsh_text), (4 bytes).
    Removing swm181_pwm.o(.rev16_text), (4 bytes).
    Removing swm181_pwm.o(.revsh_text), (4 bytes).
    Removing swm181_pwm.o(i.PWM_GetCycle), (24 bytes).
    Removing swm181_pwm.o(i.PWM_GetDeadzone), (24 bytes).
    Removing swm181_pwm.o(i.PWM_GetHDuty), (24 bytes).
    Removing swm181_pwm.o(i.PWM_Init), (272 bytes).
    Removing swm181_pwm.o(i.PWM_IntHEndClr), (132 bytes).
    Removing swm181_pwm.o(i.PWM_IntHEndDis), (180 bytes).
    Removing swm181_pwm.o(i.PWM_IntHEndEn), (180 bytes).
    Removing swm181_pwm.o(i.PWM_IntHEndStat), (168 bytes).
    Removing swm181_pwm.o(i.PWM_IntNCycleClr), (116 bytes).
    Removing swm181_pwm.o(i.PWM_IntNCycleDis), (164 bytes).
    Removing swm181_pwm.o(i.PWM_IntNCycleEn), (164 bytes).
    Removing swm181_pwm.o(i.PWM_IntNCycleStat), (152 bytes).
    Removing swm181_pwm.o(i.PWM_SetCycle), (16 bytes).
    Removing swm181_pwm.o(i.PWM_SetDeadzone), (16 bytes).
    Removing swm181_pwm.o(i.PWM_SetHDuty), (16 bytes).
    Removing swm181_pwm.o(i.PWM_Start), (108 bytes).
    Removing swm181_pwm.o(i.PWM_Stop), (108 bytes).
    Removing swm181_sdadc.o(.rev16_text), (4 bytes).
    Removing swm181_sdadc.o(.revsh_text), (4 bytes).
    Removing swm181_sdadc.o(i.SDADC_ChnClose), (8 bytes).
    Removing swm181_sdadc.o(i.SDADC_ChnOpen), (8 bytes).
    Removing swm181_sdadc.o(i.SDADC_Close), (12 bytes).
    Removing swm181_sdadc.o(i.SDADC_Config_Cali), (88 bytes).
    Removing swm181_sdadc.o(i.SDADC_Config_Sel), (50 bytes).
    Removing swm181_sdadc.o(i.SDADC_Config_Set), (64 bytes).
    Removing swm181_sdadc.o(i.SDADC_Init), (188 bytes).
    Removing swm181_sdadc.o(i.SDADC_IntEOCClr), (6 bytes).
    Removing swm181_sdadc.o(i.SDADC_IntEOCDis), (10 bytes).
    Removing swm181_sdadc.o(i.SDADC_IntEOCEn), (10 bytes).
    Removing swm181_sdadc.o(i.SDADC_IntEOCStat), (10 bytes).
    Removing swm181_sdadc.o(i.SDADC_IntOVFClr), (6 bytes).
    Removing swm181_sdadc.o(i.SDADC_IntOVFDis), (10 bytes).
    Removing swm181_sdadc.o(i.SDADC_IntOVFEn), (10 bytes).
    Removing swm181_sdadc.o(i.SDADC_IntOVFStat), (12 bytes).
    Removing swm181_sdadc.o(i.SDADC_IsEOC), (10 bytes).
    Removing swm181_sdadc.o(i.SDADC_Open), (12 bytes).
    Removing swm181_sdadc.o(i.SDADC_Read), (18 bytes).
    Removing swm181_sdadc.o(i.SDADC_Start), (6 bytes).
    Removing swm181_sdadc.o(i.SDADC_Stop), (10 bytes).
    Removing swm181_slcd.o(.rev16_text), (4 bytes).
    Removing swm181_slcd.o(.revsh_text), (4 bytes).
    Removing swm181_slcd.o(i.SLCD_AllOn), (24 bytes).
    Removing swm181_slcd.o(i.SLCD_Clear), (24 bytes).
    Removing swm181_slcd.o(i.SLCD_Close), (18 bytes).
    Removing swm181_slcd.o(i.SLCD_Init), (92 bytes).
    Removing swm181_slcd.o(i.SLCD_Open), (14 bytes).
    Removing swm181_spi.o(.rev16_text), (4 bytes).
    Removing swm181_spi.o(.revsh_text), (4 bytes).
    Removing swm181_spi.o(i.SPI_Close), (10 bytes).
    Removing swm181_spi.o(i.SPI_INTRXFullClr), (6 bytes).
    Removing swm181_spi.o(i.SPI_INTRXFullDis), (10 bytes).
    Removing swm181_spi.o(i.SPI_INTRXFullEn), (10 bytes).
    Removing swm181_spi.o(i.SPI_INTRXFullStat), (12 bytes).
    Removing swm181_spi.o(i.SPI_INTRXHalfFullClr), (6 bytes).
    Removing swm181_spi.o(i.SPI_INTRXHalfFullDis), (10 bytes).
    Removing swm181_spi.o(i.SPI_INTRXHalfFullEn), (10 bytes).
    Removing swm181_spi.o(i.SPI_INTRXHalfFullStat), (12 bytes).
    Removing swm181_spi.o(i.SPI_INTRXOverflowClr), (6 bytes).
    Removing swm181_spi.o(i.SPI_INTRXOverflowDis), (10 bytes).
    Removing swm181_spi.o(i.SPI_INTRXOverflowEn), (10 bytes).
    Removing swm181_spi.o(i.SPI_INTRXOverflowStat), (10 bytes).
    Removing swm181_spi.o(i.SPI_INTTXCompleteClr), (8 bytes).
    Removing swm181_spi.o(i.SPI_INTTXCompleteDis), (12 bytes).
    Removing swm181_spi.o(i.SPI_INTTXCompleteEn), (12 bytes).
    Removing swm181_spi.o(i.SPI_INTTXCompleteStat), (14 bytes).
    Removing swm181_spi.o(i.SPI_INTTXEmptyClr), (6 bytes).
    Removing swm181_spi.o(i.SPI_INTTXEmptyDis), (10 bytes).
    Removing swm181_spi.o(i.SPI_INTTXEmptyEn), (10 bytes).
    Removing swm181_spi.o(i.SPI_INTTXEmptyStat), (12 bytes).
    Removing swm181_spi.o(i.SPI_INTTXHalfFullClr), (6 bytes).
    Removing swm181_spi.o(i.SPI_INTTXHalfFullDis), (10 bytes).
    Removing swm181_spi.o(i.SPI_INTTXHalfFullEn), (10 bytes).
    Removing swm181_spi.o(i.SPI_INTTXHalfFullStat), (12 bytes).
    Removing swm181_spi.o(i.SPI_INTTXWordCompleteClr), (8 bytes).
    Removing swm181_spi.o(i.SPI_INTTXWordCompleteDis), (12 bytes).
    Removing swm181_spi.o(i.SPI_INTTXWordCompleteEn), (12 bytes).
    Removing swm181_spi.o(i.SPI_INTTXWordCompleteStat), (14 bytes).
    Removing swm181_spi.o(i.SPI_Init), (176 bytes).
    Removing swm181_spi.o(i.SPI_IsRXEmpty), (12 bytes).
    Removing swm181_spi.o(i.SPI_IsTXEmpty), (12 bytes).
    Removing swm181_spi.o(i.SPI_IsTXFull), (12 bytes).
    Removing swm181_spi.o(i.SPI_Open), (10 bytes).
    Removing swm181_spi.o(i.SPI_Read), (6 bytes).
    Removing swm181_spi.o(i.SPI_ReadWrite), (20 bytes).
    Removing swm181_spi.o(i.SPI_Write), (4 bytes).
    Removing swm181_spi.o(i.SPI_WriteWithWait), (24 bytes).
    Removing swm181_timr.o(.rev16_text), (4 bytes).
    Removing swm181_timr.o(.revsh_text), (4 bytes).
    Removing swm181_timr.o(i.TIMR_GetCurValue), (6 bytes).
    Removing swm181_timr.o(i.TIMR_GetPeriod), (6 bytes).
    Removing swm181_timr.o(i.TIMR_Halt), (92 bytes).
    Removing swm181_timr.o(i.TIMR_INTClr), (68 bytes).
    Removing swm181_timr.o(i.TIMR_INTDis), (92 bytes).
    Removing swm181_timr.o(i.TIMR_INTEn), (92 bytes).
    Removing swm181_timr.o(i.TIMR_INTStat), (84 bytes).
    Removing swm181_timr.o(i.TIMR_Init), (212 bytes).
    Removing swm181_timr.o(i.TIMR_Resume), (92 bytes).
    Removing swm181_timr.o(i.TIMR_SetPeriod), (4 bytes).
    Removing swm181_timr.o(i.TIMR_Start), (10 bytes).
    Removing swm181_timr.o(i.TIMR_Stop), (10 bytes).
    Removing swm181_uart.o(.rev16_text), (4 bytes).
    Removing swm181_uart.o(.revsh_text), (4 bytes).
    Removing swm181_uart.o(i.UART_ABRIsDone), (38 bytes).
    Removing swm181_uart.o(i.UART_ABRStart), (100 bytes).
    Removing swm181_uart.o(i.UART_CTSConfig), (22 bytes).
    Removing swm181_uart.o(i.UART_CTSLineState), (12 bytes).
    Removing swm181_uart.o(i.UART_Close), (12 bytes).
    Removing swm181_uart.o(i.UART_GetBaudrate), (28 bytes).
    Removing swm181_uart.o(i.UART_INTRXThresholdDis), (10 bytes).
    Removing swm181_uart.o(i.UART_INTRXThresholdEn), (10 bytes).
    Removing swm181_uart.o(i.UART_INTRXThresholdStat), (14 bytes).
    Removing swm181_uart.o(i.UART_INTTXDoneDis), (10 bytes).
    Removing swm181_uart.o(i.UART_INTTXDoneEn), (10 bytes).
    Removing swm181_uart.o(i.UART_INTTXDoneStat), (14 bytes).
    Removing swm181_uart.o(i.UART_INTTXThresholdDis), (10 bytes).
    Removing swm181_uart.o(i.UART_INTTXThresholdEn), (10 bytes).
    Removing swm181_uart.o(i.UART_INTTXThresholdStat), (14 bytes).
    Removing swm181_uart.o(i.UART_INTTimeoutDis), (12 bytes).
    Removing swm181_uart.o(i.UART_INTTimeoutEn), (12 bytes).
    Removing swm181_uart.o(i.UART_INTTimeoutStat), (14 bytes).
    Removing swm181_uart.o(i.UART_Init), (268 bytes).
    Removing swm181_uart.o(i.UART_IsRXFIFOEmpty), (12 bytes).
    Removing swm181_uart.o(i.UART_IsTXBusy), (14 bytes).
    Removing swm181_uart.o(i.UART_IsTXFIFOFull), (12 bytes).
    Removing swm181_uart.o(i.UART_LINConfig), (22 bytes).
    Removing swm181_uart.o(i.UART_LINGenerate), (10 bytes).
    Removing swm181_uart.o(i.UART_LINIsDetected), (12 bytes).
    Removing swm181_uart.o(i.UART_LINIsGenerated), (12 bytes).
    Removing swm181_uart.o(i.UART_Open), (12 bytes).
    Removing swm181_uart.o(i.UART_RTSConfig), (28 bytes).
    Removing swm181_uart.o(i.UART_RTSLineState), (14 bytes).
    Removing swm181_uart.o(i.UART_ReadByte), (28 bytes).
    Removing swm181_uart.o(i.UART_SetBaudrate), (40 bytes).
    Removing swm181_uart.o(i.UART_WriteByte), (4 bytes).
    Removing system_swm181.o(.rev16_text), (4 bytes).
    Removing system_swm181.o(.revsh_text), (4 bytes).

222 unused section(s) (total 8526 bytes) removed from the image.

==============================================================================

Image Symbol Table

    Local Symbols

    Symbol Name                              Value     Ov Type        Size  Object(Section)

    RESET                                    0x00000000   Section      192  startup_swm181.o(RESET)
    ../clib/angel/boardlib.s                 0x00000000   Number         0  boardinit1.o ABSOLUTE
    ../clib/angel/boardlib.s                 0x00000000   Number         0  boardinit2.o ABSOLUTE
    ../clib/angel/boardlib.s                 0x00000000   Number         0  boardshut.o ABSOLUTE
    ../clib/angel/boardlib.s                 0x00000000   Number         0  boardinit3.o ABSOLUTE
    ../clib/angel/handlers.s                 0x00000000   Number         0  __scatter_copy.o ABSOLUTE
    ../clib/angel/handlers.s                 0x00000000   Number         0  __scatter_zi.o ABSOLUTE
    ../clib/angel/kernel.s                   0x00000000   Number         0  rtexit2.o ABSOLUTE
    ../clib/angel/kernel.s                   0x00000000   Number         0  __rtentry2.o ABSOLUTE
    ../clib/angel/kernel.s                   0x00000000   Number         0  rtexit.o ABSOLUTE
    ../clib/angel/kernel.s                   0x00000000   Number         0  __rtentry4.o ABSOLUTE
    ../clib/angel/kernel.s                   0x00000000   Number         0  __rtentry.o ABSOLUTE
    ../clib/angel/rt.s                       0x00000000   Number         0  aeabi_idiv0_sigfpe.o ABSOLUTE
    ../clib/angel/rt.s                       0x00000000   Number         0  rt_div0.o ABSOLUTE
    ../clib/angel/rt.s                       0x00000000   Number         0  rt_ctype_table.o ABSOLUTE
    ../clib/angel/rt.s                       0x00000000   Number         0  rt_locale.o ABSOLUTE
    ../clib/angel/rt.s                       0x00000000   Number         0  rt_locale_intlibspace.o ABSOLUTE
    ../clib/angel/rt.s                       0x00000000   Number         0  rt_raise.o ABSOLUTE
    ../clib/angel/rt.s                       0x00000000   Number         0  aeabi_idiv0.o ABSOLUTE
    ../clib/angel/scatterp.s                 0x00000000   Number         0  __scatter.o ABSOLUTE
    ../clib/angel/startup.s                  0x00000000   Number         0  __main.o ABSOLUTE
    ../clib/angel/sys.s                      0x00000000   Number         0  use_no_semi.o ABSOLUTE
    ../clib/angel/sys.s                      0x00000000   Number         0  sys_stackheap_outer.o ABSOLUTE
    ../clib/angel/sys.s                      0x00000000   Number         0  libspace.o ABSOLUTE
    ../clib/angel/sys.s                      0x00000000   Number         0  tempstk.o ABSOLUTE
    ../clib/angel/sys.s                      0x00000000   Number         0  indicate_semi.o ABSOLUTE
    ../clib/angel/sysapp.c                   0x00000000   Number         0  sys_wrch.o ABSOLUTE
    ../clib/angel/sysapp.c                   0x00000000   Number         0  sys_exit.o ABSOLUTE
    ../clib/angel/sysapp.c                   0x00000000   Number         0  sys_command.o ABSOLUTE
    ../clib/armsys.c                         0x00000000   Number         0  no_argv.o ABSOLUTE
    ../clib/armsys.c                         0x00000000   Number         0  _get_argv_nomalloc.o ABSOLUTE
    ../clib/armsys.c                         0x00000000   Number         0  argv_veneer.o ABSOLUTE
    ../clib/bigflt.c                         0x00000000   Number         0  bigflt0.o ABSOLUTE
    ../clib/btod.c                           0x00000000   Number         0  btod.o ABSOLUTE
    ../clib/division.c                       0x00000000   Number         0  lludiv10.o ABSOLUTE
    ../clib/division.c                       0x00000000   Number         0  rtudiv10.o ABSOLUTE
    ../clib/division.s                       0x00000000   Number         0  aeabi_sdiv_div0.o ABSOLUTE
    ../clib/division.s                       0x00000000   Number         0  aeabi_sdiv.o ABSOLUTE
    ../clib/heapalloc.c                      0x00000000   Number         0  hrguard.o ABSOLUTE
    ../clib/heapaux.c                        0x00000000   Number         0  heapauxi.o ABSOLUTE
    ../clib/libinit.s                        0x00000000   Number         0  libshutdown.o ABSOLUTE
    ../clib/libinit.s                        0x00000000   Number         0  libinit2.o ABSOLUTE
    ../clib/libinit.s                        0x00000000   Number         0  libshutdown2.o ABSOLUTE
    ../clib/libinit.s                        0x00000000   Number         0  libinit.o ABSOLUTE
    ../clib/locale.c                         0x00000000   Number         0  _wcrtomb.o ABSOLUTE
    ../clib/locale.s                         0x00000000   Number         0  lc_ctype_c.o ABSOLUTE
    ../clib/locale.s                         0x00000000   Number         0  lc_numeric_c.o ABSOLUTE
    ../clib/misc.s                           0x00000000   Number         0  printf_stubs.o ABSOLUTE
    ../clib/printf.c                         0x00000000   Number         0  _snputc.o ABSOLUTE
    ../clib/printf.c                         0x00000000   Number         0  _printf_wctomb.o ABSOLUTE
    ../clib/printf.c                         0x00000000   Number         0  _printf_longlong_dec.o ABSOLUTE
    ../clib/printf.c                         0x00000000   Number         0  _printf_oct_ll.o ABSOLUTE
    ../clib/printf.c                         0x00000000   Number         0  _printf_oct_int.o ABSOLUTE
    ../clib/printf.c                         0x00000000   Number         0  _printf_oct_int_ll.o ABSOLUTE
    ../clib/printf.c                         0x00000000   Number         0  _printf_hex_ll.o ABSOLUTE
    ../clib/printf.c                         0x00000000   Number         0  _printf_hex_int.o ABSOLUTE
    ../clib/printf.c                         0x00000000   Number         0  _printf_hex_int_ll.o ABSOLUTE
    ../clib/printf.c                         0x00000000   Number         0  _printf_hex_ptr.o ABSOLUTE
    ../clib/printf.c                         0x00000000   Number         0  _printf_hex_int_ptr.o ABSOLUTE
    ../clib/printf.c                         0x00000000   Number         0  _printf_hex_int_ll_ptr.o ABSOLUTE
    ../clib/printf.c                         0x00000000   Number         0  __printf_flags.o ABSOLUTE
    ../clib/printf.c                         0x00000000   Number         0  __printf_ss.o ABSOLUTE
    ../clib/printf.c                         0x00000000   Number         0  __printf_flags_ss.o ABSOLUTE
    ../clib/printf.c                         0x00000000   Number         0  _sputc.o ABSOLUTE
    ../clib/printf.c                         0x00000000   Number         0  __printf_wp.o ABSOLUTE
    ../clib/printf.c                         0x00000000   Number         0  __printf_flags_wp.o ABSOLUTE
    ../clib/printf.c                         0x00000000   Number         0  __printf_ss_wp.o ABSOLUTE
    ../clib/printf.c                         0x00000000   Number         0  __printf_flags_ss_wp.o ABSOLUTE
    ../clib/printf.c                         0x00000000   Number         0  _printf_fp_infnan.o ABSOLUTE
    ../clib/printf.c                         0x00000000   Number         0  _printf_wchar.o ABSOLUTE
    ../clib/printf.c                         0x00000000   Number         0  _printf_char.o ABSOLUTE
    ../clib/printf.c                         0x00000000   Number         0  __printf_nopercent.o ABSOLUTE
    ../clib/printf.c                         0x00000000   Number         0  _printf_fp_dec.o ABSOLUTE
    ../clib/printf.c                         0x00000000   Number         0  _printf_intcommon.o ABSOLUTE
    ../clib/printf.c                         0x00000000   Number         0  _printf_hex_ll_ptr.o ABSOLUTE
    ../clib/printf.c                         0x00000000   Number         0  c89vsnprintf.o ABSOLUTE
    ../clib/printf.c                         0x00000000   Number         0  __printf.o ABSOLUTE
    ../clib/printf.c                         0x00000000   Number         0  _printf_pad.o ABSOLUTE
    ../clib/printf.c                         0x00000000   Number         0  _printf_truncate.o ABSOLUTE
    ../clib/printf.c                         0x00000000   Number         0  _printf_str.o ABSOLUTE
    ../clib/printf.c                         0x00000000   Number         0  _printf_dec.o ABSOLUTE
    ../clib/printf.c                         0x00000000   Number         0  _printf_charcount.o ABSOLUTE
    ../clib/printf.c                         0x00000000   Number         0  _printf_char_common.o ABSOLUTE
    ../clib/printf_percent.s                 0x00000000   Number         0  _printf_a.o ABSOLUTE
    ../clib/printf_percent.s                 0x00000000   Number         0  _printf_percent.o ABSOLUTE
    ../clib/printf_percent.s                 0x00000000   Number         0  _printf_llx.o ABSOLUTE
    ../clib/printf_percent.s                 0x00000000   Number         0  _printf_e.o ABSOLUTE
    ../clib/printf_percent.s                 0x00000000   Number         0  _printf_ls.o ABSOLUTE
    ../clib/printf_percent.s                 0x00000000   Number         0  _printf_g.o ABSOLUTE
    ../clib/printf_percent.s                 0x00000000   Number         0  _printf_lc.o ABSOLUTE
    ../clib/printf_percent.s                 0x00000000   Number         0  _printf_l.o ABSOLUTE
    ../clib/printf_percent.s                 0x00000000   Number         0  _printf_llo.o ABSOLUTE
    ../clib/printf_percent.s                 0x00000000   Number         0  _printf_ll.o ABSOLUTE
    ../clib/printf_percent.s                 0x00000000   Number         0  _printf_f.o ABSOLUTE
    ../clib/printf_percent.s                 0x00000000   Number         0  _printf_llu.o ABSOLUTE
    ../clib/printf_percent.s                 0x00000000   Number         0  _printf_c.o ABSOLUTE
    ../clib/printf_percent.s                 0x00000000   Number         0  _printf_s.o ABSOLUTE
    ../clib/printf_percent.s                 0x00000000   Number         0  _printf_n.o ABSOLUTE
    ../clib/printf_percent.s                 0x00000000   Number         0  _printf_x.o ABSOLUTE
    ../clib/printf_percent.s                 0x00000000   Number         0  _printf_p.o ABSOLUTE
    ../clib/printf_percent.s                 0x00000000   Number         0  _printf_o.o ABSOLUTE
    ../clib/printf_percent.s                 0x00000000   Number         0  _printf_i.o ABSOLUTE
    ../clib/printf_percent.s                 0x00000000   Number         0  _printf_percent_end.o ABSOLUTE
    ../clib/printf_percent.s                 0x00000000   Number         0  _printf_d.o ABSOLUTE
    ../clib/printf_percent.s                 0x00000000   Number         0  _printf_lld.o ABSOLUTE
    ../clib/printf_percent.s                 0x00000000   Number         0  _printf_u.o ABSOLUTE
    ../clib/printf_percent.s                 0x00000000   Number         0  _printf_lli.o ABSOLUTE
    ../clib/signal.c                         0x00000000   Number         0  defsig_exit.o ABSOLUTE
    ../clib/signal.c                         0x00000000   Number         0  defsig_cppl_inner.o ABSOLUTE
    ../clib/signal.c                         0x00000000   Number         0  defsig_general.o ABSOLUTE
    ../clib/signal.c                         0x00000000   Number         0  __raise.o ABSOLUTE
    ../clib/signal.c                         0x00000000   Number         0  defsig_fpe_formal.o ABSOLUTE
    ../clib/signal.c                         0x00000000   Number         0  defsig_fpe_inner.o ABSOLUTE
    ../clib/signal.c                         0x00000000   Number         0  defsig_other.o ABSOLUTE
    ../clib/signal.c                         0x00000000   Number         0  defsig_fpe_outer.o ABSOLUTE
    ../clib/signal.c                         0x00000000   Number         0  defsig_stak_inner.o ABSOLUTE
    ../clib/signal.c                         0x00000000   Number         0  defsig_segv_inner.o ABSOLUTE
    ../clib/signal.c                         0x00000000   Number         0  defsig_abrt_inner.o ABSOLUTE
    ../clib/signal.c                         0x00000000   Number         0  defsig_rtred_inner.o ABSOLUTE
    ../clib/signal.c                         0x00000000   Number         0  defsig_rtmem_inner.o ABSOLUTE
    ../clib/signal.c                         0x00000000   Number         0  defsig_rtmem_outer.o ABSOLUTE
    ../clib/signal.c                         0x00000000   Number         0  defsig_rtmem_formal.o ABSOLUTE
    ../clib/signal.c                         0x00000000   Number         0  defsig_pvfn_inner.o ABSOLUTE
    ../clib/signal.s                         0x00000000   Number         0  defsig.o ABSOLUTE
    ../clib/stdlib.c                         0x00000000   Number         0  exit.o ABSOLUTE
    ../clib/string.c                         0x00000000   Number         0  strcmp.o ABSOLUTE
    ../clib/string.c                         0x00000000   Number         0  strlen.o ABSOLUTE
    ../fplib/cfplib/fpinit.c                 0x00000000   Number         0  fpinit.o ABSOLUTE
    ../fplib/cfplib/ieee_status.c            0x00000000   Number         0  ieee_status.o ABSOLUTE
    ../fplib/printf1.s                       0x00000000   Number         0  printf1.o ABSOLUTE
    ../fplib/usenofp.s                       0x00000000   Number         0  usenofp.o ABSOLUTE
    ../mathlib/fpclassify.c                  0x00000000   Number         0  fpclassify.o ABSOLUTE
    Basic\\delay\\delay.c                    0x00000000   Number         0  delay.o ABSOLUTE
    Basic\\uart\\uart.c                      0x00000000   Number         0  uart.o ABSOLUTE
    Basic\delay\delay.c                      0x00000000   Number         0  delay.o ABSOLUTE
    Basic\uart\uart.c                        0x00000000   Number         0  uart.o ABSOLUTE
    D:\Keil uvision5 MDK\Keil uvision5 MDK\ARM\PACK\Synwit\SWM32_DFP\1.20.3\CSL\SWM181\SWM181_StdPeriph_Driver\SWM181_adc.c 0x00000000   Number         0  swm181_adc.o ABSOLUTE
    D:\Keil uvision5 MDK\Keil uvision5 MDK\ARM\PACK\Synwit\SWM32_DFP\1.20.3\CSL\SWM181\SWM181_StdPeriph_Driver\SWM181_dma.c 0x00000000   Number         0  swm181_dma.o ABSOLUTE
    D:\Keil uvision5 MDK\Keil uvision5 MDK\ARM\PACK\Synwit\SWM32_DFP\1.20.3\CSL\SWM181\SWM181_StdPeriph_Driver\SWM181_gpio.c 0x00000000   Number         0  swm181_gpio.o ABSOLUTE
    D:\Keil uvision5 MDK\Keil uvision5 MDK\ARM\PACK\Synwit\SWM32_DFP\1.20.3\CSL\SWM181\SWM181_StdPeriph_Driver\SWM181_i2c.c 0x00000000   Number         0  swm181_i2c.o ABSOLUTE
    D:\Keil uvision5 MDK\Keil uvision5 MDK\ARM\PACK\Synwit\SWM32_DFP\1.20.3\CSL\SWM181\SWM181_StdPeriph_Driver\SWM181_irqmux.c 0x00000000   Number         0  swm181_irqmux.o ABSOLUTE
    D:\Keil uvision5 MDK\Keil uvision5 MDK\ARM\PACK\Synwit\SWM32_DFP\1.20.3\CSL\SWM181\SWM181_StdPeriph_Driver\SWM181_port.c 0x00000000   Number         0  swm181_port.o ABSOLUTE
    D:\Keil uvision5 MDK\Keil uvision5 MDK\ARM\PACK\Synwit\SWM32_DFP\1.20.3\CSL\SWM181\SWM181_StdPeriph_Driver\SWM181_pwm.c 0x00000000   Number         0  swm181_pwm.o ABSOLUTE
    D:\Keil uvision5 MDK\Keil uvision5 MDK\ARM\PACK\Synwit\SWM32_DFP\1.20.3\CSL\SWM181\SWM181_StdPeriph_Driver\SWM181_sdadc.c 0x00000000   Number         0  swm181_sdadc.o ABSOLUTE
    D:\Keil uvision5 MDK\Keil uvision5 MDK\ARM\PACK\Synwit\SWM32_DFP\1.20.3\CSL\SWM181\SWM181_StdPeriph_Driver\SWM181_slcd.c 0x00000000   Number         0  swm181_slcd.o ABSOLUTE
    D:\Keil uvision5 MDK\Keil uvision5 MDK\ARM\PACK\Synwit\SWM32_DFP\1.20.3\CSL\SWM181\SWM181_StdPeriph_Driver\SWM181_spi.c 0x00000000   Number         0  swm181_spi.o ABSOLUTE
    D:\Keil uvision5 MDK\Keil uvision5 MDK\ARM\PACK\Synwit\SWM32_DFP\1.20.3\CSL\SWM181\SWM181_StdPeriph_Driver\SWM181_timr.c 0x00000000   Number         0  swm181_timr.o ABSOLUTE
    D:\Keil uvision5 MDK\Keil uvision5 MDK\ARM\PACK\Synwit\SWM32_DFP\1.20.3\CSL\SWM181\SWM181_StdPeriph_Driver\SWM181_uart.c 0x00000000   Number         0  swm181_uart.o ABSOLUTE
    D:\\Keil uvision5 MDK\\Keil uvision5 MDK\\ARM\\PACK\\Synwit\\SWM32_DFP\\1.20.3\\CSL\\SWM181\\SWM181_StdPeriph_Driver\\SWM181_adc.c 0x00000000   Number         0  swm181_adc.o ABSOLUTE
    D:\\Keil uvision5 MDK\\Keil uvision5 MDK\\ARM\\PACK\\Synwit\\SWM32_DFP\\1.20.3\\CSL\\SWM181\\SWM181_StdPeriph_Driver\\SWM181_dma.c 0x00000000   Number         0  swm181_dma.o ABSOLUTE
    D:\\Keil uvision5 MDK\\Keil uvision5 MDK\\ARM\\PACK\\Synwit\\SWM32_DFP\\1.20.3\\CSL\\SWM181\\SWM181_StdPeriph_Driver\\SWM181_gpio.c 0x00000000   Number         0  swm181_gpio.o ABSOLUTE
    D:\\Keil uvision5 MDK\\Keil uvision5 MDK\\ARM\\PACK\\Synwit\\SWM32_DFP\\1.20.3\\CSL\\SWM181\\SWM181_StdPeriph_Driver\\SWM181_i2c.c 0x00000000   Number         0  swm181_i2c.o ABSOLUTE
    D:\\Keil uvision5 MDK\\Keil uvision5 MDK\\ARM\\PACK\\Synwit\\SWM32_DFP\\1.20.3\\CSL\\SWM181\\SWM181_StdPeriph_Driver\\SWM181_irqmux.c 0x00000000   Number         0  swm181_irqmux.o ABSOLUTE
    D:\\Keil uvision5 MDK\\Keil uvision5 MDK\\ARM\\PACK\\Synwit\\SWM32_DFP\\1.20.3\\CSL\\SWM181\\SWM181_StdPeriph_Driver\\SWM181_port.c 0x00000000   Number         0  swm181_port.o ABSOLUTE
    D:\\Keil uvision5 MDK\\Keil uvision5 MDK\\ARM\\PACK\\Synwit\\SWM32_DFP\\1.20.3\\CSL\\SWM181\\SWM181_StdPeriph_Driver\\SWM181_pwm.c 0x00000000   Number         0  swm181_pwm.o ABSOLUTE
    D:\\Keil uvision5 MDK\\Keil uvision5 MDK\\ARM\\PACK\\Synwit\\SWM32_DFP\\1.20.3\\CSL\\SWM181\\SWM181_StdPeriph_Driver\\SWM181_sdadc.c 0x00000000   Number         0  swm181_sdadc.o ABSOLUTE
    D:\\Keil uvision5 MDK\\Keil uvision5 MDK\\ARM\\PACK\\Synwit\\SWM32_DFP\\1.20.3\\CSL\\SWM181\\SWM181_StdPeriph_Driver\\SWM181_slcd.c 0x00000000   Number         0  swm181_slcd.o ABSOLUTE
    D:\\Keil uvision5 MDK\\Keil uvision5 MDK\\ARM\\PACK\\Synwit\\SWM32_DFP\\1.20.3\\CSL\\SWM181\\SWM181_StdPeriph_Driver\\SWM181_spi.c 0x00000000   Number         0  swm181_spi.o ABSOLUTE
    D:\\Keil uvision5 MDK\\Keil uvision5 MDK\\ARM\\PACK\\Synwit\\SWM32_DFP\\1.20.3\\CSL\\SWM181\\SWM181_StdPeriph_Driver\\SWM181_timr.c 0x00000000   Number         0  swm181_timr.o ABSOLUTE
    D:\\Keil uvision5 MDK\\Keil uvision5 MDK\\ARM\\PACK\\Synwit\\SWM32_DFP\\1.20.3\\CSL\\SWM181\\SWM181_StdPeriph_Driver\\SWM181_uart.c 0x00000000   Number         0  swm181_uart.o ABSOLUTE
    HARDWARE\LED\led.c                       0x00000000   Number         0  led.o ABSOLUTE
    HARDWARE\OLED\oled.c                     0x00000000   Number         0  oled.o ABSOLUTE
    HARDWARE\\LED\\led.c                     0x00000000   Number         0  led.o ABSOLUTE
    HARDWARE\\OLED\\oled.c                   0x00000000   Number         0  oled.o ABSOLUTE
    RTE\Device\SWM181xC\startup_SWM181.s     0x00000000   Number         0  startup_swm181.o ABSOLUTE
    RTE\Device\SWM181xC\system_SWM181.c      0x00000000   Number         0  system_swm181.o ABSOLUTE
    RTE\\Device\\SWM181xC\\system_SWM181.c   0x00000000   Number         0  system_swm181.o ABSOLUTE
    dc.s                                     0x00000000   Number         0  dc.o ABSOLUTE
    main.c                                   0x00000000   Number         0  main.o ABSOLUTE
    main.c                                   0x00000000   Number         0  main.o ABSOLUTE
    !!!main                                  0x000000c0   Section        8  __main.o(!!!main)
    !!!scatter                               0x000000c8   Section       60  __scatter.o(!!!scatter)
    !!handler_copy                           0x00000104   Section       26  __scatter_copy.o(!!handler_copy)
    !!handler_zi                             0x00000120   Section       28  __scatter_zi.o(!!handler_zi)
    .ARM.Collect$$libinit$$00000000          0x0000013c   Section        2  libinit.o(.ARM.Collect$$libinit$$00000000)
    .ARM.Collect$$libinit$$00000002          0x0000013e   Section        0  libinit2.o(.ARM.Collect$$libinit$$00000002)
    .ARM.Collect$$libinit$$00000004          0x0000013e   Section        0  libinit2.o(.ARM.Collect$$libinit$$00000004)
    .ARM.Collect$$libinit$$0000000A          0x0000013e   Section        0  libinit2.o(.ARM.Collect$$libinit$$0000000A)
    .ARM.Collect$$libinit$$0000000C          0x0000013e   Section        0  libinit2.o(.ARM.Collect$$libinit$$0000000C)
    .ARM.Collect$$libinit$$0000000E          0x0000013e   Section        0  libinit2.o(.ARM.Collect$$libinit$$0000000E)
    .ARM.Collect$$libinit$$00000011          0x0000013e   Section        0  libinit2.o(.ARM.Collect$$libinit$$00000011)
    .ARM.Collect$$libinit$$00000013          0x0000013e   Section        0  libinit2.o(.ARM.Collect$$libinit$$00000013)
    .ARM.Collect$$libinit$$00000015          0x0000013e   Section        0  libinit2.o(.ARM.Collect$$libinit$$00000015)
    .ARM.Collect$$libinit$$00000017          0x0000013e   Section        0  libinit2.o(.ARM.Collect$$libinit$$00000017)
    .ARM.Collect$$libinit$$00000019          0x0000013e   Section        0  libinit2.o(.ARM.Collect$$libinit$$00000019)
    .ARM.Collect$$libinit$$0000001B          0x0000013e   Section        0  libinit2.o(.ARM.Collect$$libinit$$0000001B)
    .ARM.Collect$$libinit$$0000001D          0x0000013e   Section        0  libinit2.o(.ARM.Collect$$libinit$$0000001D)
    .ARM.Collect$$libinit$$0000001F          0x0000013e   Section        0  libinit2.o(.ARM.Collect$$libinit$$0000001F)
    .ARM.Collect$$libinit$$00000021          0x0000013e   Section        0  libinit2.o(.ARM.Collect$$libinit$$00000021)
    .ARM.Collect$$libinit$$00000023          0x0000013e   Section        0  libinit2.o(.ARM.Collect$$libinit$$00000023)
    .ARM.Collect$$libinit$$00000025          0x0000013e   Section        0  libinit2.o(.ARM.Collect$$libinit$$00000025)
    .ARM.Collect$$libinit$$0000002C          0x0000013e   Section        0  libinit2.o(.ARM.Collect$$libinit$$0000002C)
    .ARM.Collect$$libinit$$0000002E          0x0000013e   Section        0  libinit2.o(.ARM.Collect$$libinit$$0000002E)
    .ARM.Collect$$libinit$$00000030          0x0000013e   Section        0  libinit2.o(.ARM.Collect$$libinit$$00000030)
    .ARM.Collect$$libinit$$00000032          0x0000013e   Section        0  libinit2.o(.ARM.Collect$$libinit$$00000032)
    .ARM.Collect$$libinit$$00000033          0x0000013e   Section        2  libinit2.o(.ARM.Collect$$libinit$$00000033)
    .ARM.Collect$$libshutdown$$00000000      0x00000140   Section        2  libshutdown.o(.ARM.Collect$$libshutdown$$00000000)
    .ARM.Collect$$libshutdown$$00000002      0x00000142   Section        0  libshutdown2.o(.ARM.Collect$$libshutdown$$00000002)
    .ARM.Collect$$libshutdown$$00000004      0x00000142   Section        0  libshutdown2.o(.ARM.Collect$$libshutdown$$00000004)
    .ARM.Collect$$libshutdown$$00000006      0x00000142   Section        0  libshutdown2.o(.ARM.Collect$$libshutdown$$00000006)
    .ARM.Collect$$libshutdown$$00000009      0x00000142   Section        0  libshutdown2.o(.ARM.Collect$$libshutdown$$00000009)
    .ARM.Collect$$libshutdown$$0000000C      0x00000142   Section        0  libshutdown2.o(.ARM.Collect$$libshutdown$$0000000C)
    .ARM.Collect$$libshutdown$$0000000E      0x00000142   Section        0  libshutdown2.o(.ARM.Collect$$libshutdown$$0000000E)
    .ARM.Collect$$libshutdown$$00000011      0x00000142   Section        0  libshutdown2.o(.ARM.Collect$$libshutdown$$00000011)
    .ARM.Collect$$libshutdown$$00000012      0x00000142   Section        2  libshutdown2.o(.ARM.Collect$$libshutdown$$00000012)
    .ARM.Collect$$rtentry$$00000000          0x00000144   Section        0  __rtentry.o(.ARM.Collect$$rtentry$$00000000)
    .ARM.Collect$$rtentry$$00000002          0x00000144   Section        0  __rtentry2.o(.ARM.Collect$$rtentry$$00000002)
    .ARM.Collect$$rtentry$$00000004          0x00000144   Section        6  __rtentry4.o(.ARM.Collect$$rtentry$$00000004)
    .ARM.Collect$$rtentry$$00000009          0x0000014a   Section        0  __rtentry2.o(.ARM.Collect$$rtentry$$00000009)
    .ARM.Collect$$rtentry$$0000000A          0x0000014a   Section        4  __rtentry2.o(.ARM.Collect$$rtentry$$0000000A)
    .ARM.Collect$$rtentry$$0000000C          0x0000014e   Section        0  __rtentry2.o(.ARM.Collect$$rtentry$$0000000C)
    .ARM.Collect$$rtentry$$0000000D          0x0000014e   Section        8  __rtentry2.o(.ARM.Collect$$rtentry$$0000000D)
    .ARM.Collect$$rtexit$$00000000           0x00000156   Section        2  rtexit.o(.ARM.Collect$$rtexit$$00000000)
    .ARM.Collect$$rtexit$$00000002           0x00000158   Section        0  rtexit2.o(.ARM.Collect$$rtexit$$00000002)
    .ARM.Collect$$rtexit$$00000003           0x00000158   Section        4  rtexit2.o(.ARM.Collect$$rtexit$$00000003)
    .ARM.Collect$$rtexit$$00000004           0x0000015c   Section        6  rtexit2.o(.ARM.Collect$$rtexit$$00000004)
    .text                                    0x00000164   Section      112  startup_swm181.o(.text)
    .text                                    0x000001d4   Section      346  aeabi_sdiv.o(.text)
    .text                                    0x0000032e   Section        0  heapauxi.o(.text)
    .text                                    0x00000334   Section       62  sys_stackheap_outer.o(.text)
    .text                                    0x00000372   Section        0  exit.o(.text)
    .text                                    0x00000384   Section        8  libspace.o(.text)
    .text                                    0x0000038c   Section        0  sys_exit.o(.text)
    .text                                    0x00000398   Section        2  use_no_semi.o(.text)
    .text                                    0x0000039a   Section        0  indicate_semi.o(.text)
    i.GPIO_ClrBit                            0x0000039a   Section        0  swm181_gpio.o(i.GPIO_ClrBit)
    i.GPIO_Init                              0x000003a8   Section        0  swm181_gpio.o(i.GPIO_Init)
    i.GPIO_InvBit                            0x00000500   Section        0  swm181_gpio.o(i.GPIO_InvBit)
    i.GPIO_SetBit                            0x0000050c   Section        0  swm181_gpio.o(i.GPIO_SetBit)
    i.I2C_WaitAck                            0x00000518   Section        0  oled.o(i.I2C_WaitAck)
    i.I2c_Start                              0x00000530   Section        0  oled.o(i.I2c_Start)
    i.I2c_Stop                               0x00000558   Section        0  oled.o(i.I2c_Stop)
    i.Led_Init                               0x00000578   Section        0  led.o(i.Led_Init)
    i.OLED_Clear                             0x000005b8   Section        0  oled.o(i.OLED_Clear)
    i.OLED_DrawPoint                         0x000005e8   Section        0  oled.o(i.OLED_DrawPoint)
    i.OLED_Init                              0x00000654   Section        0  oled.o(i.OLED_Init)
    i.OLED_Refresh_Gram                      0x0000074c   Section        0  oled.o(i.OLED_Refresh_Gram)
    i.OLED_ShowChar                          0x00000798   Section        0  oled.o(i.OLED_ShowChar)
    i.OLED_ShowString                        0x00000894   Section        0  oled.o(i.OLED_ShowString)
    i.OLED_WR_Byte                           0x000008f2   Section        0  oled.o(i.OLED_WR_Byte)
    i.PORT_Init                              0x0000092c   Section        0  swm181_port.o(i.PORT_Init)
    i.Send_Byte                              0x00000bdc   Section        0  oled.o(i.Send_Byte)
    i.SysTick_Handler                        0x00000c28   Section        0  main.o(i.SysTick_Handler)
    i.SystemCoreClockUpdate                  0x00000c44   Section        0  system_swm181.o(i.SystemCoreClockUpdate)
    i.SystemInit                             0x00000ce4   Section        0  system_swm181.o(i.SystemInit)
    i.__ARM_common_switch8                   0x00000db0   Section        0  swm181_dma.o(i.__ARM_common_switch8)
    i.__NVIC_SetPriority                     0x00000dcc   Section        0  main.o(i.__NVIC_SetPriority)
    __NVIC_SetPriority                       0x00000dcd   Thumb Code   110  main.o(i.__NVIC_SetPriority)
    i.delay_ms                               0x00000e44   Section        0  delay.o(i.delay_ms)
    i.delay_s                                0x00000e5e   Section        0  delay.o(i.delay_s)
    i.delay_us                               0x00000e78   Section        0  delay.o(i.delay_us)
    i.main                                   0x00000ec4   Section        0  main.o(i.main)
    i.switchToRC12MHz                        0x00000f68   Section        0  system_swm181.o(i.switchToRC12MHz)
    i.switchToRC24MHz                        0x00000f90   Section        0  system_swm181.o(i.switchToRC24MHz)
    i.switchToRC32KHz                        0x00000fb4   Section        0  system_swm181.o(i.switchToRC32KHz)
    i.switchToRC48MHz                        0x00000fdc   Section        0  system_swm181.o(i.switchToRC48MHz)
    i.switchToRC6MHz                         0x00001004   Section        0  system_swm181.o(i.switchToRC6MHz)
    i.switchToXTAL                           0x00001028   Section        0  system_swm181.o(i.switchToXTAL)
    .constdata                               0x0000107c   Section     6080  oled.o(.constdata)
    .data                                    0x20000000   Section        8  system_swm181.o(.data)
    .bss                                     0x20000008   Section     1024  oled.o(.bss)
    .bss                                     0x20000408   Section       96  libspace.o(.bss)
    HEAP                                     0x20000468   Section        0  startup_swm181.o(HEAP)
    STACK                                    0x20000468   Section     1024  startup_swm181.o(STACK)
    Heap_Mem                                 0x20000468   Data           0  startup_swm181.o(HEAP)
    Stack_Mem                                0x20000468   Data        1024  startup_swm181.o(STACK)

    Global Symbols

    Symbol Name                              Value     Ov Type        Size  Object(Section)

    BuildAttributes$$THM_ISAv3M$S$PE$A:L22$X:L11$S22$IEEE1$IW$USESV6$~STKCKD$USESV7$~SHL$OTIME$ROPI$IEEEJ$EBA8$UX$STANDARDLIB$REQ8$PRES8$EABIv2 0x00000000   Number         0  anon$$obj.o ABSOLUTE
    __ARM_use_no_argv                        0x00000000   Number         0  main.o ABSOLUTE
    __Vectors                                0x00000000   Data           4  startup_swm181.o(RESET)
    _printf_flags                            0x00000000   Number         0  printf_stubs.o ABSOLUTE
    _printf_return_value                     0x00000000   Number         0  printf_stubs.o ABSOLUTE
    _printf_sizespec                         0x00000000   Number         0  printf_stubs.o ABSOLUTE
    _printf_widthprec                        0x00000000   Number         0  printf_stubs.o ABSOLUTE
    __ARM_exceptions_init                     - Undefined Weak Reference
    __alloca_initialize                       - Undefined Weak Reference
    __arm_fini_                               - Undefined Weak Reference
    __arm_preinit_                            - Undefined Weak Reference
    __cpp_initialize__aeabi_                  - Undefined Weak Reference
    __cxa_finalize                            - Undefined Weak Reference
    __sigvec_lookup                           - Undefined Weak Reference
    _atexit_init                              - Undefined Weak Reference
    _call_atexit_fns                          - Undefined Weak Reference
    _clock_init                               - Undefined Weak Reference
    _fp_trap_init                             - Undefined Weak Reference
    _fp_trap_shutdown                         - Undefined Weak Reference
    _get_lc_collate                           - Undefined Weak Reference
    _get_lc_monetary                          - Undefined Weak Reference
    _get_lc_time                              - Undefined Weak Reference
    _getenv_init                              - Undefined Weak Reference
    _handle_redirection                       - Undefined Weak Reference
    _init_alloc                               - Undefined Weak Reference
    _init_user_alloc                          - Undefined Weak Reference
    _initio                                   - Undefined Weak Reference
    _printf_fp_hex                            - Undefined Weak Reference
    _printf_mbtowc                            - Undefined Weak Reference
    _printf_wc                                - Undefined Weak Reference
    _rand_init                                - Undefined Weak Reference
    _signal_finish                            - Undefined Weak Reference
    _signal_init                              - Undefined Weak Reference
    _terminate_alloc                          - Undefined Weak Reference
    _terminate_user_alloc                     - Undefined Weak Reference
    _terminateio                              - Undefined Weak Reference
    __Vectors_End                            0x000000c0   Data           0  startup_swm181.o(RESET)
    __Vectors_Size                           0x000000c0   Number         0  startup_swm181.o ABSOLUTE
    __main                                   0x000000c1   Thumb Code     8  __main.o(!!!main)
    __scatterload                            0x000000c9   Thumb Code     0  __scatter.o(!!!scatter)
    __scatterload_rt2                        0x000000c9   Thumb Code    52  __scatter.o(!!!scatter)
    __scatterload_rt2_thumb_only             0x000000c9   Thumb Code     0  __scatter.o(!!!scatter)
    __scatterload_null                       0x000000d9   Thumb Code     0  __scatter.o(!!!scatter)
    __scatterload_copy                       0x00000105   Thumb Code    26  __scatter_copy.o(!!handler_copy)
    __scatterload_zeroinit                   0x00000121   Thumb Code    28  __scatter_zi.o(!!handler_zi)
    __rt_lib_init                            0x0000013d   Thumb Code     0  libinit.o(.ARM.Collect$$libinit$$00000000)
    __rt_lib_init_alloca_1                   0x0000013f   Thumb Code     0  libinit2.o(.ARM.Collect$$libinit$$0000002E)
    __rt_lib_init_argv_1                     0x0000013f   Thumb Code     0  libinit2.o(.ARM.Collect$$libinit$$0000002C)
    __rt_lib_init_atexit_1                   0x0000013f   Thumb Code     0  libinit2.o(.ARM.Collect$$libinit$$0000001B)
    __rt_lib_init_clock_1                    0x0000013f   Thumb Code     0  libinit2.o(.ARM.Collect$$libinit$$00000021)
    __rt_lib_init_cpp_1                      0x0000013f   Thumb Code     0  libinit2.o(.ARM.Collect$$libinit$$00000032)
    __rt_lib_init_exceptions_1               0x0000013f   Thumb Code     0  libinit2.o(.ARM.Collect$$libinit$$00000030)
    __rt_lib_init_fp_1                       0x0000013f   Thumb Code     0  libinit2.o(.ARM.Collect$$libinit$$00000002)
    __rt_lib_init_fp_trap_1                  0x0000013f   Thumb Code     0  libinit2.o(.ARM.Collect$$libinit$$0000001F)
    __rt_lib_init_getenv_1                   0x0000013f   Thumb Code     0  libinit2.o(.ARM.Collect$$libinit$$00000023)
    __rt_lib_init_heap_1                     0x0000013f   Thumb Code     0  libinit2.o(.ARM.Collect$$libinit$$0000000A)
    __rt_lib_init_lc_collate_1               0x0000013f   Thumb Code     0  libinit2.o(.ARM.Collect$$libinit$$00000011)
    __rt_lib_init_lc_ctype_1                 0x0000013f   Thumb Code     0  libinit2.o(.ARM.Collect$$libinit$$00000013)
    __rt_lib_init_lc_monetary_1              0x0000013f   Thumb Code     0  libinit2.o(.ARM.Collect$$libinit$$00000015)
    __rt_lib_init_lc_numeric_1               0x0000013f   Thumb Code     0  libinit2.o(.ARM.Collect$$libinit$$00000017)
    __rt_lib_init_lc_time_1                  0x0000013f   Thumb Code     0  libinit2.o(.ARM.Collect$$libinit$$00000019)
    __rt_lib_init_preinit_1                  0x0000013f   Thumb Code     0  libinit2.o(.ARM.Collect$$libinit$$00000004)
    __rt_lib_init_rand_1                     0x0000013f   Thumb Code     0  libinit2.o(.ARM.Collect$$libinit$$0000000E)
    __rt_lib_init_return                     0x0000013f   Thumb Code     0  libinit2.o(.ARM.Collect$$libinit$$00000033)
    __rt_lib_init_signal_1                   0x0000013f   Thumb Code     0  libinit2.o(.ARM.Collect$$libinit$$0000001D)
    __rt_lib_init_stdio_1                    0x0000013f   Thumb Code     0  libinit2.o(.ARM.Collect$$libinit$$00000025)
    __rt_lib_init_user_alloc_1               0x0000013f   Thumb Code     0  libinit2.o(.ARM.Collect$$libinit$$0000000C)
    __rt_lib_shutdown                        0x00000141   Thumb Code     0  libshutdown.o(.ARM.Collect$$libshutdown$$00000000)
    __rt_lib_shutdown_cpp_1                  0x00000143   Thumb Code     0  libshutdown2.o(.ARM.Collect$$libshutdown$$00000004)
    __rt_lib_shutdown_fini_1                 0x00000143   Thumb Code     0  libshutdown2.o(.ARM.Collect$$libshutdown$$00000002)
    __rt_lib_shutdown_fp_trap_1              0x00000143   Thumb Code     0  libshutdown2.o(.ARM.Collect$$libshutdown$$00000009)
    __rt_lib_shutdown_heap_1                 0x00000143   Thumb Code     0  libshutdown2.o(.ARM.Collect$$libshutdown$$00000011)
    __rt_lib_shutdown_return                 0x00000143   Thumb Code     0  libshutdown2.o(.ARM.Collect$$libshutdown$$00000012)
    __rt_lib_shutdown_signal_1               0x00000143   Thumb Code     0  libshutdown2.o(.ARM.Collect$$libshutdown$$0000000C)
    __rt_lib_shutdown_stdio_1                0x00000143   Thumb Code     0  libshutdown2.o(.ARM.Collect$$libshutdown$$00000006)
    __rt_lib_shutdown_user_alloc_1           0x00000143   Thumb Code     0  libshutdown2.o(.ARM.Collect$$libshutdown$$0000000E)
    __rt_entry                               0x00000145   Thumb Code     0  __rtentry.o(.ARM.Collect$$rtentry$$00000000)
    __rt_entry_presh_1                       0x00000145   Thumb Code     0  __rtentry2.o(.ARM.Collect$$rtentry$$00000002)
    __rt_entry_sh                            0x00000145   Thumb Code     0  __rtentry4.o(.ARM.Collect$$rtentry$$00000004)
    __rt_entry_li                            0x0000014b   Thumb Code     0  __rtentry2.o(.ARM.Collect$$rtentry$$0000000A)
    __rt_entry_postsh_1                      0x0000014b   Thumb Code     0  __rtentry2.o(.ARM.Collect$$rtentry$$00000009)
    __rt_entry_main                          0x0000014f   Thumb Code     0  __rtentry2.o(.ARM.Collect$$rtentry$$0000000D)
    __rt_entry_postli_1                      0x0000014f   Thumb Code     0  __rtentry2.o(.ARM.Collect$$rtentry$$0000000C)
    __rt_exit                                0x00000157   Thumb Code     0  rtexit.o(.ARM.Collect$$rtexit$$00000000)
    __rt_exit_ls                             0x00000159   Thumb Code     0  rtexit2.o(.ARM.Collect$$rtexit$$00000003)
    __rt_exit_prels_1                        0x00000159   Thumb Code     0  rtexit2.o(.ARM.Collect$$rtexit$$00000002)
    __rt_exit_exit                           0x0000015d   Thumb Code     0  rtexit2.o(.ARM.Collect$$rtexit$$00000004)
    Reset_Handler                            0x00000165   Thumb Code     4  startup_swm181.o(.text)
    NMI_Handler                              0x00000169   Thumb Code     2  startup_swm181.o(.text)
    HardFault_Handler                        0x0000016b   Thumb Code     2  startup_swm181.o(.text)
    SVC_Handler                              0x0000016d   Thumb Code     2  startup_swm181.o(.text)
    PendSV_Handler                           0x0000016f   Thumb Code     2  startup_swm181.o(.text)
    IRQ0_Handler                             0x00000173   Thumb Code     2  startup_swm181.o(.text)
    IRQ1_Handler                             0x00000175   Thumb Code     2  startup_swm181.o(.text)
    IRQ2_Handler                             0x00000177   Thumb Code     2  startup_swm181.o(.text)
    IRQ3_Handler                             0x00000179   Thumb Code     2  startup_swm181.o(.text)
    IRQ4_Handler                             0x0000017b   Thumb Code     2  startup_swm181.o(.text)
    IRQ5_Handler                             0x0000017d   Thumb Code     2  startup_swm181.o(.text)
    IRQ6_Handler                             0x0000017f   Thumb Code     2  startup_swm181.o(.text)
    IRQ7_Handler                             0x00000181   Thumb Code     2  startup_swm181.o(.text)
    IRQ8_Handler                             0x00000183   Thumb Code     2  startup_swm181.o(.text)
    IRQ9_Handler                             0x00000185   Thumb Code     2  startup_swm181.o(.text)
    IRQ10_Handler                            0x00000187   Thumb Code     2  startup_swm181.o(.text)
    IRQ11_Handler                            0x00000189   Thumb Code     2  startup_swm181.o(.text)
    IRQ12_Handler                            0x0000018b   Thumb Code     2  startup_swm181.o(.text)
    IRQ13_Handler                            0x0000018d   Thumb Code     2  startup_swm181.o(.text)
    IRQ14_Handler                            0x0000018f   Thumb Code     2  startup_swm181.o(.text)
    IRQ15_Handler                            0x00000191   Thumb Code     2  startup_swm181.o(.text)
    IRQ16_Handler                            0x00000193   Thumb Code     2  startup_swm181.o(.text)
    IRQ17_Handler                            0x00000195   Thumb Code     2  startup_swm181.o(.text)
    IRQ18_Handler                            0x00000197   Thumb Code     2  startup_swm181.o(.text)
    IRQ19_Handler                            0x00000199   Thumb Code     2  startup_swm181.o(.text)
    IRQ20_Handler                            0x0000019b   Thumb Code     2  startup_swm181.o(.text)
    IRQ21_Handler                            0x0000019d   Thumb Code     2  startup_swm181.o(.text)
    IRQ22_Handler                            0x0000019f   Thumb Code     2  startup_swm181.o(.text)
    IRQ23_Handler                            0x000001a1   Thumb Code     2  startup_swm181.o(.text)
    IRQ24_Handler                            0x000001a3   Thumb Code     2  startup_swm181.o(.text)
    IRQ25_Handler                            0x000001a5   Thumb Code     2  startup_swm181.o(.text)
    IRQ26_Handler                            0x000001a7   Thumb Code     2  startup_swm181.o(.text)
    IRQ27_Handler                            0x000001a9   Thumb Code     2  startup_swm181.o(.text)
    IRQ28_Handler                            0x000001ad   Thumb Code     2  startup_swm181.o(.text)
    IRQ29_Handler                            0x000001b1   Thumb Code     2  startup_swm181.o(.text)
    IRQ30_Handler                            0x000001b3   Thumb Code     2  startup_swm181.o(.text)
    IRQ31_Handler                            0x000001b5   Thumb Code     2  startup_swm181.o(.text)
    __user_initial_stackheap                 0x000001b9   Thumb Code     0  startup_swm181.o(.text)
    __aeabi_uidiv                            0x000001d5   Thumb Code     0  aeabi_sdiv.o(.text)
    __aeabi_uidivmod                         0x000001d5   Thumb Code    20  aeabi_sdiv.o(.text)
    __aeabi_idiv                             0x000001e9   Thumb Code     0  aeabi_sdiv.o(.text)
    __aeabi_idivmod                          0x000001e9   Thumb Code   326  aeabi_sdiv.o(.text)
    __use_two_region_memory                  0x0000032f   Thumb Code     2  heapauxi.o(.text)
    __rt_heap_escrow$2region                 0x00000331   Thumb Code     2  heapauxi.o(.text)
    __rt_heap_expand$2region                 0x00000333   Thumb Code     2  heapauxi.o(.text)
    __user_setup_stackheap                   0x00000335   Thumb Code    62  sys_stackheap_outer.o(.text)
    exit                                     0x00000373   Thumb Code    16  exit.o(.text)
    __user_libspace                          0x00000385   Thumb Code     8  libspace.o(.text)
    __user_perproc_libspace                  0x00000385   Thumb Code     0  libspace.o(.text)
    __user_perthread_libspace                0x00000385   Thumb Code     0  libspace.o(.text)
    _sys_exit                                0x0000038d   Thumb Code     8  sys_exit.o(.text)
    __I$use$semihosting                      0x00000399   Thumb Code     0  use_no_semi.o(.text)
    __use_no_semihosting_swi                 0x00000399   Thumb Code     2  use_no_semi.o(.text)
    GPIO_ClrBit                              0x0000039b   Thumb Code    12  swm181_gpio.o(i.GPIO_ClrBit)
    __semihosting_library_function           0x0000039b   Thumb Code     0  indicate_semi.o(.text)
    GPIO_Init                                0x000003a9   Thumb Code   332  swm181_gpio.o(i.GPIO_Init)
    GPIO_InvBit                              0x00000501   Thumb Code    12  swm181_gpio.o(i.GPIO_InvBit)
    GPIO_SetBit                              0x0000050d   Thumb Code    12  swm181_gpio.o(i.GPIO_SetBit)
    I2C_WaitAck                              0x00000519   Thumb Code    20  oled.o(i.I2C_WaitAck)
    I2c_Start                                0x00000531   Thumb Code    36  oled.o(i.I2c_Start)
    I2c_Stop                                 0x00000559   Thumb Code    28  oled.o(i.I2c_Stop)
    Led_Init                                 0x00000579   Thumb Code    56  led.o(i.Led_Init)
    OLED_Clear                               0x000005b9   Thumb Code    42  oled.o(i.OLED_Clear)
    OLED_DrawPoint                           0x000005e9   Thumb Code   102  oled.o(i.OLED_DrawPoint)
    OLED_Init                                0x00000655   Thumb Code   244  oled.o(i.OLED_Init)
    OLED_Refresh_Gram                        0x0000074d   Thumb Code    70  oled.o(i.OLED_Refresh_Gram)
    OLED_ShowChar                            0x00000799   Thumb Code   238  oled.o(i.OLED_ShowChar)
    OLED_ShowString                          0x00000895   Thumb Code    94  oled.o(i.OLED_ShowString)
    OLED_WR_Byte                             0x000008f3   Thumb Code    58  oled.o(i.OLED_WR_Byte)
    PORT_Init                                0x0000092d   Thumb Code   678  swm181_port.o(i.PORT_Init)
    Send_Byte                                0x00000bdd   Thumb Code    72  oled.o(i.Send_Byte)
    SysTick_Handler                          0x00000c29   Thumb Code    20  main.o(i.SysTick_Handler)
    SystemCoreClockUpdate                    0x00000c45   Thumb Code   128  system_swm181.o(i.SystemCoreClockUpdate)
    SystemInit                               0x00000ce5   Thumb Code   198  system_swm181.o(i.SystemInit)
    __ARM_common_switch8                     0x00000db1   Thumb Code    28  swm181_dma.o(i.__ARM_common_switch8)
    delay_ms                                 0x00000e45   Thumb Code    26  delay.o(i.delay_ms)
    delay_s                                  0x00000e5f   Thumb Code    26  delay.o(i.delay_s)
    delay_us                                 0x00000e79   Thumb Code    64  delay.o(i.delay_us)
    main                                     0x00000ec5   Thumb Code   134  main.o(i.main)
    switchToRC12MHz                          0x00000f69   Thumb Code    34  system_swm181.o(i.switchToRC12MHz)
    switchToRC24MHz                          0x00000f91   Thumb Code    32  system_swm181.o(i.switchToRC24MHz)
    switchToRC32KHz                          0x00000fb5   Thumb Code    34  system_swm181.o(i.switchToRC32KHz)
    switchToRC48MHz                          0x00000fdd   Thumb Code    34  system_swm181.o(i.switchToRC48MHz)
    switchToRC6MHz                           0x00001005   Thumb Code    32  system_swm181.o(i.switchToRC6MHz)
    switchToXTAL                             0x00001029   Thumb Code    72  system_swm181.o(i.switchToXTAL)
    asc2_1206                                0x0000107c   Data        1140  oled.o(.constdata)
    asc2_1608                                0x000014f0   Data        1520  oled.o(.constdata)
    asc2_2412                                0x00001ae0   Data        3420  oled.o(.constdata)
    Region$$Table$$Base                      0x0000283c   Number         0  anon$$obj.o(Region$$Table)
    Region$$Table$$Limit                     0x0000285c   Number         0  anon$$obj.o(Region$$Table)
    SystemCoreClock                          0x20000000   Data           4  system_swm181.o(.data)
    CyclesPerUs                              0x20000004   Data           4  system_swm181.o(.data)
    OLED_GRAM                                0x20000008   Data        1024  oled.o(.bss)
    __libspace_start                         0x20000408   Data          96  libspace.o(.bss)
    __temporary_stack_top$libspace           0x20000468   Data           0  libspace.o(.bss)



==============================================================================

Memory Map of the image

  Image Entry point : 0x000000c1

  Load Region LR_IROM1 (Base: 0x00000000, Size: 0x00002864, Max: 0x0003e000, ABSOLUTE)

    Execution Region ER_IROM1 (Base: 0x00000000, Size: 0x0000285c, Max: 0x0003e000, ABSOLUTE)

    Base Addr    Size         Type   Attr      Idx    E Section Name        Object

    0x00000000   0x000000c0   Data   RO         1628    RESET               startup_swm181.o
    0x000000c0   0x00000008   Code   RO         1713  * !!!main             c_p.l(__main.o)
    0x000000c8   0x0000003c   Code   RO         2025    !!!scatter          c_p.l(__scatter.o)
    0x00000104   0x0000001a   Code   RO         2027    !!handler_copy      c_p.l(__scatter_copy.o)
    0x0000011e   0x00000002   PAD
    0x00000120   0x0000001c   Code   RO         2029    !!handler_zi        c_p.l(__scatter_zi.o)
    0x0000013c   0x00000002   Code   RO         1882    .ARM.Collect$$libinit$$00000000  c_p.l(libinit.o)
    0x0000013e   0x00000000   Code   RO         1906    .ARM.Collect$$libinit$$00000002  c_p.l(libinit2.o)
    0x0000013e   0x00000000   Code   RO         1908    .ARM.Collect$$libinit$$00000004  c_p.l(libinit2.o)
    0x0000013e   0x00000000   Code   RO         1911    .ARM.Collect$$libinit$$0000000A  c_p.l(libinit2.o)
    0x0000013e   0x00000000   Code   RO         1913    .ARM.Collect$$libinit$$0000000C  c_p.l(libinit2.o)
    0x0000013e   0x00000000   Code   RO         1915    .ARM.Collect$$libinit$$0000000E  c_p.l(libinit2.o)
    0x0000013e   0x00000000   Code   RO         1918    .ARM.Collect$$libinit$$00000011  c_p.l(libinit2.o)
    0x0000013e   0x00000000   Code   RO         1920    .ARM.Collect$$libinit$$00000013  c_p.l(libinit2.o)
    0x0000013e   0x00000000   Code   RO         1922    .ARM.Collect$$libinit$$00000015  c_p.l(libinit2.o)
    0x0000013e   0x00000000   Code   RO         1924    .ARM.Collect$$libinit$$00000017  c_p.l(libinit2.o)
    0x0000013e   0x00000000   Code   RO         1926    .ARM.Collect$$libinit$$00000019  c_p.l(libinit2.o)
    0x0000013e   0x00000000   Code   RO         1928    .ARM.Collect$$libinit$$0000001B  c_p.l(libinit2.o)
    0x0000013e   0x00000000   Code   RO         1930    .ARM.Collect$$libinit$$0000001D  c_p.l(libinit2.o)
    0x0000013e   0x00000000   Code   RO         1932    .ARM.Collect$$libinit$$0000001F  c_p.l(libinit2.o)
    0x0000013e   0x00000000   Code   RO         1934    .ARM.Collect$$libinit$$00000021  c_p.l(libinit2.o)
    0x0000013e   0x00000000   Code   RO         1936    .ARM.Collect$$libinit$$00000023  c_p.l(libinit2.o)
    0x0000013e   0x00000000   Code   RO         1938    .ARM.Collect$$libinit$$00000025  c_p.l(libinit2.o)
    0x0000013e   0x00000000   Code   RO         1942    .ARM.Collect$$libinit$$0000002C  c_p.l(libinit2.o)
    0x0000013e   0x00000000   Code   RO         1944    .ARM.Collect$$libinit$$0000002E  c_p.l(libinit2.o)
    0x0000013e   0x00000000   Code   RO         1946    .ARM.Collect$$libinit$$00000030  c_p.l(libinit2.o)
    0x0000013e   0x00000000   Code   RO         1948    .ARM.Collect$$libinit$$00000032  c_p.l(libinit2.o)
    0x0000013e   0x00000002   Code   RO         1949    .ARM.Collect$$libinit$$00000033  c_p.l(libinit2.o)
    0x00000140   0x00000002   Code   RO         1980    .ARM.Collect$$libshutdown$$00000000  c_p.l(libshutdown.o)
    0x00000142   0x00000000   Code   RO         2006    .ARM.Collect$$libshutdown$$00000002  c_p.l(libshutdown2.o)
    0x00000142   0x00000000   Code   RO         2008    .ARM.Collect$$libshutdown$$00000004  c_p.l(libshutdown2.o)
    0x00000142   0x00000000   Code   RO         2010    .ARM.Collect$$libshutdown$$00000006  c_p.l(libshutdown2.o)
    0x00000142   0x00000000   Code   RO         2013    .ARM.Collect$$libshutdown$$00000009  c_p.l(libshutdown2.o)
    0x00000142   0x00000000   Code   RO         2016    .ARM.Collect$$libshutdown$$0000000C  c_p.l(libshutdown2.o)
    0x00000142   0x00000000   Code   RO         2018    .ARM.Collect$$libshutdown$$0000000E  c_p.l(libshutdown2.o)
    0x00000142   0x00000000   Code   RO         2021    .ARM.Collect$$libshutdown$$00000011  c_p.l(libshutdown2.o)
    0x00000142   0x00000002   Code   RO         2022    .ARM.Collect$$libshutdown$$00000012  c_p.l(libshutdown2.o)
    0x00000144   0x00000000   Code   RO         1715    .ARM.Collect$$rtentry$$00000000  c_p.l(__rtentry.o)
    0x00000144   0x00000000   Code   RO         1816    .ARM.Collect$$rtentry$$00000002  c_p.l(__rtentry2.o)
    0x00000144   0x00000006   Code   RO         1828    .ARM.Collect$$rtentry$$00000004  c_p.l(__rtentry4.o)
    0x0000014a   0x00000000   Code   RO         1818    .ARM.Collect$$rtentry$$00000009  c_p.l(__rtentry2.o)
    0x0000014a   0x00000004   Code   RO         1819    .ARM.Collect$$rtentry$$0000000A  c_p.l(__rtentry2.o)
    0x0000014e   0x00000000   Code   RO         1821    .ARM.Collect$$rtentry$$0000000C  c_p.l(__rtentry2.o)
    0x0000014e   0x00000008   Code   RO         1822    .ARM.Collect$$rtentry$$0000000D  c_p.l(__rtentry2.o)
    0x00000156   0x00000002   Code   RO         1892    .ARM.Collect$$rtexit$$00000000  c_p.l(rtexit.o)
    0x00000158   0x00000000   Code   RO         1953    .ARM.Collect$$rtexit$$00000002  c_p.l(rtexit2.o)
    0x00000158   0x00000004   Code   RO         1954    .ARM.Collect$$rtexit$$00000003  c_p.l(rtexit2.o)
    0x0000015c   0x00000006   Code   RO         1955    .ARM.Collect$$rtexit$$00000004  c_p.l(rtexit2.o)
    0x00000162   0x00000002   PAD
    0x00000164   0x00000070   Code   RO         1629    .text               startup_swm181.o
    0x000001d4   0x0000015a   Code   RO         1707    .text               c_p.l(aeabi_sdiv.o)
    0x0000032e   0x00000006   Code   RO         1711    .text               c_p.l(heapauxi.o)
    0x00000334   0x0000003e   Code   RO         1849    .text               c_p.l(sys_stackheap_outer.o)
    0x00000372   0x00000010   Code   RO         1871    .text               c_p.l(exit.o)
    0x00000382   0x00000002   PAD
    0x00000384   0x00000008   Code   RO         1888    .text               c_p.l(libspace.o)
    0x0000038c   0x0000000c   Code   RO         1950    .text               c_p.l(sys_exit.o)
    0x00000398   0x00000002   Code   RO         1969    .text               c_p.l(use_no_semi.o)
    0x0000039a   0x00000000   Code   RO         1971    .text               c_p.l(indicate_semi.o)
    0x0000039a   0x0000000c   Code   RO          568    i.GPIO_ClrBit       swm181_gpio.o
    0x000003a6   0x00000002   PAD
    0x000003a8   0x00000158   Code   RO          572    i.GPIO_Init         swm181_gpio.o
    0x00000500   0x0000000c   Code   RO          573    i.GPIO_InvBit       swm181_gpio.o
    0x0000050c   0x0000000c   Code   RO          575    i.GPIO_SetBit       swm181_gpio.o
    0x00000518   0x00000018   Code   RO          141    i.I2C_WaitAck       oled.o
    0x00000530   0x00000028   Code   RO          142    i.I2c_Start         oled.o
    0x00000558   0x00000020   Code   RO          143    i.I2c_Stop          oled.o
    0x00000578   0x00000040   Code   RO          282    i.Led_Init          led.o
    0x000005b8   0x00000030   Code   RO          144    i.OLED_Clear        oled.o
    0x000005e8   0x0000006c   Code   RO          150    i.OLED_DrawPoint    oled.o
    0x00000654   0x000000f8   Code   RO          151    i.OLED_Init         oled.o
    0x0000074c   0x0000004c   Code   RO          153    i.OLED_Refresh_Gram  oled.o
    0x00000798   0x000000fc   Code   RO          154    i.OLED_ShowChar     oled.o
    0x00000894   0x0000005e   Code   RO          156    i.OLED_ShowString   oled.o
    0x000008f2   0x0000003a   Code   RO          158    i.OLED_WR_Byte      oled.o
    0x0000092c   0x000002b0   Code   RO          780    i.PORT_Init         swm181_port.o
    0x00000bdc   0x0000004c   Code   RO          159    i.Send_Byte         oled.o
    0x00000c28   0x0000001c   Code   RO            3    i.SysTick_Handler   main.o
    0x00000c44   0x000000a0   Code   RO         1635    i.SystemCoreClockUpdate  system_swm181.o
    0x00000ce4   0x000000cc   Code   RO         1636    i.SystemInit        system_swm181.o
    0x00000db0   0x0000001c   Code   RO          555    i.__ARM_common_switch8  swm181_dma.o
    0x00000dcc   0x00000078   Code   RO            4    i.__NVIC_SetPriority  main.o
    0x00000e44   0x0000001a   Code   RO          305    i.delay_ms          delay.o
    0x00000e5e   0x0000001a   Code   RO          306    i.delay_s           delay.o
    0x00000e78   0x0000004c   Code   RO          307    i.delay_us          delay.o
    0x00000ec4   0x000000a4   Code   RO            5    i.main              main.o
    0x00000f68   0x00000028   Code   RO         1637    i.switchToRC12MHz   system_swm181.o
    0x00000f90   0x00000024   Code   RO         1638    i.switchToRC24MHz   system_swm181.o
    0x00000fb4   0x00000028   Code   RO         1639    i.switchToRC32KHz   system_swm181.o
    0x00000fdc   0x00000028   Code   RO         1640    i.switchToRC48MHz   system_swm181.o
    0x00001004   0x00000024   Code   RO         1641    i.switchToRC6MHz    system_swm181.o
    0x00001028   0x00000054   Code   RO         1642    i.switchToXTAL      system_swm181.o
    0x0000107c   0x000017c0   Data   RO          161    .constdata          oled.o
    0x0000283c   0x00000020   Data   RO         2023    Region$$Table       anon$$obj.o


    Execution Region RW_IRAM1 (Base: 0x20000000, Size: 0x00000868, Max: 0x00004000, ABSOLUTE)

    Base Addr    Size         Type   Attr      Idx    E Section Name        Object

    0x20000000   0x00000008   Data   RW         1643    .data               system_swm181.o
    0x20000008   0x00000400   Zero   RW          160    .bss                oled.o
    0x20000408   0x00000060   Zero   RW         1889    .bss                c_p.l(libspace.o)
    0x20000468   0x00000000   Zero   RW         1627    HEAP                startup_swm181.o
    0x20000468   0x00000400   Zero   RW         1626    STACK               startup_swm181.o


==============================================================================

Image component sizes


      Code (inc. data)   RO Data    RW Data    ZI Data      Debug   Object Name

       128         12          0          0          0       1412   delay.o
        64          8          0          0          0        407   led.o
       312         48          0          0          0      92481   main.o
      1056         52       6080          0       1024       7310   oled.o
       112         24        192          0       1024       1872   startup_swm181.o
        28          0          0          0          0         76   swm181_dma.o
       380         12          0          0          0       3510   swm181_gpio.o
       688         10          0          0          0       1652   swm181_port.o
       640         84          0          8          0       3991   system_swm181.o

    ----------------------------------------------------------------------
      3410        250       6304          8       2048     112711   Object Totals
         0          0         32          0          0          0   (incl. Generated)
         2          0          0          0          0          0   (incl. Padding)

    ----------------------------------------------------------------------

      Code (inc. data)   RO Data    RW Data    ZI Data      Debug   Library Member Name

         8          0          0          0          0         68   __main.o
         0          0          0          0          0          0   __rtentry.o
        12          0          0          0          0          0   __rtentry2.o
         6          0          0          0          0          0   __rtentry4.o
        60          8          0          0          0          0   __scatter.o
        26          0          0          0          0          0   __scatter_copy.o
        28          0          0          0          0          0   __scatter_zi.o
       346          0          0          0          0         92   aeabi_sdiv.o
        16          0          0          0          0         68   exit.o
         6          0          0          0          0        136   heapauxi.o
         0          0          0          0          0          0   indicate_semi.o
         2          0          0          0          0          0   libinit.o
         2          0          0          0          0          0   libinit2.o
         2          0          0          0          0          0   libshutdown.o
         2          0          0          0          0          0   libshutdown2.o
         8          4          0          0         96         68   libspace.o
         2          0          0          0          0          0   rtexit.o
        10          0          0          0          0          0   rtexit2.o
        12          4          0          0          0         60   sys_exit.o
        62          0          0          0          0         80   sys_stackheap_outer.o
         2          0          0          0          0         68   use_no_semi.o

    ----------------------------------------------------------------------
       618         16          0          0         96        640   Library Totals
         6          0          0          0          0          0   (incl. Padding)

    ----------------------------------------------------------------------

      Code (inc. data)   RO Data    RW Data    ZI Data      Debug   Library Name

       612         16          0          0         96        640   c_p.l

    ----------------------------------------------------------------------
       618         16          0          0         96        640   Library Totals

    ----------------------------------------------------------------------

==============================================================================


      Code (inc. data)   RO Data    RW Data    ZI Data      Debug   

      4028        266       6304          8       2144     111887   Grand Totals
      4028        266       6304          8       2144     111887   ELF Image Totals
      4028        266       6304          8          0          0   ROM Totals

==============================================================================

    Total RO  Size (Code + RO Data)                10332 (  10.09kB)
    Total RW  Size (RW Data + ZI Data)              2152 (   2.10kB)
    Total ROM Size (Code + RO Data + RW Data)      10340 (  10.10kB)

==============================================================================

